Archive member included to satisfy reference by file (symbol)

c:/devkitPro/libctru/lib\libctru.a(console.o)
                              main.o (consoleInit)
c:/devkitPro/libctru/lib\libctru.a(gfx.o)
                              c:/devkitPro/libctru/lib\libctru.a(console.o) (gfxSetScreenFormat)
c:/devkitPro/libctru/lib\libctru.a(apt.o)
                              main.o (aptMainLoop)
c:/devkitPro/libctru/lib\libctru.a(gsp.o)
                              c:/devkitPro/libctru/lib\libctru.a(gfx.o) (gspInit)
c:/devkitPro/libctru/lib\libctru.a(gx.o)
                              c:/devkitPro/libctru/lib\libctru.a(gfx.o) (gxCmdBuf)
c:/devkitPro/libctru/lib\libctru.a(hid.o)
                              main.o (hidScanInput)
c:/devkitPro/libctru/lib\libctru.a(irrst.o)
                              c:/devkitPro/libctru/lib\libctru.a(hid.o) (irrstExit)
c:/devkitPro/libctru/lib\libctru.a(initArgv.o)
                              c:/devkitpro/devkitarm/bin/../lib/gcc/arm-none-eabi/4.9.2/../../../../arm-none-eabi/lib/armv6k/fpu/3dsx_crt0.o (__system_argc)
c:/devkitPro/libctru/lib\libctru.a(svc.o)
                              c:/devkitPro/libctru/lib\libctru.a(apt.o) (svcCreateThread)
c:/devkitPro/libctru/lib\libctru.a(stack_adjust.o)
                              c:/devkitpro/devkitarm/bin/../lib/gcc/arm-none-eabi/4.9.2/../../../../arm-none-eabi/lib/armv6k/fpu/3dsx_crt0.o (initSystem)
c:/devkitPro/libctru/lib\libctru.a(default_font.bin.o)
                              c:/devkitPro/libctru/lib\libctru.a(console.o) (default_font_bin)
c:/devkitPro/libctru/lib\libctru.a(linear.o)
                              c:/devkitPro/libctru/lib\libctru.a(gfx.o) (linearAlloc)
c:/devkitPro/libctru/lib\libctru.a(mem_pool.o)
                              c:/devkitPro/libctru/lib\libctru.a(linear.o) (MemPool::Allocate(MemChunk&, unsigned long, int))
c:/devkitPro/libctru/lib\libctru.a(vram.o)
                              c:/devkitPro/libctru/lib\libctru.a(gfx.o) (vramAlloc)
c:/devkitPro/libctru/lib\libctru.a(srv.o)
                              c:/devkitPro/libctru/lib\libctru.a(apt.o) (srvGetServiceHandle)
c:/devkitPro/libctru/lib\libctru.a(rbtree_find.o)
                              c:/devkitPro/libctru/lib\libctru.a(linear.o) (rbtree_find)
c:/devkitPro/libctru/lib\libctru.a(rbtree_init.o)
                              c:/devkitPro/libctru/lib\libctru.a(linear.o) (rbtree_init)
c:/devkitPro/libctru/lib\libctru.a(rbtree_insert.o)
                              c:/devkitPro/libctru/lib\libctru.a(linear.o) (rbtree_insert)
c:/devkitPro/libctru/lib\libctru.a(rbtree_remove.o)
                              c:/devkitPro/libctru/lib\libctru.a(linear.o) (rbtree_remove)
c:/devkitPro/libctru/lib\libctru.a(rbtree_rotate.o)
                              c:/devkitPro/libctru/lib\libctru.a(rbtree_insert.o) (rbtree_rotate)
c:/devkitPro/libctru/lib\libctru.a(allocateHeaps.o)
                              c:/devkitPro/libctru/lib\libctru.a(linear.o) (__linear_heap)
c:/devkitPro/libctru/lib\libctru.a(appExit.o)
                              c:/devkitPro/libctru/lib\libctru.a(stack_adjust.o) (__appExit)
c:/devkitPro/libctru/lib\libctru.a(appInit.o)
                              c:/devkitPro/libctru/lib\libctru.a(stack_adjust.o) (__appInit)
c:/devkitPro/libctru/lib\libctru.a(ctru_exit.o)
                              c:/devkitPro/libctru/lib\libctru.a(stack_adjust.o) (__libctru_exit)
c:/devkitPro/libctru/lib\libctru.a(initSystem.o)
                              c:/devkitPro/libctru/lib\libctru.a(stack_adjust.o) (__libctru_init)
c:/devkitPro/libctru/lib\libctru.a(os.o)
                              c:/devkitPro/libctru/lib\libctru.a(initSystem.o) (__libctru_gtod)
c:/devkitPro/libctru/lib\libctru.a(sdmc_dev.o)
                              c:/devkitPro/libctru/lib\libctru.a(appInit.o) (sdmcInit)
c:/devkitPro/libctru/lib\libctru.a(fs.o)
                              c:/devkitPro/libctru/lib\libctru.a(appExit.o) (fsExit)
c:/devkitPro/libctru/lib\libctru.a(rbtree_iterator.o)
                              c:/devkitPro/libctru/lib\libctru.a(rbtree_remove.o) (rbtree_node_next)
c:/devkitPro/libctru/lib\libctru.a(decode_utf8.o)
                              c:/devkitPro/libctru/lib\libctru.a(sdmc_dev.o) (decode_utf8)
c:/devkitPro/libctru/lib\libctru.a(utf16_to_utf8.o)
                              c:/devkitPro/libctru/lib\libctru.a(sdmc_dev.o) (utf16_to_utf8)
c:/devkitPro/libctru/lib\libctru.a(utf8_to_utf16.o)
                              c:/devkitPro/libctru/lib\libctru.a(sdmc_dev.o) (utf8_to_utf16)
c:/devkitPro/libctru/lib\libctru.a(decode_utf16.o)
                              c:/devkitPro/libctru/lib\libctru.a(utf16_to_utf8.o) (decode_utf16)
c:/devkitPro/libctru/lib\libctru.a(encode_utf16.o)
                              c:/devkitPro/libctru/lib\libctru.a(utf8_to_utf16.o) (encode_utf16)
c:/devkitPro/libctru/lib\libctru.a(encode_utf8.o)
                              c:/devkitPro/libctru/lib\libctru.a(utf16_to_utf8.o) (encode_utf8)
[...]
Memory Configuration

Name             Origin             Length             Attributes
*default*        0x00000000         0xffffffff

Linker script and memory map

                0x00100000                . = 0x100000
                0x00100000                __start__ = .

.text           0x00100000    0x2b32c
 *(.crt0)
 .crt0          0x00100000       0x94 c:/devkitpro/devkitarm/bin/../lib/gcc/arm-none-eabi/4.9.2/../../../../arm-none-eabi/lib/armv6k/fpu/3dsx_crt0.o
                0x00100000                _start
                0x00100008                __service_ptr
                0x0010000c                __apt_appid
                0x00100010                __heap_size
                0x00100014                __linear_heap_size
                0x00100018                __system_arglist
                0x0010001c                __system_runflags
 *(.init)
 .init          0x00100094        0xc c:/devkitpro/devkitarm/bin/../lib/gcc/arm-none-eabi/4.9.2/armv6k/fpu/crti.o
                0x00100094                _init
 .init          0x001000a0        0xc c:/devkitpro/devkitarm/bin/../lib/gcc/arm-none-eabi/4.9.2/armv6k/fpu/crtn.o
                0x001000ac                . = ALIGN (0x4)
 *(.text)
 .text          0x001000ac        0x0 c:/devkitpro/devkitarm/bin/../lib/gcc/arm-none-eabi/4.9.2/../../../../arm-none-eabi/lib/armv6k/fpu/3dsx_crt0.o
 .text          0x001000ac        0x0 c:/devkitpro/devkitarm/bin/../lib/gcc/arm-none-eabi/4.9.2/armv6k/fpu/crti.o
 .text          0x001000ac      0x108 c:/devkitpro/devkitarm/bin/../lib/gcc/arm-none-eabi/4.9.2/armv6k/fpu/crtbegin.o
 .text          0x001001b4      0x660 graphic_tools.o
                0x001001d8                paint_pixel
                0x00100200                paint_rect
                0x001002b8                paint_rect_c
                0x00100374                draw_line
                0x0010050c                draw_char
                0x001005cc                draw_string
                0x00100638                draw_char_size
                0x00100794                draw_string_size
 .text          0x00100814      0x188 main.o
                0x00100814                resetGame
                0x00100934                getFreeBulletIndex
                0x00100968                getFreeBasicEnemyIndex
 .text          0x0010099c       0xb4 tool_tools.o
                0x0010099c                reverse
                0x001009e4                itoa
 .text          0x00100a50     0x1074 c:/devkitPro/libctru/lib\libctru.a(console.o)
                0x00100a50                debug_write
                0x00100a6c                consoleGetDefault
                0x00100a78                consoleDebugInit
                0x00100afc                consoleSelect
                0x00100b14                consoleSetFont
                0x00100b30                consoleDrawChar
                0x00100cdc                consolePrintChar
                0x00100f88                consoleInit
                0x0010127c                con_write
                0x00101a80                consoleClear
                0x00101a8c                consoleSetWindow
 .text          0x00101ac4      0x72c c:/devkitPro/libctru/lib\libctru.a(gfx.o)
                0x00101b50                gfxSet3D
                0x00101b60                gfxSetScreenFormat
                0x00101b78                gfxGetScreenFormat
                0x00101b90                gfxSetDoubleBuffering
                0x00101ba4                gfxSetFramebufferInfo
                0x00101c14                gfxWriteFramebufferInfo
                0x00101cd8                gfxInit
                0x00101eb8                gfxInitDefault
                0x00101ec8                gfxExit
                0x00101f94                gfxGetFramebuffer
                0x00102044                gfxFlushBuffers
                0x00102120                gfxSwapBuffers
                0x00102194                gfxSwapBuffersGpu
 .text          0x001021f0     0x18fc c:/devkitPro/libctru/lib\libctru.a(apt.o)
                0x00102254                aptInitCaptureInfo
                0x00102308                aptWaitStatusEvent
                0x00102330                aptGetStatus
                0x00102368                aptSetStatus
                0x001023cc                aptGetStatusPower
                0x00102404                aptSetStatusPower
                0x0010243c                aptOpenSession
                0x00102460                aptCloseSession
                0x00102488                aptSignalReadyForSleep
                0x00102498                APT_GetLockHandle
                0x001024e8                APT_Initialize
                0x00102550                APT_HardwareResetAsync
                0x00102584                APT_Enable
                0x001025c0                APT_GetAppletManInfo
                0x00102640                aptGetMenuAppID
                0x0010267c                APT_IsRegistered
                0x001026cc                APT_InquireNotification
                0x0010271c                APT_PrepareToJumpToHomeMenu
                0x00102750                APT_JumpToHomeMenu
                0x001027a0                APT_NotifyToWait
                0x001027dc                APT_AppletUtility
                0x00102864                aptAppletUtility_Exit_RetToApp
                0x00102984                aptAppletClosed
                0x00102aa4                aptInit
                0x00102bf8                APT_GlanceParameter
                0x00102c6c                APT_ReceiveParameter
                0x00102ce0                APT_SendParameter
                0x00102d50                APT_SendCaptureBufferInfo
                0x00102d9c                aptReturnToMenu
                0x00102f5c                APT_ReplySleepQuery
                0x00102f9c                APT_ReplySleepNotificationComplete
                0x00102fd8                aptEventHandler
                0x001032a4                APT_PrepareToCloseApplication
                0x001032e0                APT_CloseApplication
                0x00103338                aptExit
                0x00103418                APT_SetAppCpuTimeLimit
                0x0010345c                APT_GetAppCpuTimeLimit
                0x001034b0                APT_CheckNew3DS_Application
                0x00103500                APT_CheckNew3DS_System
                0x00103550                APT_CheckNew3DS
                0x001035cc                APT_PrepareToDoAppJump
                0x00103618                APT_DoAppJump
                0x00103680                APT_PrepareToStartLibraryApplet
                0x001036bc                APT_StartLibraryApplet
                0x0010371c                aptAppletStarted
                0x00103820                aptMainLoop
                0x00103898                APT_LaunchLibraryApplet
                0x00103a50                APT_PrepareToStartSystemApplet
                0x00103a8c                APT_StartSystemApplet
 .text          0x00103aec      0x8c8 c:/devkitPro/libctru/lib\libctru.a(gsp.o)
                0x00103bf8                gspInit
                0x00103c0c                gspExit
                0x00103c24                gspInitEventHandler
                0x00103cf0                gspExitEventHandler
                0x00103d48                gspWaitForEvent
                0x00103da0                GSPGPU_WriteHWRegs
                0x00103e10                GSPGPU_WriteHWRegsWithMask
                0x00103e9c                GSPGPU_ReadHWRegs
                0x00103f0c                GSPGPU_SetBufferSwap
                0x00103f80                GSPGPU_FlushDataCache
                0x00103fd4                GSPGPU_InvalidateDataCache
                0x00104028                GSPGPU_SetLcdForceBlack
                0x00104064                GSPGPU_TriggerCmdReqQueue
                0x00104098                GSPGPU_RegisterInterruptRelayQueue
                0x00104104                GSPGPU_UnregisterInterruptRelayQueue
                0x00104138                GSPGPU_AcquireRight
                0x00104188                GSPGPU_ReleaseRight
                0x001041bc                GSPGPU_ImportDisplayCaptureInfo
                0x00104240                GSPGPU_SaveVramSysArea
                0x00104274                GSPGPU_RestoreVramSysArea
                0x001042a8                GSPGPU_SubmitGxCommand
 .text          0x001043b4      0x264 c:/devkitPro/libctru/lib\libctru.a(gx.o)
                0x001043b4                GX_RequestDma
                0x00104408                GX_SetCommandList_Last
                0x00104470                GX_SetMemoryFill
                0x001044e4                GX_SetDisplayTransfer
                0x00104548                GX_SetTextureCopy
                0x001045b0                GX_SetCommandList_First
 .text          0x00104618      0x6e0 c:/devkitPro/libctru/lib\libctru.a(hid.o)
                0x00104618                hidExit
                0x001046bc                hidWaitForEvent
                0x00104714                hidCheckSectionUpdateTime
                0x00104750                hidScanInput
                0x00104984                hidKeysHeld
                0x00104994                hidKeysDown
                0x001049a4                hidKeysUp
                0x001049b4                hidTouchRead
                0x001049cc                hidCircleRead
                0x001049e4                hidAccelRead
                0x00104a04                hidGyroRead
                0x00104a24                HIDUSER_GetHandles
                0x00104ab4                hidInit
                0x00104bd4                HIDUSER_EnableAccelerometer
                0x00104c00                HIDUSER_DisableAccelerometer
                0x00104c2c                HIDUSER_EnableGyroscope
                0x00104c58                HIDUSER_DisableGyroscope
                0x00104c84                HIDUSER_GetGyroscopeRawToDpsCoefficient
                0x00104cc0                HIDUSER_GetSoundVolume
 .text          0x00104cf8      0x350 c:/devkitPro/libctru/lib\libctru.a(irrst.o)
                0x00104cf8                irrstExit
                0x00104d60                irrstWaitForEvent
                0x00104dac                irrstCheckSectionUpdateTime
                0x00104de8                irrstScanInput
                0x00104e9c                irrstKeysHeld
                0x00104eb4                irrstCstickRead
                0x00104ecc                IRRST_GetHandles
                0x00104f1c                irrstInit
                0x00104fe4                IRRST_Initialize
                0x0010501c                IRRST_Shutdown
 .text          0x00105048       0xf4 c:/devkitPro/libctru/lib\libctru.a(initArgv.o)
                0x00105048                __system_initArgv
 *fill*         0x0010513c        0x4 
 .text          0x00105140      0x320 c:/devkitPro/libctru/lib\libctru.a(svc.o)
                0x00105140                svcControlMemory
                0x00105160                svcQueryMemory
                0x00105190                svcExitProcess
                0x00105198                svcCreateThread
                0x001051b8                svcExitThread
                0x001051c0                svcSleepThread
                0x001051c8                svcSetThreadPriority
                0x001051d0                svcCreateMutex
                0x001051e4                svcReleaseMutex
                0x001051ec                svcCreateEvent
                0x00105200                svcSignalEvent
                0x00105208                svcClearEvent
                0x00105210                svcCreateTimer
                0x00105224                svcSetTimer
                0x0010522c                svcCancelTimer
                0x00105234                svcClearTimer
                0x0010523c                svcCreateMemoryBlock
                0x00105254                svcMapMemoryBlock
                0x0010525c                svcUnmapMemoryBlock
                0x00105264                svcCreateAddressArbiter
                0x0010526c                svcArbitrateAddress
                0x0010528c                svcCloseHandle
                0x00105294                svcWaitSynchronization
                0x0010529c                svcWaitSynchronizationN
                0x001052c4                svcDuplicateHandle
                0x001052d8                svcGetSystemTick
                0x001052e0                svcGetSystemInfo
                0x00105300                svcGetProcessInfo
                0x0010531c                svcConnectToPort
                0x00105330                svcSendSyncRequest
                0x00105338                svcOpenProcess
                0x0010534c                svcGetProcessId
                0x00105360                svcOutputDebugString
                0x00105368                svcCreateSemaphore
                0x0010537c                svcReleaseSemaphore
                0x00105390                svcGetThreadId
                0x001053a4                svcCreatePort
                0x001053c4                svcDebugActiveProcess
                0x001053d8                svcBreakDebugProcess
                0x001053e0                svcTerminateDebugProcess
                0x001053e8                svcGetProcessDebugEvent
                0x001053f0                svcContinueDebugEvent
                0x001053f8                svcGetProcessList
                0x00105418                svcReadProcessMemory
                0x00105420                svcMapProcessMemory
                0x00105428                svcUnmapProcessMemory
                0x00105430                svcQueryProcessMemory
                0x00105454                svcGetProcessorID
 .text          0x00105460       0x64 c:/devkitPro/libctru/lib\libctru.a(stack_adjust.o)
                0x00105460                initSystem
                0x001054a4                __ctru_exit
 .text          0x001054c4        0x0 c:/devkitPro/libctru/lib\libctru.a(default_font.bin.o)
 .text          0x001054c4      0x1d4 c:/devkitPro/libctru/lib\libctru.a(linear.o)
                0x001054ec                linearMemAlign
                0x0010562c                linearAlloc
                0x00105634                linearRealloc
                0x0010563c                linearFree
                0x0010568c                linearSpaceFree
 .text          0x00105698      0x318 c:/devkitPro/libctru/lib\libctru.a(mem_pool.o)
                0x00105698                MemPool::CoalesceRight(MemBlock*)
                0x00105738                MemPool::Allocate(MemChunk&, unsigned long, int)
                0x0010587c                MemPool::Deallocate(MemChunk const&)
                0x00105980                MemPool::GetFreeSpace()
 .text          0x001059b0      0x1c4 c:/devkitPro/libctru/lib\libctru.a(vram.o)
                0x001059d8                vramMemAlign
                0x00105b08                vramAlloc
                0x00105b10                vramRealloc
                0x00105b18                vramFree
                0x00105b68                vramSpaceFree
 .text          0x00105b74      0x304 c:/devkitPro/libctru/lib\libctru.a(srv.o)
                0x00105b74                __get_handle_from_list
                0x00105c0c                __destroy_handle_list
                0x00105c60                srvExit
                0x00105c88                srvRegisterClient
                0x00105cc0                srvInit
                0x00105d28                srvGetServiceHandle
                0x00105da8                srvPmInit
                0x00105dfc                srvRegisterProcess
                0x00105e44                srvUnregisterProcess
 .text          0x00105e78       0x70 c:/devkitPro/libctru/lib\libctru.a(rbtree_find.o)
                0x00105e78                rbtree_find
 .text          0x00105ee8       0x14 c:/devkitPro/libctru/lib\libctru.a(rbtree_init.o)
                0x00105ee8                rbtree_init
 .text          0x00105efc      0x1f4 c:/devkitPro/libctru/lib\libctru.a(rbtree_insert.o)
                0x001060e0                rbtree_insert
                0x001060e8                rbtree_insert_multi
 .text          0x001060f0      0x340 c:/devkitPro/libctru/lib\libctru.a(rbtree_remove.o)
                0x001060f0                rbtree_remove
 .text          0x00106430       0xac c:/devkitPro/libctru/lib\libctru.a(rbtree_rotate.o)
                0x00106430                rbtree_rotate
 .text          0x001064dc       0xa4 c:/devkitPro/libctru/lib\libctru.a(allocateHeaps.o)
                0x001064dc                __system_allocateHeaps
 .text          0x00106580       0x1c c:/devkitPro/libctru/lib\libctru.a(appExit.o)
                0x00106580                __appExit
 .text          0x0010659c       0x20 c:/devkitPro/libctru/lib\libctru.a(appInit.o)
                0x0010659c                __appInit
 .text          0x001065bc       0x90 c:/devkitPro/libctru/lib\libctru.a(ctru_exit.o)
                0x001065bc                __libctru_exit
 .text          0x0010664c       0x4c c:/devkitPro/libctru/lib\libctru.a(initSystem.o)
                0x0010664c                __libctru_init
 .text          0x00106698      0x278 c:/devkitPro/libctru/lib\libctru.a(os.o)
                0x001066f0                osConvertVirtToPhys
                0x0010673c                osConvertOldLINEARMemToNew
                0x0010675c                __libctru_gtod
                0x00106854                osGetTime
                0x001068c8                osGetFirmVersion
                0x001068dc                osGetKernelVersion
                0x001068f0                osStrError
 .text          0x00106910      0xffc c:/devkitPro/libctru/lib\libctru.a(sdmc_dev.o)
                0x0010778c                sdmcInit
                0x001078bc                sdmcExit
 .text          0x0010790c      0xbfc c:/devkitPro/libctru/lib\libctru.a(fs.o)
                0x0010790c                FS_makePath
                0x00107938                fsExit
                0x0010795c                FSUSER_Initialize
                0x001079d0                fsInit
                0x00107a3c                FSUSER_OpenFile
                0x00107ae8                FSUSER_OpenFileDirectly
                0x00107bb4                FSUSER_DeleteFile
                0x00107c3c                FSUSER_RenameFile
                0x00107d00                FSUSER_DeleteDirectory
                0x00107d88                FSUSER_DeleteDirectoryRecursively
                0x00107d90                FSUSER_CreateFile
                0x00107e28                FSUSER_CreateDirectory
                0x00107eb4                FSUSER_RenameDirectory
                0x00107f78                FSUSER_OpenDirectory
                0x0010800c                FSUSER_OpenArchive
                0x00108094                FSUSER_CloseArchive
                0x001080ec                FSUSER_GetSdmcArchiveResource
                0x00108168                FSUSER_GetNandArchiveResource
                0x001081e4                FSUSER_IsSdmcDetected
                0x00108230                FSUSER_IsSdmcWritable
                0x0010827c                FSFILE_Close
                0x001082c0                FSFILE_Read
                0x0010831c                FSFILE_Write
                0x00108380                FSFILE_GetSize
                0x001083c0                FSFILE_SetSize
                0x001083ec                FSFILE_GetAttributes
                0x00108424                FSFILE_SetAttributes
                0x0010844c                FSFILE_Flush
                0x00108470                FSDIR_Read
                0x001084c4                FSDIR_Close
 .text          0x00108508      0x118 c:/devkitPro/libctru/lib\libctru.a(rbtree_iterator.o)
                0x00108508                rbtree_node_next
                0x00108594                rbtree_node_prev
 .text          0x00108620      0x138 c:/devkitPro/libctru/lib\libctru.a(decode_utf8.o)
                0x00108620                decode_utf8
 .text          0x00108758       0xe8 c:/devkitPro/libctru/lib\libctru.a(utf16_to_utf8.o)
                0x00108758                utf16_to_utf8
 .text          0x00108840       0xb8 c:/devkitPro/libctru/lib\libctru.a(utf8_to_utf16.o)
                0x00108840                utf8_to_utf16
 .text          0x001088f8       0x60 c:/devkitPro/libctru/lib\libctru.a(decode_utf16.o)
                0x001088f8                decode_utf16
 .text          0x00108958       0x68 c:/devkitPro/libctru/lib\libctru.a(encode_utf16.o)
                0x00108958                encode_utf16
 .text          0x001089c0      0x104 c:/devkitPro/libctru/lib\libctru.a(encode_utf8.o)
                0x001089c0                encode_utf8
 .text          0x00108ac4      0x240 c:/devkitpro/devkitarm/bin/../lib/gcc/arm-none-eabi/4.9.2/armv6k/fpu\libgcc.a(_divsi3.o)
                0x00108ac4                __divsi3
                0x00108ac4                __aeabi_idiv
                0x00108ce4                __aeabi_idivmod
 .text          0x00108d04        0x4 c:/devkitpro/devkitarm/bin/../lib/gcc/arm-none-eabi/4.9.2/armv6k/fpu\libgcc.a(_dvmd_tls.o)
                0x00108d04                __aeabi_idiv0
                0x00108d04                __aeabi_ldiv0
 .text          0x00108d08        0x0 c:/devkitpro/devkitarm/bin/../lib/gcc/arm-none-eabi/4.9.2/../../../../arm-none-eabi/lib/armv6k/fpu\libg.a(lib_a-bsearch.o)
 .text          0x00108d08        0x0 c:/devkitpro/devkitarm/bin/../lib/gcc/arm-none-eabi/4.9.2/../../../../arm-none-eabi/lib/armv6k/fpu\libg.a(lib_a-fini.o)
 .text          0x00108d08        0x0 c:/devkitpro/devkitarm/bin/../lib/gcc/arm-none-eabi/4.9.2/../../../../arm-none-eabi/lib/armv6k/fpu\libg.a(lib_a-init.o)
 .text          0x00108d08        0x0 c:/devkitpro/devkitarm/bin/../lib/gcc/arm-none-eabi/4.9.2/../../../../arm-none-eabi/lib/armv6k/fpu\libg.a(lib_a-iprintf.o)
 .text          0x00108d08        0x0 c:/devkitpro/devkitarm/bin/../lib/gcc/arm-none-eabi/4.9.2/../../../../arm-none-eabi/lib/armv6k/fpu\libg.a(lib_a-malloc.o)
 .text          0x00108d08        0x0 c:/devkitpro/devkitarm/bin/../lib/gcc/arm-none-eabi/4.9.2/../../../../arm-none-eabi/lib/armv6k/fpu\libg.a(lib_a-mallocr.o)
 .text          0x00108d08        0x0 c:/devkitpro/devkitarm/bin/../lib/gcc/arm-none-eabi/4.9.2/../../../../arm-none-eabi/lib/armv6k/fpu\libg.a(lib_a-memcpy.o)
 .text          0x00108d08        0x0 c:/devkitpro/devkitarm/bin/../lib/gcc/arm-none-eabi/4.9.2/../../../../arm-none-eabi/lib/armv6k/fpu\libg.a(lib_a-memset.o)
 .text          0x00108d08        0x0 c:/devkitpro/devkitarm/bin/../lib/gcc/arm-none-eabi/4.9.2/../../../../arm-none-eabi/lib/armv6k/fpu\libg.a(lib_a-mlock.o)
 .text          0x00108d08        0x0 c:/devkitpro/devkitarm/bin/../lib/gcc/arm-none-eabi/4.9.2/../../../../arm-none-eabi/lib/armv6k/fpu\libg.a(lib_a-printf.o)
 .text          0x00108d08        0x0 c:/devkitpro/devkitarm/bin/../lib/gcc/arm-none-eabi/4.9.2/../../../../arm-none-eabi/lib/armv6k/fpu\libg.a(lib_a-rand.o)
 .text          0x00108d08        0x0 c:/devkitpro/devkitarm/bin/../lib/gcc/arm-none-eabi/4.9.2/../../../../arm-none-eabi/lib/armv6k/fpu\libg.a(lib_a-setvbuf.o)
 .text          0x00108d08        0x0 c:/devkitpro/devkitarm/bin/../lib/gcc/arm-none-eabi/4.9.2/../../../../arm-none-eabi/lib/armv6k/fpu\libg.a(lib_a-sscanf.o)
 .text          0x00108d08        0x0 c:/devkitpro/devkitarm/bin/../lib/gcc/arm-none-eabi/4.9.2/../../../../arm-none-eabi/lib/armv6k/fpu\libg.a(lib_a-stdio.o)
 .text          0x00108d08        0x0 c:/devkitpro/devkitarm/bin/../lib/gcc/arm-none-eabi/4.9.2/../../../../arm-none-eabi/lib/armv6k/fpu\libg.a(lib_a-strchr.o)
 .text          0x00108d08        0x0 c:/devkitpro/devkitarm/bin/../lib/gcc/arm-none-eabi/4.9.2/../../../../arm-none-eabi/lib/armv6k/fpu\libg.a(lib_a-strcpy.o)
 .text          0x00108d08        0x0 c:/devkitpro/devkitarm/bin/../lib/gcc/arm-none-eabi/4.9.2/../../../../arm-none-eabi/lib/armv6k/fpu\libg.a(lib_a-strlen.o)
 .text          0x00108d08        0x0 c:/devkitpro/devkitarm/bin/../lib/gcc/arm-none-eabi/4.9.2/../../../../arm-none-eabi/lib/armv6k/fpu\libg.a(lib_a-strncat.o)
 .text          0x00108d08        0x0 c:/devkitpro/devkitarm/bin/../lib/gcc/arm-none-eabi/4.9.2/../../../../arm-none-eabi/lib/armv6k/fpu\libg.a(lib_a-strncpy.o)
 .text          0x00108d08        0x0 c:/devkitpro/devkitarm/bin/../lib/gcc/arm-none-eabi/4.9.2/../../../../arm-none-eabi/lib/armv6k/fpu\libg.a(lib_a-svfscanf.o)
 .text          0x00108d08        0x0 c:/devkitpro/devkitarm/bin/../lib/gcc/arm-none-eabi/4.9.2/../../../../arm-none-eabi/lib/armv6k/fpu\libg.a(lib_a-vfiprintf.o)
 .text          0x00108d08        0x0 c:/devkitpro/devkitarm/bin/../lib/gcc/arm-none-eabi/4.9.2/../../../../arm-none-eabi/lib/armv6k/fpu\libg.a(lib_a-vfprintf.o)
 .text          0x00108d08        0x0 c:/devkitpro/devkitarm/bin/../lib/gcc/arm-none-eabi/4.9.2/../../../../arm-none-eabi/lib/armv6k/fpu\libg.a(lib_a-wcrtomb.o)
 .text          0x00108d08        0x0 c:/devkitpro/devkitarm/bin/../lib/gcc/arm-none-eabi/4.9.2/../../../../arm-none-eabi/lib/armv6k/fpu\libg.a(lib_a-wcsrtombs.o)
 .text          0x00108d08        0x0 c:/devkitpro/devkitarm/bin/../lib/gcc/arm-none-eabi/4.9.2/../../../../arm-none-eabi/lib/armv6k/fpu\libg.a(lib_a-wctomb_r.o)
 .text          0x00108d08        0x0 c:/devkitpro/devkitarm/bin/../lib/gcc/arm-none-eabi/4.9.2/../../../../arm-none-eabi/lib/armv6k/fpu\libg.a(lib_a-wsetup.o)
 .text          0x00108d08        0x0 c:/devkitpro/devkitarm/bin/../lib/gcc/arm-none-eabi/4.9.2/../../../../arm-none-eabi/lib/armv6k/fpu\libg.a(lib_a-ctype_.o)
 .text          0x00108d08        0x0 c:/devkitpro/devkitarm/bin/../lib/gcc/arm-none-eabi/4.9.2/../../../../arm-none-eabi/lib/armv6k/fpu\libg.a(lib_a-dtoa.o)
 .text          0x00108d08        0x0 c:/devkitpro/devkitarm/bin/../lib/gcc/arm-none-eabi/4.9.2/../../../../arm-none-eabi/lib/armv6k/fpu\libg.a(lib_a-fflush.o)
 .text          0x00108d08        0x0 c:/devkitpro/devkitarm/bin/../lib/gcc/arm-none-eabi/4.9.2/../../../../arm-none-eabi/lib/armv6k/fpu\libg.a(lib_a-findfp.o)
 .text          0x00108d08        0x0 c:/devkitpro/devkitarm/bin/../lib/gcc/arm-none-eabi/4.9.2/../../../../arm-none-eabi/lib/armv6k/fpu\libg.a(lib_a-fputwc.o)
 .text          0x00108d08        0x0 c:/devkitpro/devkitarm/bin/../lib/gcc/arm-none-eabi/4.9.2/../../../../arm-none-eabi/lib/armv6k/fpu\libg.a(lib_a-freer.o)
 .text          0x00108d08        0x0 c:/devkitpro/devkitarm/bin/../lib/gcc/arm-none-eabi/4.9.2/../../../../arm-none-eabi/lib/armv6k/fpu\libg.a(lib_a-fvwrite.o)
 .text          0x00108d08        0x0 c:/devkitpro/devkitarm/bin/../lib/gcc/arm-none-eabi/4.9.2/../../../../arm-none-eabi/lib/armv6k/fpu\libg.a(lib_a-fwalk.o)
 .text          0x00108d08        0x0 c:/devkitpro/devkitarm/bin/../lib/gcc/arm-none-eabi/4.9.2/../../../../arm-none-eabi/lib/armv6k/fpu\libg.a(lib_a-impure.o)
 .text          0x00108d08        0x0 c:/devkitpro/devkitarm/bin/../lib/gcc/arm-none-eabi/4.9.2/../../../../arm-none-eabi/lib/armv6k/fpu\libg.a(lib_a-iswspace.o)
 .text          0x00108d08        0x0 c:/devkitpro/devkitarm/bin/../lib/gcc/arm-none-eabi/4.9.2/../../../../arm-none-eabi/lib/armv6k/fpu\libg.a(lib_a-jp2uc.o)
 .text          0x00108d08        0x0 c:/devkitpro/devkitarm/bin/../lib/gcc/arm-none-eabi/4.9.2/../../../../arm-none-eabi/lib/armv6k/fpu\libg.a(lib_a-locale.o)
 .text          0x00108d08        0x0 c:/devkitpro/devkitarm/bin/../lib/gcc/arm-none-eabi/4.9.2/../../../../arm-none-eabi/lib/armv6k/fpu\libg.a(lib_a-makebuf.o)
 .text          0x00108d08        0x0 c:/devkitpro/devkitarm/bin/../lib/gcc/arm-none-eabi/4.9.2/../../../../arm-none-eabi/lib/armv6k/fpu\libg.a(lib_a-mbrtowc.o)
 .text          0x00108d08        0x0 c:/devkitpro/devkitarm/bin/../lib/gcc/arm-none-eabi/4.9.2/../../../../arm-none-eabi/lib/armv6k/fpu\libg.a(lib_a-mbtowc_r.o)
 .text          0x00108d08        0x0 c:/devkitpro/devkitarm/bin/../lib/gcc/arm-none-eabi/4.9.2/../../../../arm-none-eabi/lib/armv6k/fpu\libg.a(lib_a-memchr.o)
 .text          0x00108d08        0x0 c:/devkitpro/devkitarm/bin/../lib/gcc/arm-none-eabi/4.9.2/../../../../arm-none-eabi/lib/armv6k/fpu\libg.a(lib_a-memmove.o)
 .text          0x00108d08        0x0 c:/devkitpro/devkitarm/bin/../lib/gcc/arm-none-eabi/4.9.2/../../../../arm-none-eabi/lib/armv6k/fpu\libg.a(lib_a-mprec.o)
 .text          0x00108d08        0x0 c:/devkitpro/devkitarm/bin/../lib/gcc/arm-none-eabi/4.9.2/../../../../arm-none-eabi/lib/armv6k/fpu\libg.a(lib_a-reallocr.o)
 .text          0x00108d08        0x0 c:/devkitpro/devkitarm/bin/../lib/gcc/arm-none-eabi/4.9.2/../../../../arm-none-eabi/lib/armv6k/fpu\libg.a(lib_a-sccl.o)
 .text          0x00108d08        0x0 c:/devkitpro/devkitarm/bin/../lib/gcc/arm-none-eabi/4.9.2/../../../../arm-none-eabi/lib/armv6k/fpu\libg.a(lib_a-sf_nan.o)
 .text          0x00108d08        0x0 c:/devkitpro/devkitarm/bin/../lib/gcc/arm-none-eabi/4.9.2/../../../../arm-none-eabi/lib/armv6k/fpu\libg.a(lib_a-s_fpclassify.o)
 .text          0x00108d08        0x0 c:/devkitpro/devkitarm/bin/../lib/gcc/arm-none-eabi/4.9.2/../../../../arm-none-eabi/lib/armv6k/fpu\libg.a(lib_a-s_frexp.o)
 .text          0x00108d08        0x0 c:/devkitpro/devkitarm/bin/../lib/gcc/arm-none-eabi/4.9.2/../../../../arm-none-eabi/lib/armv6k/fpu\libg.a(lib_a-sprintf.o)
 .text          0x00108d08        0x0 c:/devkitpro/devkitarm/bin/../lib/gcc/arm-none-eabi/4.9.2/../../../../arm-none-eabi/lib/armv6k/fpu\libg.a(lib_a-stpncpy.o)
 .text          0x00108d08        0x0 c:/devkitpro/devkitarm/bin/../lib/gcc/arm-none-eabi/4.9.2/../../../../arm-none-eabi/lib/armv6k/fpu\libg.a(lib_a-strcasecmp.o)
 .text          0x00108d08        0x0 c:/devkitpro/devkitarm/bin/../lib/gcc/arm-none-eabi/4.9.2/../../../../arm-none-eabi/lib/armv6k/fpu\libg.a(lib_a-strcat.o)
 *fill*         0x00108d08       0x18 
 .text          0x00108d20      0x3a0 c:/devkitpro/devkitarm/bin/../lib/gcc/arm-none-eabi/4.9.2/../../../../arm-none-eabi/lib/armv6k/fpu\libg.a(lib_a-strcmp.o)
                0x00108d28                strcmp
 .text          0x001090c0        0x0 c:/devkitpro/devkitarm/bin/../lib/gcc/arm-none-eabi/4.9.2/../../../../arm-none-eabi/lib/armv6k/fpu\libg.a(lib_a-strlcpy.o)
 .text          0x001090c0        0x0 c:/devkitpro/devkitarm/bin/../lib/gcc/arm-none-eabi/4.9.2/../../../../arm-none-eabi/lib/armv6k/fpu\libg.a(lib_a-strncasecmp.o)
 .text          0x001090c0        0x0 c:/devkitpro/devkitarm/bin/../lib/gcc/arm-none-eabi/4.9.2/../../../../arm-none-eabi/lib/armv6k/fpu\libg.a(lib_a-strncmp.o)
 .text          0x001090c0        0x0 c:/devkitpro/devkitarm/bin/../lib/gcc/arm-none-eabi/4.9.2/../../../../arm-none-eabi/lib/armv6k/fpu\libg.a(lib_a-strtod.o)
 .text          0x001090c0        0x0 c:/devkitpro/devkitarm/bin/../lib/gcc/arm-none-eabi/4.9.2/../../../../arm-none-eabi/lib/armv6k/fpu\libg.a(lib_a-strtoll_r.o)
 .text          0x001090c0        0x0 c:/devkitpro/devkitarm/bin/../lib/gcc/arm-none-eabi/4.9.2/../../../../arm-none-eabi/lib/armv6k/fpu\libg.a(lib_a-strtol.o)
 .text          0x001090c0        0x0 c:/devkitpro/devkitarm/bin/../lib/gcc/arm-none-eabi/4.9.2/../../../../arm-none-eabi/lib/armv6k/fpu\libg.a(lib_a-strtoull_r.o)
 .text          0x001090c0        0x0 c:/devkitpro/devkitarm/bin/../lib/gcc/arm-none-eabi/4.9.2/../../../../arm-none-eabi/lib/armv6k/fpu\libg.a(lib_a-strtoul.o)
 .text          0x001090c0        0x0 c:/devkitpro/devkitarm/bin/../lib/gcc/arm-none-eabi/4.9.2/../../../../arm-none-eabi/lib/armv6k/fpu\libg.a(lib_a-svfiprintf.o)
 .text          0x001090c0        0x0 c:/devkitpro/devkitarm/bin/../lib/gcc/arm-none-eabi/4.9.2/../../../../arm-none-eabi/lib/armv6k/fpu\libg.a(lib_a-svfiscanf.o)
 .text          0x001090c0        0x0 c:/devkitpro/devkitarm/bin/../lib/gcc/arm-none-eabi/4.9.2/../../../../arm-none-eabi/lib/armv6k/fpu\libg.a(lib_a-svfprintf.o)
 .text          0x001090c0        0x0 c:/devkitpro/devkitarm/bin/../lib/gcc/arm-none-eabi/4.9.2/../../../../arm-none-eabi/lib/armv6k/fpu\libg.a(lib_a-ungetc.o)
 .text          0x001090c0        0x0 c:/devkitpro/devkitarm/bin/../lib/gcc/arm-none-eabi/4.9.2/../../../../arm-none-eabi/lib/armv6k/fpu\libg.a(lib_a-wbuf.o)
 .text          0x001090c0        0x0 c:/devkitpro/devkitarm/bin/../lib/gcc/arm-none-eabi/4.9.2/../../../../arm-none-eabi/lib/armv6k/fpu\libg.a(lib_a-wcsnrtombs.o)
 .text          0x001090c0        0x0 c:/devkitpro/devkitarm/bin/../lib/gcc/arm-none-eabi/4.9.2/../../../../arm-none-eabi/lib/armv6k/fpu\libg.a(lib_a-callocr.o)
 .text          0x001090c0        0x0 c:/devkitpro/devkitarm/bin/../lib/gcc/arm-none-eabi/4.9.2/../../../../arm-none-eabi/lib/armv6k/fpu\libg.a(lib_a-fclose.o)
 .text          0x001090c0        0x0 c:/devkitpro/devkitarm/bin/../lib/gcc/arm-none-eabi/4.9.2/../../../../arm-none-eabi/lib/armv6k/fpu\libg.a(lib_a-gdtoa-gethex.o)
 .text          0x001090c0        0x0 c:/devkitpro/devkitarm/bin/../lib/gcc/arm-none-eabi/4.9.2/../../../../arm-none-eabi/lib/armv6k/fpu\libg.a(lib_a-gdtoa-hexnan.o)
 .text          0x001090c0        0x0 c:/devkitpro/devkitarm/bin/../lib/gcc/arm-none-eabi/4.9.2/../../../../arm-none-eabi/lib/armv6k/fpu\libg.a(lib_a-getenv_r.o)
 .text          0x001090c0        0x0 c:/devkitpro/devkitarm/bin/../lib/gcc/arm-none-eabi/4.9.2/../../../../arm-none-eabi/lib/armv6k/fpu\libg.a(lib_a-environ.o)
 .text          0x001090c0        0x0 c:/devkitpro/devkitarm/bin/../lib/gcc/arm-none-eabi/4.9.2/../../../../arm-none-eabi/lib/armv6k/fpu\libg.a(lib_a-envlock.o)
 .text          0x001090c0      0x1a8 c:/devkitpro/devkitarm/bin/../lib/gcc/arm-none-eabi/4.9.2/../../../../arm-none-eabi/lib/armv6k/fpu\libsysbase.a(iosupport.o)
                0x001090c0                setDefaultDevice
                0x001090d8                FindDevice
                0x00109184                RemoveDevice
                0x001091b0                AddDevice
                0x00109244                GetDeviceOpTab
 .text          0x00109268       0x7c c:/devkitpro/devkitarm/bin/../lib/gcc/arm-none-eabi/4.9.2/../../../../arm-none-eabi/lib/armv6k/fpu\libsysbase.a(close.o)
                0x00109268                _close_r
 .text          0x001092e4       0x6c c:/devkitpro/devkitarm/bin/../lib/gcc/arm-none-eabi/4.9.2/../../../../arm-none-eabi/lib/armv6k/fpu\libsysbase.a(fstat.o)
                0x001092e4                _fstat_r
 .text          0x00109350        0x8 c:/devkitpro/devkitarm/bin/../lib/gcc/arm-none-eabi/4.9.2/../../../../arm-none-eabi/lib/armv6k/fpu\libsysbase.a(isatty.o)
                0x00109350                _isatty_r
 .text          0x00109358       0x74 c:/devkitpro/devkitarm/bin/../lib/gcc/arm-none-eabi/4.9.2/../../../../arm-none-eabi/lib/armv6k/fpu\libsysbase.a(lseek.o)
                0x00109358                _lseek_r
 .text          0x001093cc       0x74 c:/devkitpro/devkitarm/bin/../lib/gcc/arm-none-eabi/4.9.2/../../../../arm-none-eabi/lib/armv6k/fpu\libsysbase.a(read.o)
                0x001093cc                _read_r
 .text          0x00109440       0x70 c:/devkitpro/devkitarm/bin/../lib/gcc/arm-none-eabi/4.9.2/../../../../arm-none-eabi/lib/armv6k/fpu\libsysbase.a(sbrk.o)
                0x00109440                _sbrk_r
 .text          0x001094b0       0x74 c:/devkitpro/devkitarm/bin/../lib/gcc/arm-none-eabi/4.9.2/../../../../arm-none-eabi/lib/armv6k/fpu\libsysbase.a(write.o)
                0x001094b0                _write_r
 .text          0x00109524        0x0 c:/devkitpro/devkitarm/bin/../lib/gcc/arm-none-eabi/4.9.2/../../../../arm-none-eabi/lib/armv6k/fpu\libsysbase.a(malloc_vars.o)
 .text          0x00109524      0x3a4 c:/devkitpro/devkitarm/bin/../lib/gcc/arm-none-eabi/4.9.2/../../../../arm-none-eabi/lib/armv6k/fpu\libsysbase.a(chdir.o)
                0x00109524                _concatenate_path
                0x001096e0                chdir
                0x00109828                getcwd
 .text          0x001098c8        0x8 c:/devkitpro/devkitarm/bin/../lib/gcc/arm-none-eabi/4.9.2/../../../../arm-none-eabi/lib/armv6k/fpu\libsysbase.a(flock.o)
                0x001098c8                __flockfile
                0x001098cc                __funlockfile
 .text          0x001098d0      0x108 c:/devkitpro/devkitarm/bin/../lib/gcc/arm-none-eabi/4.9.2/../../../../arm-none-eabi/lib/armv6k/fpu\libsysbase.a(syscall_support.o)
                0x001098d0                __libc_lock_init
                0x001098e8                __libc_lock_acquire
                0x00109900                __libc_lock_try_acquire
                0x00109924                __libc_lock_release
                0x0010993c                __libc_lock_close
                0x00109954                __libc_lock_init_recursive
                0x0010996c                __libc_lock_acquire_recursive
                0x00109984                __libc_lock_try_acquire_recursive
                0x001099a8                __libc_lock_release_recursive
                0x001099c0                __libc_lock_close_recursive
 .text          0x001099d8      0x254 c:/devkitpro/devkitarm/bin/../lib/gcc/arm-none-eabi/4.9.2/../../../../arm-none-eabi/lib/armv6k/fpu\libsysbase.a(handle_manager.o)
                0x001099d8                __free_handle
                0x00109a1c                __release_handle
                0x00109a48                __alloc_handle
                0x00109ab0                __get_handle
                0x00109acc                dup
                0x00109b58                dup2
 .text          0x00109c2c       0x28 c:/devkitpro/devkitarm/bin/../lib/gcc/arm-none-eabi/4.9.2/../../../../arm-none-eabi/lib/armv6k/fpu\libsysbase.a(getreent.o)
                0x00109c2c                __getreent
 .text          0x00109c54      0x20c c:/devkitpro/devkitarm/bin/../lib/gcc/arm-none-eabi/4.9.2/armv6k/fpu\libgcc.a(_udivsi3.o)
                0x00109c54                __aeabi_uidiv
                0x00109c54                __udivsi3
                0x00109e40                __aeabi_uidivmod
 .text          0x00109e60       0x3c c:/devkitpro/devkitarm/bin/../lib/gcc/arm-none-eabi/4.9.2/armv6k/fpu\libgcc.a(_aeabi_uldivmod.o)
                0x00109e60                __aeabi_uldivmod
 .text          0x00109e9c       0x78 c:/devkitpro/devkitarm/bin/../lib/gcc/arm-none-eabi/4.9.2/armv6k/fpu\libgcc.a(bpabi.o)
                0x00109e9c                __gnu_ldivmod_helper
                0x00109ed8                __gnu_uldivmod_helper
 .text          0x00109f14      0x180 c:/devkitpro/devkitarm/bin/../lib/gcc/arm-none-eabi/4.9.2/armv6k/fpu\libgcc.a(_divdi3.o)
                0x00109f14                __divdi3
 .text          0x0010a094      0x124 c:/devkitpro/devkitarm/bin/../lib/gcc/arm-none-eabi/4.9.2/armv6k/fpu\libgcc.a(_udivdi3.o)
                0x0010a094                __udivdi3
 .text          0x0010a1b8        0x0 c:/devkitpro/devkitarm/bin/../lib/gcc/arm-none-eabi/4.9.2/../../../../arm-none-eabi/lib/armv6k/fpu\libg.a(lib_a-errno.o)
 .text          0x0010a1b8        0x0 c:/devkitpro/devkitarm/bin/../lib/gcc/arm-none-eabi/4.9.2/../../../../arm-none-eabi/lib/armv6k/fpu\libg.a(lib_a-strnlen.o)
 .text          0x0010a1b8        0x0 c:/devkitpro/devkitarm/bin/../lib/gcc/arm-none-eabi/4.9.2/../../../../arm-none-eabi/lib/armv6k/fpu\libg.a(lib_a-strrchr.o)
 .text          0x0010a1b8        0x0 c:/devkitpro/devkitarm/bin/../lib/gcc/arm-none-eabi/4.9.2/armv6k/fpu/crtend.o
 .text          0x0010a1b8        0x0 c:/devkitpro/devkitarm/bin/../lib/gcc/arm-none-eabi/4.9.2/armv6k/fpu/crtn.o
 *(.text.*)
 .text.startup  0x0010a1b8      0xd80 main.o
                0x0010a1b8                main
 .text.bsearch  0x0010af38       0x78 c:/devkitpro/devkitarm/bin/../lib/gcc/arm-none-eabi/4.9.2/../../../../arm-none-eabi/lib/armv6k/fpu\libg.a(lib_a-bsearch.o)
                0x0010af38                bsearch
 .text.__libc_fini_array
                0x0010afb0       0x40 c:/devkitpro/devkitarm/bin/../lib/gcc/arm-none-eabi/4.9.2/../../../../arm-none-eabi/lib/armv6k/fpu\libg.a(lib_a-fini.o)
                0x0010afb0                __libc_fini_array
 .text.__libc_init_array
                0x0010aff0       0x78 c:/devkitpro/devkitarm/bin/../lib/gcc/arm-none-eabi/4.9.2/../../../../arm-none-eabi/lib/armv6k/fpu\libg.a(lib_a-init.o)
                0x0010aff0                __libc_init_array
 .text.iprintf  0x0010b068       0x38 c:/devkitpro/devkitarm/bin/../lib/gcc/arm-none-eabi/4.9.2/../../../../arm-none-eabi/lib/armv6k/fpu\libg.a(lib_a-iprintf.o)
                0x0010b068                iprintf
 .text._iprintf_r
                0x0010b0a0       0x34 c:/devkitpro/devkitarm/bin/../lib/gcc/arm-none-eabi/4.9.2/../../../../arm-none-eabi/lib/armv6k/fpu\libg.a(lib_a-iprintf.o)
                0x0010b0a0                _iprintf_r
 .text.malloc   0x0010b0d4       0x18 c:/devkitpro/devkitarm/bin/../lib/gcc/arm-none-eabi/4.9.2/../../../../arm-none-eabi/lib/armv6k/fpu\libg.a(lib_a-malloc.o)
                0x0010b0d4                malloc
 .text.free     0x0010b0ec       0x18 c:/devkitpro/devkitarm/bin/../lib/gcc/arm-none-eabi/4.9.2/../../../../arm-none-eabi/lib/armv6k/fpu\libg.a(lib_a-malloc.o)
                0x0010b0ec                free
 .text._malloc_r
                0x0010b104      0x740 c:/devkitpro/devkitarm/bin/../lib/gcc/arm-none-eabi/4.9.2/../../../../arm-none-eabi/lib/armv6k/fpu\libg.a(lib_a-mallocr.o)
                0x0010b104                _malloc_r
 .text.memcpy   0x0010b844       0xf4 c:/devkitpro/devkitarm/bin/../lib/gcc/arm-none-eabi/4.9.2/../../../../arm-none-eabi/lib/armv6k/fpu\libg.a(lib_a-memcpy.o)
                0x0010b844                memcpy
 .text.memset   0x0010b938       0xf0 c:/devkitpro/devkitarm/bin/../lib/gcc/arm-none-eabi/4.9.2/../../../../arm-none-eabi/lib/armv6k/fpu\libg.a(lib_a-memset.o)
                0x0010b938                memset
 .text.__malloc_lock
                0x0010ba28        0x4 c:/devkitpro/devkitarm/bin/../lib/gcc/arm-none-eabi/4.9.2/../../../../arm-none-eabi/lib/armv6k/fpu\libg.a(lib_a-mlock.o)
                0x0010ba28                __malloc_lock
 .text.__malloc_unlock
                0x0010ba2c        0x4 c:/devkitpro/devkitarm/bin/../lib/gcc/arm-none-eabi/4.9.2/../../../../arm-none-eabi/lib/armv6k/fpu\libg.a(lib_a-mlock.o)
                0x0010ba2c                __malloc_unlock
 .text._printf_r
                0x0010ba30       0x34 c:/devkitpro/devkitarm/bin/../lib/gcc/arm-none-eabi/4.9.2/../../../../arm-none-eabi/lib/armv6k/fpu\libg.a(lib_a-printf.o)
                0x0010ba30                _printf_r
 .text.printf   0x0010ba64       0x38 c:/devkitpro/devkitarm/bin/../lib/gcc/arm-none-eabi/4.9.2/../../../../arm-none-eabi/lib/armv6k/fpu\libg.a(lib_a-printf.o)
                0x0010ba64                printf
 .text.srand    0x0010ba9c       0x1c c:/devkitpro/devkitarm/bin/../lib/gcc/arm-none-eabi/4.9.2/../../../../arm-none-eabi/lib/armv6k/fpu\libg.a(lib_a-rand.o)
                0x0010ba9c                srand
 .text.rand     0x0010bab8       0x44 c:/devkitpro/devkitarm/bin/../lib/gcc/arm-none-eabi/4.9.2/../../../../arm-none-eabi/lib/armv6k/fpu\libg.a(lib_a-rand.o)
                0x0010bab8                rand
 .text.setvbuf  0x0010bafc      0x1e8 c:/devkitpro/devkitarm/bin/../lib/gcc/arm-none-eabi/4.9.2/../../../../arm-none-eabi/lib/armv6k/fpu\libg.a(lib_a-setvbuf.o)
                0x0010bafc                setvbuf
 .text.sscanf   0x0010bce4       0x74 c:/devkitpro/devkitarm/bin/../lib/gcc/arm-none-eabi/4.9.2/../../../../arm-none-eabi/lib/armv6k/fpu\libg.a(lib_a-sscanf.o)
                0x0010bce4                sscanf
 .text._sscanf_r
                0x0010bd58       0x80 c:/devkitpro/devkitarm/bin/../lib/gcc/arm-none-eabi/4.9.2/../../../../arm-none-eabi/lib/armv6k/fpu\libg.a(lib_a-sscanf.o)
                0x0010bd58                _sscanf_r
 .text.__sread  0x0010bdd8       0x30 c:/devkitpro/devkitarm/bin/../lib/gcc/arm-none-eabi/4.9.2/../../../../arm-none-eabi/lib/armv6k/fpu\libg.a(lib_a-stdio.o)
                0x0010bdd8                __sread
 .text.__seofread
                0x0010be08        0x8 c:/devkitpro/devkitarm/bin/../lib/gcc/arm-none-eabi/4.9.2/../../../../arm-none-eabi/lib/armv6k/fpu\libg.a(lib_a-stdio.o)
                0x0010be08                __seofread
 .text.__swrite
                0x0010be10       0x54 c:/devkitpro/devkitarm/bin/../lib/gcc/arm-none-eabi/4.9.2/../../../../arm-none-eabi/lib/armv6k/fpu\libg.a(lib_a-stdio.o)
                0x0010be10                __swrite
 .text.__sseek  0x0010be64       0x2c c:/devkitpro/devkitarm/bin/../lib/gcc/arm-none-eabi/4.9.2/../../../../arm-none-eabi/lib/armv6k/fpu\libg.a(lib_a-stdio.o)
                0x0010be64                __sseek
 .text.__sclose
                0x0010be90        0x8 c:/devkitpro/devkitarm/bin/../lib/gcc/arm-none-eabi/4.9.2/../../../../arm-none-eabi/lib/armv6k/fpu\libg.a(lib_a-stdio.o)
                0x0010be90                __sclose
 .text.strchr   0x0010be98      0x16c c:/devkitpro/devkitarm/bin/../lib/gcc/arm-none-eabi/4.9.2/../../../../arm-none-eabi/lib/armv6k/fpu\libg.a(lib_a-strchr.o)
                0x0010be98                strchr
 .text.strcpy   0x0010c004       0xf0 c:/devkitpro/devkitarm/bin/../lib/gcc/arm-none-eabi/4.9.2/../../../../arm-none-eabi/lib/armv6k/fpu\libg.a(lib_a-strcpy.o)
                0x0010c004                strcpy
 .text.strlen   0x0010c0f4       0x5c c:/devkitpro/devkitarm/bin/../lib/gcc/arm-none-eabi/4.9.2/../../../../arm-none-eabi/lib/armv6k/fpu\libg.a(lib_a-strlen.o)
                0x0010c0f4                strlen
 .text.strncat  0x0010c150       0xa4 c:/devkitpro/devkitarm/bin/../lib/gcc/arm-none-eabi/4.9.2/../../../../arm-none-eabi/lib/armv6k/fpu\libg.a(lib_a-strncat.o)
                0x0010c150                strncat
 .text.strncpy  0x0010c1f4       0xe0 c:/devkitpro/devkitarm/bin/../lib/gcc/arm-none-eabi/4.9.2/../../../../arm-none-eabi/lib/armv6k/fpu\libg.a(lib_a-strncpy.o)
                0x0010c1f4                strncpy
 .text.__ssvfscanf_r
                0x0010c2d4     0x2aec c:/devkitpro/devkitarm/bin/../lib/gcc/arm-none-eabi/4.9.2/../../../../arm-none-eabi/lib/armv6k/fpu\libg.a(lib_a-svfscanf.o)
                0x0010c2d4                __ssvfscanf_r
 .text.get_arg  0x0010edc0      0x860 c:/devkitpro/devkitarm/bin/../lib/gcc/arm-none-eabi/4.9.2/../../../../arm-none-eabi/lib/armv6k/fpu\libg.a(lib_a-vfiprintf.o)
 .text.__sprint_r.part.0
                0x0010f620       0xa4 c:/devkitpro/devkitarm/bin/../lib/gcc/arm-none-eabi/4.9.2/../../../../arm-none-eabi/lib/armv6k/fpu\libg.a(lib_a-vfiprintf.o)
 .text.__sprint_r
                0x0010f6c4       0x1c c:/devkitpro/devkitarm/bin/../lib/gcc/arm-none-eabi/4.9.2/../../../../arm-none-eabi/lib/armv6k/fpu\libg.a(lib_a-vfiprintf.o)
                0x0010f6c4                __sprint_r
 .text._vfiprintf_r
                0x0010f6e0     0x3114 c:/devkitpro/devkitarm/bin/../lib/gcc/arm-none-eabi/4.9.2/../../../../arm-none-eabi/lib/armv6k/fpu\libg.a(lib_a-vfiprintf.o)
                0x0010f6e0                _vfiprintf_r
 .text.vfiprintf
                0x001127f4       0x28 c:/devkitpro/devkitarm/bin/../lib/gcc/arm-none-eabi/4.9.2/../../../../arm-none-eabi/lib/armv6k/fpu\libg.a(lib_a-vfiprintf.o)
                0x001127f4                vfiprintf
 .text.__sbprintf
                0x0011281c       0xa8 c:/devkitpro/devkitarm/bin/../lib/gcc/arm-none-eabi/4.9.2/../../../../arm-none-eabi/lib/armv6k/fpu\libg.a(lib_a-vfiprintf.o)
 .text.get_arg  0x001128c4      0x860 c:/devkitpro/devkitarm/bin/../lib/gcc/arm-none-eabi/4.9.2/../../../../arm-none-eabi/lib/armv6k/fpu\libg.a(lib_a-vfprintf.o)
 *fill*         0x00113124        0x4 
 .text._vfprintf_r
                0x00113128     0x4408 c:/devkitpro/devkitarm/bin/../lib/gcc/arm-none-eabi/4.9.2/../../../../arm-none-eabi/lib/armv6k/fpu\libg.a(lib_a-vfprintf.o)
                0x00113128                _vfprintf_r
 .text.vfprintf
                0x00117530       0x28 c:/devkitpro/devkitarm/bin/../lib/gcc/arm-none-eabi/4.9.2/../../../../arm-none-eabi/lib/armv6k/fpu\libg.a(lib_a-vfprintf.o)
                0x00117530                vfprintf
 .text.__sbprintf
                0x00117558       0xa8 c:/devkitpro/devkitarm/bin/../lib/gcc/arm-none-eabi/4.9.2/../../../../arm-none-eabi/lib/armv6k/fpu\libg.a(lib_a-vfprintf.o)
 .text._wcrtomb_r
                0x00117600       0x8c c:/devkitpro/devkitarm/bin/../lib/gcc/arm-none-eabi/4.9.2/../../../../arm-none-eabi/lib/armv6k/fpu\libg.a(lib_a-wcrtomb.o)
                0x00117600                _wcrtomb_r
 .text.wcrtomb  0x0011768c       0x94 c:/devkitpro/devkitarm/bin/../lib/gcc/arm-none-eabi/4.9.2/../../../../arm-none-eabi/lib/armv6k/fpu\libg.a(lib_a-wcrtomb.o)
                0x0011768c                wcrtomb
 .text._wcsrtombs_r
                0x00117720       0x20 c:/devkitpro/devkitarm/bin/../lib/gcc/arm-none-eabi/4.9.2/../../../../arm-none-eabi/lib/armv6k/fpu\libg.a(lib_a-wcsrtombs.o)
                0x00117720                _wcsrtombs_r
 .text.wcsrtombs
                0x00117740       0x3c c:/devkitpro/devkitarm/bin/../lib/gcc/arm-none-eabi/4.9.2/../../../../arm-none-eabi/lib/armv6k/fpu\libg.a(lib_a-wcsrtombs.o)
                0x00117740                wcsrtombs
 .text.__utf8_wctomb
                0x0011777c      0x114 c:/devkitpro/devkitarm/bin/../lib/gcc/arm-none-eabi/4.9.2/../../../../arm-none-eabi/lib/armv6k/fpu\libg.a(lib_a-wctomb_r.o)
                0x0011777c                __utf8_wctomb
 .text._wctomb_r
                0x00117890       0x48 c:/devkitpro/devkitarm/bin/../lib/gcc/arm-none-eabi/4.9.2/../../../../arm-none-eabi/lib/armv6k/fpu\libg.a(lib_a-wctomb_r.o)
                0x00117890                _wctomb_r
 .text.__ascii_wctomb
                0x001178d8       0x28 c:/devkitpro/devkitarm/bin/../lib/gcc/arm-none-eabi/4.9.2/../../../../arm-none-eabi/lib/armv6k/fpu\libg.a(lib_a-wctomb_r.o)
                0x001178d8                __ascii_wctomb
 .text.__sjis_wctomb
                0x00117900       0x84 c:/devkitpro/devkitarm/bin/../lib/gcc/arm-none-eabi/4.9.2/../../../../arm-none-eabi/lib/armv6k/fpu\libg.a(lib_a-wctomb_r.o)
                0x00117900                __sjis_wctomb
 .text.__eucjp_wctomb
                0x00117984       0xc8 c:/devkitpro/devkitarm/bin/../lib/gcc/arm-none-eabi/4.9.2/../../../../arm-none-eabi/lib/armv6k/fpu\libg.a(lib_a-wctomb_r.o)
                0x00117984                __eucjp_wctomb
 .text.__jis_wctomb
                0x00117a4c       0xd4 c:/devkitpro/devkitarm/bin/../lib/gcc/arm-none-eabi/4.9.2/../../../../arm-none-eabi/lib/armv6k/fpu\libg.a(lib_a-wctomb_r.o)
                0x00117a4c                __jis_wctomb
 .text.__swsetup_r
                0x00117b20      0x14c c:/devkitpro/devkitarm/bin/../lib/gcc/arm-none-eabi/4.9.2/../../../../arm-none-eabi/lib/armv6k/fpu\libg.a(lib_a-wsetup.o)
                0x00117b20                __swsetup_r
 .text.__set_ctype
                0x00117c6c       0x18 c:/devkitpro/devkitarm/bin/../lib/gcc/arm-none-eabi/4.9.2/../../../../arm-none-eabi/lib/armv6k/fpu\libg.a(lib_a-ctype_.o)
                0x00117c6c                __set_ctype
 .text.quorem   0x00117c84      0x1c0 c:/devkitpro/devkitarm/bin/../lib/gcc/arm-none-eabi/4.9.2/../../../../arm-none-eabi/lib/armv6k/fpu\libg.a(lib_a-dtoa.o)
 *fill*         0x00117e44        0x4 
 .text._dtoa_r  0x00117e48     0x12e0 c:/devkitpro/devkitarm/bin/../lib/gcc/arm-none-eabi/4.9.2/../../../../arm-none-eabi/lib/armv6k/fpu\libg.a(lib_a-dtoa.o)
                0x00117e48                _dtoa_r
 .text.__sflush_r
                0x00119128      0x238 c:/devkitpro/devkitarm/bin/../lib/gcc/arm-none-eabi/4.9.2/../../../../arm-none-eabi/lib/armv6k/fpu\libg.a(lib_a-fflush.o)
                0x00119128                __sflush_r
 .text._fflush_r
                0x00119360       0x98 c:/devkitpro/devkitarm/bin/../lib/gcc/arm-none-eabi/4.9.2/../../../../arm-none-eabi/lib/armv6k/fpu\libg.a(lib_a-fflush.o)
                0x00119360                _fflush_r
 .text.fflush   0x001193f8       0x38 c:/devkitpro/devkitarm/bin/../lib/gcc/arm-none-eabi/4.9.2/../../../../arm-none-eabi/lib/armv6k/fpu\libg.a(lib_a-fflush.o)
                0x001193f8                fflush
 .text._cleanup_r
                0x00119430        0xc c:/devkitpro/devkitarm/bin/../lib/gcc/arm-none-eabi/4.9.2/../../../../arm-none-eabi/lib/armv6k/fpu\libg.a(lib_a-findfp.o)
                0x00119430                _cleanup_r
 .text.__fp_lock
                0x0011943c       0x1c c:/devkitpro/devkitarm/bin/../lib/gcc/arm-none-eabi/4.9.2/../../../../arm-none-eabi/lib/armv6k/fpu\libg.a(lib_a-findfp.o)
 .text.__fp_unlock
                0x00119458       0x1c c:/devkitpro/devkitarm/bin/../lib/gcc/arm-none-eabi/4.9.2/../../../../arm-none-eabi/lib/armv6k/fpu\libg.a(lib_a-findfp.o)
 .text.__sinit.part.1
                0x00119474      0x15c c:/devkitpro/devkitarm/bin/../lib/gcc/arm-none-eabi/4.9.2/../../../../arm-none-eabi/lib/armv6k/fpu\libg.a(lib_a-findfp.o)
 .text.__sfmoreglue
                0x001195d0       0x48 c:/devkitpro/devkitarm/bin/../lib/gcc/arm-none-eabi/4.9.2/../../../../arm-none-eabi/lib/armv6k/fpu\libg.a(lib_a-findfp.o)
                0x001195d0                __sfmoreglue
 .text.__sfp    0x00119618       0xe8 c:/devkitpro/devkitarm/bin/../lib/gcc/arm-none-eabi/4.9.2/../../../../arm-none-eabi/lib/armv6k/fpu\libg.a(lib_a-findfp.o)
                0x00119618                __sfp
 .text._cleanup
                0x00119700       0x18 c:/devkitpro/devkitarm/bin/../lib/gcc/arm-none-eabi/4.9.2/../../../../arm-none-eabi/lib/armv6k/fpu\libg.a(lib_a-findfp.o)
                0x00119700                _cleanup
 .text.__sinit  0x00119718       0x10 c:/devkitpro/devkitarm/bin/../lib/gcc/arm-none-eabi/4.9.2/../../../../arm-none-eabi/lib/armv6k/fpu\libg.a(lib_a-findfp.o)
                0x00119718                __sinit
 .text.__sfp_lock_acquire
                0x00119728        0x4 c:/devkitpro/devkitarm/bin/../lib/gcc/arm-none-eabi/4.9.2/../../../../arm-none-eabi/lib/armv6k/fpu\libg.a(lib_a-findfp.o)
                0x00119728                __sfp_lock_acquire
 .text.__sfp_lock_release
                0x0011972c        0x4 c:/devkitpro/devkitarm/bin/../lib/gcc/arm-none-eabi/4.9.2/../../../../arm-none-eabi/lib/armv6k/fpu\libg.a(lib_a-findfp.o)
                0x0011972c                __sfp_lock_release
 .text.__sinit_lock_acquire
                0x00119730        0x4 c:/devkitpro/devkitarm/bin/../lib/gcc/arm-none-eabi/4.9.2/../../../../arm-none-eabi/lib/armv6k/fpu\libg.a(lib_a-findfp.o)
                0x00119730                __sinit_lock_acquire
 .text.__sinit_lock_release
                0x00119734        0x4 c:/devkitpro/devkitarm/bin/../lib/gcc/arm-none-eabi/4.9.2/../../../../arm-none-eabi/lib/armv6k/fpu\libg.a(lib_a-findfp.o)
                0x00119734                __sinit_lock_release
 .text.__fp_lock_all
                0x00119738       0x18 c:/devkitpro/devkitarm/bin/../lib/gcc/arm-none-eabi/4.9.2/../../../../arm-none-eabi/lib/armv6k/fpu\libg.a(lib_a-findfp.o)
                0x00119738                __fp_lock_all
 .text.__fp_unlock_all
                0x00119750       0x18 c:/devkitpro/devkitarm/bin/../lib/gcc/arm-none-eabi/4.9.2/../../../../arm-none-eabi/lib/armv6k/fpu\libg.a(lib_a-findfp.o)
                0x00119750                __fp_unlock_all
 .text.__fputwc
                0x00119768      0x124 c:/devkitpro/devkitarm/bin/../lib/gcc/arm-none-eabi/4.9.2/../../../../arm-none-eabi/lib/armv6k/fpu\libg.a(lib_a-fputwc.o)
                0x00119768                __fputwc
 .text._fputwc_r
                0x0011988c       0xa8 c:/devkitpro/devkitarm/bin/../lib/gcc/arm-none-eabi/4.9.2/../../../../arm-none-eabi/lib/armv6k/fpu\libg.a(lib_a-fputwc.o)
                0x0011988c                _fputwc_r
 .text.fputwc   0x00119934       0x3c c:/devkitpro/devkitarm/bin/../lib/gcc/arm-none-eabi/4.9.2/../../../../arm-none-eabi/lib/armv6k/fpu\libg.a(lib_a-fputwc.o)
                0x00119934                fputwc
 .text._malloc_trim_r
                0x00119970       0xf8 c:/devkitpro/devkitarm/bin/../lib/gcc/arm-none-eabi/4.9.2/../../../../arm-none-eabi/lib/armv6k/fpu\libg.a(lib_a-freer.o)
                0x00119970                _malloc_trim_r
 .text._free_r  0x00119a68      0x2b4 c:/devkitpro/devkitarm/bin/../lib/gcc/arm-none-eabi/4.9.2/../../../../arm-none-eabi/lib/armv6k/fpu\libg.a(lib_a-freer.o)
                0x00119a68                _free_r
 .text.__sfvwrite_r
                0x00119d1c      0x4c4 c:/devkitpro/devkitarm/bin/../lib/gcc/arm-none-eabi/4.9.2/../../../../arm-none-eabi/lib/armv6k/fpu\libg.a(lib_a-fvwrite.o)
                0x00119d1c                __sfvwrite_r
 .text._fwalk   0x0011a1e0       0x78 c:/devkitpro/devkitarm/bin/../lib/gcc/arm-none-eabi/4.9.2/../../../../arm-none-eabi/lib/armv6k/fpu\libg.a(lib_a-fwalk.o)
                0x0011a1e0                _fwalk
 .text._fwalk_reent
                0x0011a258       0x80 c:/devkitpro/devkitarm/bin/../lib/gcc/arm-none-eabi/4.9.2/../../../../arm-none-eabi/lib/armv6k/fpu\libg.a(lib_a-fwalk.o)
                0x0011a258                _fwalk_reent
 .text.iswspace
                0x0011a2d8       0x74 c:/devkitpro/devkitarm/bin/../lib/gcc/arm-none-eabi/4.9.2/../../../../arm-none-eabi/lib/armv6k/fpu\libg.a(lib_a-iswspace.o)
                0x0011a2d8                iswspace
 .text.__jp2uc  0x0011a34c      0x204 c:/devkitpro/devkitarm/bin/../lib/gcc/arm-none-eabi/4.9.2/../../../../arm-none-eabi/lib/armv6k/fpu\libg.a(lib_a-jp2uc.o)
 .text._jp2uc   0x0011a550       0x84 c:/devkitpro/devkitarm/bin/../lib/gcc/arm-none-eabi/4.9.2/../../../../arm-none-eabi/lib/armv6k/fpu\libg.a(lib_a-jp2uc.o)
                0x0011a550                _jp2uc
 .text.__get_locale_env
                0x0011a5d4       0x8c c:/devkitpro/devkitarm/bin/../lib/gcc/arm-none-eabi/4.9.2/../../../../arm-none-eabi/lib/armv6k/fpu\libg.a(lib_a-locale.o)
 .text.loadlocale
                0x0011a660      0x8a4 c:/devkitpro/devkitarm/bin/../lib/gcc/arm-none-eabi/4.9.2/../../../../arm-none-eabi/lib/armv6k/fpu\libg.a(lib_a-locale.o)
 .text.currentlocale
                0x0011af04       0x88 c:/devkitpro/devkitarm/bin/../lib/gcc/arm-none-eabi/4.9.2/../../../../arm-none-eabi/lib/armv6k/fpu\libg.a(lib_a-locale.o)
 .text._setlocale_r
                0x0011af8c      0x300 c:/devkitpro/devkitarm/bin/../lib/gcc/arm-none-eabi/4.9.2/../../../../arm-none-eabi/lib/armv6k/fpu\libg.a(lib_a-locale.o)
                0x0011af8c                _setlocale_r
 .text.__locale_charset
                0x0011b28c        0xc c:/devkitpro/devkitarm/bin/../lib/gcc/arm-none-eabi/4.9.2/../../../../arm-none-eabi/lib/armv6k/fpu\libg.a(lib_a-locale.o)
                0x0011b28c                __locale_charset
 .text.__locale_mb_cur_max
                0x0011b298       0x10 c:/devkitpro/devkitarm/bin/../lib/gcc/arm-none-eabi/4.9.2/../../../../arm-none-eabi/lib/armv6k/fpu\libg.a(lib_a-locale.o)
                0x0011b298                __locale_mb_cur_max
 .text.__locale_msgcharset
                0x0011b2a8        0xc c:/devkitpro/devkitarm/bin/../lib/gcc/arm-none-eabi/4.9.2/../../../../arm-none-eabi/lib/armv6k/fpu\libg.a(lib_a-locale.o)
                0x0011b2a8                __locale_msgcharset
 .text.__locale_cjk_lang
                0x0011b2b4       0x10 c:/devkitpro/devkitarm/bin/../lib/gcc/arm-none-eabi/4.9.2/../../../../arm-none-eabi/lib/armv6k/fpu\libg.a(lib_a-locale.o)
                0x0011b2b4                __locale_cjk_lang
 .text._localeconv_r
                0x0011b2c4        0xc c:/devkitpro/devkitarm/bin/../lib/gcc/arm-none-eabi/4.9.2/../../../../arm-none-eabi/lib/armv6k/fpu\libg.a(lib_a-locale.o)
                0x0011b2c4                _localeconv_r
 .text.setlocale
                0x0011b2d0       0x20 c:/devkitpro/devkitarm/bin/../lib/gcc/arm-none-eabi/4.9.2/../../../../arm-none-eabi/lib/armv6k/fpu\libg.a(lib_a-locale.o)
                0x0011b2d0                setlocale
 .text.localeconv
                0x0011b2f0       0x14 c:/devkitpro/devkitarm/bin/../lib/gcc/arm-none-eabi/4.9.2/../../../../arm-none-eabi/lib/armv6k/fpu\libg.a(lib_a-locale.o)
                0x0011b2f0                localeconv
 .text.__smakebuf_r
                0x0011b304      0x160 c:/devkitpro/devkitarm/bin/../lib/gcc/arm-none-eabi/4.9.2/../../../../arm-none-eabi/lib/armv6k/fpu\libg.a(lib_a-makebuf.o)
                0x0011b304                __smakebuf_r
 .text._mbrtowc_r
                0x0011b464       0x98 c:/devkitpro/devkitarm/bin/../lib/gcc/arm-none-eabi/4.9.2/../../../../arm-none-eabi/lib/armv6k/fpu\libg.a(lib_a-mbrtowc.o)
                0x0011b464                _mbrtowc_r
 .text.mbrtowc  0x0011b4fc       0x9c c:/devkitpro/devkitarm/bin/../lib/gcc/arm-none-eabi/4.9.2/../../../../arm-none-eabi/lib/armv6k/fpu\libg.a(lib_a-mbrtowc.o)
                0x0011b4fc                mbrtowc
 .text.__utf8_mbtowc
                0x0011b598      0x2fc c:/devkitpro/devkitarm/bin/../lib/gcc/arm-none-eabi/4.9.2/../../../../arm-none-eabi/lib/armv6k/fpu\libg.a(lib_a-mbtowc_r.o)
                0x0011b598                __utf8_mbtowc
 .text._mbtowc_r
                0x0011b894       0x4c c:/devkitpro/devkitarm/bin/../lib/gcc/arm-none-eabi/4.9.2/../../../../arm-none-eabi/lib/armv6k/fpu\libg.a(lib_a-mbtowc_r.o)
                0x0011b894                _mbtowc_r
 .text.__ascii_mbtowc
                0x0011b8e0       0x4c c:/devkitpro/devkitarm/bin/../lib/gcc/arm-none-eabi/4.9.2/../../../../arm-none-eabi/lib/armv6k/fpu\libg.a(lib_a-mbtowc_r.o)
                0x0011b8e0                __ascii_mbtowc
 .text.__sjis_mbtowc
                0x0011b92c       0xd4 c:/devkitpro/devkitarm/bin/../lib/gcc/arm-none-eabi/4.9.2/../../../../arm-none-eabi/lib/armv6k/fpu\libg.a(lib_a-mbtowc_r.o)
                0x0011b92c                __sjis_mbtowc
 .text.__eucjp_mbtowc
                0x0011ba00      0x140 c:/devkitpro/devkitarm/bin/../lib/gcc/arm-none-eabi/4.9.2/../../../../arm-none-eabi/lib/armv6k/fpu\libg.a(lib_a-mbtowc_r.o)
                0x0011ba00                __eucjp_mbtowc
 .text.__jis_mbtowc
                0x0011bb40      0x1a8 c:/devkitpro/devkitarm/bin/../lib/gcc/arm-none-eabi/4.9.2/../../../../arm-none-eabi/lib/armv6k/fpu\libg.a(lib_a-mbtowc_r.o)
                0x0011bb40                __jis_mbtowc
 .text.memchr   0x0011bce8      0x120 c:/devkitpro/devkitarm/bin/../lib/gcc/arm-none-eabi/4.9.2/../../../../arm-none-eabi/lib/armv6k/fpu\libg.a(lib_a-memchr.o)
                0x0011bce8                memchr
 .text.memmove  0x0011be08      0x12c c:/devkitpro/devkitarm/bin/../lib/gcc/arm-none-eabi/4.9.2/../../../../arm-none-eabi/lib/armv6k/fpu\libg.a(lib_a-memmove.o)
                0x0011be08                memmove
 .text._Balloc  0x0011bf34       0x8c c:/devkitpro/devkitarm/bin/../lib/gcc/arm-none-eabi/4.9.2/../../../../arm-none-eabi/lib/armv6k/fpu\libg.a(lib_a-mprec.o)
                0x0011bf34                _Balloc
 .text._Bfree   0x0011bfc0       0x1c c:/devkitpro/devkitarm/bin/../lib/gcc/arm-none-eabi/4.9.2/../../../../arm-none-eabi/lib/armv6k/fpu\libg.a(lib_a-mprec.o)
                0x0011bfc0                _Bfree
 .text.__multadd
                0x0011bfdc       0xd0 c:/devkitpro/devkitarm/bin/../lib/gcc/arm-none-eabi/4.9.2/../../../../arm-none-eabi/lib/armv6k/fpu\libg.a(lib_a-mprec.o)
                0x0011bfdc                __multadd
 .text.__s2b    0x0011c0ac       0xe4 c:/devkitpro/devkitarm/bin/../lib/gcc/arm-none-eabi/4.9.2/../../../../arm-none-eabi/lib/armv6k/fpu\libg.a(lib_a-mprec.o)
                0x0011c0ac                __s2b
 .text.__hi0bits
                0x0011c190       0x5c c:/devkitpro/devkitarm/bin/../lib/gcc/arm-none-eabi/4.9.2/../../../../arm-none-eabi/lib/armv6k/fpu\libg.a(lib_a-mprec.o)
                0x0011c190                __hi0bits
 .text.__lo0bits
                0x0011c1ec       0x98 c:/devkitpro/devkitarm/bin/../lib/gcc/arm-none-eabi/4.9.2/../../../../arm-none-eabi/lib/armv6k/fpu\libg.a(lib_a-mprec.o)
                0x0011c1ec                __lo0bits
 .text.__i2b    0x0011c284       0x20 c:/devkitpro/devkitarm/bin/../lib/gcc/arm-none-eabi/4.9.2/../../../../arm-none-eabi/lib/armv6k/fpu\libg.a(lib_a-mprec.o)
                0x0011c284                __i2b
 .text.__multiply
                0x0011c2a4      0x1dc c:/devkitpro/devkitarm/bin/../lib/gcc/arm-none-eabi/4.9.2/../../../../arm-none-eabi/lib/armv6k/fpu\libg.a(lib_a-mprec.o)
                0x0011c2a4                __multiply
 .text.__pow5mult
                0x0011c480      0x100 c:/devkitpro/devkitarm/bin/../lib/gcc/arm-none-eabi/4.9.2/../../../../arm-none-eabi/lib/armv6k/fpu\libg.a(lib_a-mprec.o)
                0x0011c480                __pow5mult
 .text.__lshift
                0x0011c580       0xf4 c:/devkitpro/devkitarm/bin/../lib/gcc/arm-none-eabi/4.9.2/../../../../arm-none-eabi/lib/armv6k/fpu\libg.a(lib_a-mprec.o)
                0x0011c580                __lshift
 .text.__mcmp   0x0011c674       0x64 c:/devkitpro/devkitarm/bin/../lib/gcc/arm-none-eabi/4.9.2/../../../../arm-none-eabi/lib/armv6k/fpu\libg.a(lib_a-mprec.o)
                0x0011c674                __mcmp
 .text.__mdiff  0x0011c6d8      0x13c c:/devkitpro/devkitarm/bin/../lib/gcc/arm-none-eabi/4.9.2/../../../../arm-none-eabi/lib/armv6k/fpu\libg.a(lib_a-mprec.o)
                0x0011c6d8                __mdiff
 .text.__ulp    0x0011c814       0x74 c:/devkitpro/devkitarm/bin/../lib/gcc/arm-none-eabi/4.9.2/../../../../arm-none-eabi/lib/armv6k/fpu\libg.a(lib_a-mprec.o)
                0x0011c814                __ulp
 .text.__b2d    0x0011c888       0xe4 c:/devkitpro/devkitarm/bin/../lib/gcc/arm-none-eabi/4.9.2/../../../../arm-none-eabi/lib/armv6k/fpu\libg.a(lib_a-mprec.o)
                0x0011c888                __b2d
 .text.__d2b    0x0011c96c      0x104 c:/devkitpro/devkitarm/bin/../lib/gcc/arm-none-eabi/4.9.2/../../../../arm-none-eabi/lib/armv6k/fpu\libg.a(lib_a-mprec.o)
                0x0011c96c                __d2b
 .text.__ratio  0x0011ca70       0x7c c:/devkitpro/devkitarm/bin/../lib/gcc/arm-none-eabi/4.9.2/../../../../arm-none-eabi/lib/armv6k/fpu\libg.a(lib_a-mprec.o)
                0x0011ca70                __ratio
 *fill*         0x0011caec        0x4 
 .text._mprec_log10
                0x0011caf0       0x48 c:/devkitpro/devkitarm/bin/../lib/gcc/arm-none-eabi/4.9.2/../../../../arm-none-eabi/lib/armv6k/fpu\libg.a(lib_a-mprec.o)
                0x0011caf0                _mprec_log10
 .text.__copybits
                0x0011cb38       0x6c c:/devkitpro/devkitarm/bin/../lib/gcc/arm-none-eabi/4.9.2/../../../../arm-none-eabi/lib/armv6k/fpu\libg.a(lib_a-mprec.o)
                0x0011cb38                __copybits
 .text.__any_on
                0x0011cba4       0x80 c:/devkitpro/devkitarm/bin/../lib/gcc/arm-none-eabi/4.9.2/../../../../arm-none-eabi/lib/armv6k/fpu\libg.a(lib_a-mprec.o)
                0x0011cba4                __any_on
 .text._realloc_r
                0x0011cc24      0x564 c:/devkitpro/devkitarm/bin/../lib/gcc/arm-none-eabi/4.9.2/../../../../arm-none-eabi/lib/armv6k/fpu\libg.a(lib_a-reallocr.o)
                0x0011cc24                _realloc_r
 .text.__sccl   0x0011d188       0xd8 c:/devkitpro/devkitarm/bin/../lib/gcc/arm-none-eabi/4.9.2/../../../../arm-none-eabi/lib/armv6k/fpu\libg.a(lib_a-sccl.o)
                0x0011d188                __sccl
 .text.nanf     0x0011d260        0xc c:/devkitpro/devkitarm/bin/../lib/gcc/arm-none-eabi/4.9.2/../../../../arm-none-eabi/lib/armv6k/fpu\libg.a(lib_a-sf_nan.o)
                0x0011d260                nanf
 .text.__fpclassifyd
                0x0011d26c       0x74 c:/devkitpro/devkitarm/bin/../lib/gcc/arm-none-eabi/4.9.2/../../../../arm-none-eabi/lib/armv6k/fpu\libg.a(lib_a-s_fpclassify.o)
                0x0011d26c                __fpclassifyd
 .text.frexp    0x0011d2e0       0x98 c:/devkitpro/devkitarm/bin/../lib/gcc/arm-none-eabi/4.9.2/../../../../arm-none-eabi/lib/armv6k/fpu\libg.a(lib_a-s_frexp.o)
                0x0011d2e0                frexp
 .text._sprintf_r
                0x0011d378       0x68 c:/devkitpro/devkitarm/bin/../lib/gcc/arm-none-eabi/4.9.2/../../../../arm-none-eabi/lib/armv6k/fpu\libg.a(lib_a-sprintf.o)
                0x0011d378                _sprintf_r
 .text.sprintf  0x0011d3e0       0x68 c:/devkitpro/devkitarm/bin/../lib/gcc/arm-none-eabi/4.9.2/../../../../arm-none-eabi/lib/armv6k/fpu\libg.a(lib_a-sprintf.o)
                0x0011d3e0                sprintf
 .text.stpncpy  0x0011d448      0x108 c:/devkitpro/devkitarm/bin/../lib/gcc/arm-none-eabi/4.9.2/../../../../arm-none-eabi/lib/armv6k/fpu\libg.a(lib_a-stpncpy.o)
                0x0011d448                stpncpy
 .text.strcasecmp
                0x0011d550       0x68 c:/devkitpro/devkitarm/bin/../lib/gcc/arm-none-eabi/4.9.2/../../../../arm-none-eabi/lib/armv6k/fpu\libg.a(lib_a-strcasecmp.o)
                0x0011d550                strcasecmp
 .text.strcat   0x0011d5b8       0x80 c:/devkitpro/devkitarm/bin/../lib/gcc/arm-none-eabi/4.9.2/../../../../arm-none-eabi/lib/armv6k/fpu\libg.a(lib_a-strcat.o)
                0x0011d5b8                strcat
 .text.strlcpy  0x0011d638       0x48 c:/devkitpro/devkitarm/bin/../lib/gcc/arm-none-eabi/4.9.2/../../../../arm-none-eabi/lib/armv6k/fpu\libg.a(lib_a-strlcpy.o)
                0x0011d638                strlcpy
 .text.strncasecmp
                0x0011d680       0x8c c:/devkitpro/devkitarm/bin/../lib/gcc/arm-none-eabi/4.9.2/../../../../arm-none-eabi/lib/armv6k/fpu\libg.a(lib_a-strncasecmp.o)
                0x0011d680                strncasecmp
 .text.strncmp  0x0011d70c      0x110 c:/devkitpro/devkitarm/bin/../lib/gcc/arm-none-eabi/4.9.2/../../../../arm-none-eabi/lib/armv6k/fpu\libg.a(lib_a-strncmp.o)
                0x0011d70c                strncmp
 .text.unlikely.sulp
                0x0011d81c       0x58 c:/devkitpro/devkitarm/bin/../lib/gcc/arm-none-eabi/4.9.2/../../../../arm-none-eabi/lib/armv6k/fpu\libg.a(lib_a-strtod.o)
 *fill*         0x0011d874        0x4 
 .text._strtod_r
                0x0011d878     0x13e8 c:/devkitpro/devkitarm/bin/../lib/gcc/arm-none-eabi/4.9.2/../../../../arm-none-eabi/lib/armv6k/fpu\libg.a(lib_a-strtod.o)
                0x0011d878                _strtod_r
 .text.strtod   0x0011ec60       0x20 c:/devkitpro/devkitarm/bin/../lib/gcc/arm-none-eabi/4.9.2/../../../../arm-none-eabi/lib/armv6k/fpu\libg.a(lib_a-strtod.o)
                0x0011ec60                strtod
 .text.strtof   0x0011ec80       0x48 c:/devkitpro/devkitarm/bin/../lib/gcc/arm-none-eabi/4.9.2/../../../../arm-none-eabi/lib/armv6k/fpu\libg.a(lib_a-strtod.o)
                0x0011ec80                strtof
 .text._strtoll_r
                0x0011ecc8      0x2a0 c:/devkitpro/devkitarm/bin/../lib/gcc/arm-none-eabi/4.9.2/../../../../arm-none-eabi/lib/armv6k/fpu\libg.a(lib_a-strtoll_r.o)
                0x0011ecc8                _strtoll_r
 .text._strtol_r
                0x0011ef68      0x1dc c:/devkitpro/devkitarm/bin/../lib/gcc/arm-none-eabi/4.9.2/../../../../arm-none-eabi/lib/armv6k/fpu\libg.a(lib_a-strtol.o)
                0x0011ef68                _strtol_r
 .text.strtol   0x0011f144       0x28 c:/devkitpro/devkitarm/bin/../lib/gcc/arm-none-eabi/4.9.2/../../../../arm-none-eabi/lib/armv6k/fpu\libg.a(lib_a-strtol.o)
                0x0011f144                strtol
 .text._strtoull_r
                0x0011f16c      0x260 c:/devkitpro/devkitarm/bin/../lib/gcc/arm-none-eabi/4.9.2/../../../../arm-none-eabi/lib/armv6k/fpu\libg.a(lib_a-strtoull_r.o)
                0x0011f16c                _strtoull_r
 .text._strtoul_r
                0x0011f3cc      0x1cc c:/devkitpro/devkitarm/bin/../lib/gcc/arm-none-eabi/4.9.2/../../../../arm-none-eabi/lib/armv6k/fpu\libg.a(lib_a-strtoul.o)
                0x0011f3cc                _strtoul_r
 .text.strtoul  0x0011f598       0x28 c:/devkitpro/devkitarm/bin/../lib/gcc/arm-none-eabi/4.9.2/../../../../arm-none-eabi/lib/armv6k/fpu\libg.a(lib_a-strtoul.o)
                0x0011f598                strtoul
 .text.get_arg  0x0011f5c0      0x860 c:/devkitpro/devkitarm/bin/../lib/gcc/arm-none-eabi/4.9.2/../../../../arm-none-eabi/lib/armv6k/fpu\libg.a(lib_a-svfiprintf.o)
 .text.__ssprint_r
                0x0011fe20      0x1a8 c:/devkitpro/devkitarm/bin/../lib/gcc/arm-none-eabi/4.9.2/../../../../arm-none-eabi/lib/armv6k/fpu\libg.a(lib_a-svfiprintf.o)
                0x0011fe20                __ssprint_r
 .text._svfiprintf_r
                0x0011ffc8     0x2fdc c:/devkitpro/devkitarm/bin/../lib/gcc/arm-none-eabi/4.9.2/../../../../arm-none-eabi/lib/armv6k/fpu\libg.a(lib_a-svfiprintf.o)
                0x0011ffc8                _svfiprintf_r
 .text._sungetc_r
                0x00122fa4       0xf0 c:/devkitpro/devkitarm/bin/../lib/gcc/arm-none-eabi/4.9.2/../../../../arm-none-eabi/lib/armv6k/fpu\libg.a(lib_a-svfiscanf.o)
                0x00122fa4                _sungetc_r
 .text.__ssrefill_r
                0x00123094       0x6c c:/devkitpro/devkitarm/bin/../lib/gcc/arm-none-eabi/4.9.2/../../../../arm-none-eabi/lib/armv6k/fpu\libg.a(lib_a-svfiscanf.o)
                0x00123094                __ssrefill_r
 .text._sfread_r
                0x00123100       0xc0 c:/devkitpro/devkitarm/bin/../lib/gcc/arm-none-eabi/4.9.2/../../../../arm-none-eabi/lib/armv6k/fpu\libg.a(lib_a-svfiscanf.o)
                0x00123100                _sfread_r
 .text.__ssvfiscanf_r
                0x001231c0     0x213c c:/devkitpro/devkitarm/bin/../lib/gcc/arm-none-eabi/4.9.2/../../../../arm-none-eabi/lib/armv6k/fpu\libg.a(lib_a-svfiscanf.o)
                0x001231c0                __ssvfiscanf_r
 .text.get_arg  0x001252fc      0x860 c:/devkitpro/devkitarm/bin/../lib/gcc/arm-none-eabi/4.9.2/../../../../arm-none-eabi/lib/armv6k/fpu\libg.a(lib_a-svfprintf.o)
 *fill*         0x00125b5c        0x4 
 .text._svfprintf_r
                0x00125b60     0x4320 c:/devkitpro/devkitarm/bin/../lib/gcc/arm-none-eabi/4.9.2/../../../../arm-none-eabi/lib/armv6k/fpu\libg.a(lib_a-svfprintf.o)
                0x00125b60                _svfprintf_r
 .text.__submore
                0x00129e80       0xa8 c:/devkitpro/devkitarm/bin/../lib/gcc/arm-none-eabi/4.9.2/../../../../arm-none-eabi/lib/armv6k/fpu\libg.a(lib_a-ungetc.o)
                0x00129e80                __submore
 .text._ungetc_r
                0x00129f28      0x238 c:/devkitpro/devkitarm/bin/../lib/gcc/arm-none-eabi/4.9.2/../../../../arm-none-eabi/lib/armv6k/fpu\libg.a(lib_a-ungetc.o)
                0x00129f28                _ungetc_r
 .text.ungetc   0x0012a160       0x20 c:/devkitpro/devkitarm/bin/../lib/gcc/arm-none-eabi/4.9.2/../../../../arm-none-eabi/lib/armv6k/fpu\libg.a(lib_a-ungetc.o)
                0x0012a160                ungetc
 .text.__swbuf_r
                0x0012a180      0x124 c:/devkitpro/devkitarm/bin/../lib/gcc/arm-none-eabi/4.9.2/../../../../arm-none-eabi/lib/armv6k/fpu\libg.a(lib_a-wbuf.o)
                0x0012a180                __swbuf_r
 .text.__swbuf  0x0012a2a4       0x20 c:/devkitpro/devkitarm/bin/../lib/gcc/arm-none-eabi/4.9.2/../../../../arm-none-eabi/lib/armv6k/fpu\libg.a(lib_a-wbuf.o)
                0x0012a2a4                __swbuf
 .text._wcsnrtombs_r
                0x0012a2c4      0x184 c:/devkitpro/devkitarm/bin/../lib/gcc/arm-none-eabi/4.9.2/../../../../arm-none-eabi/lib/armv6k/fpu\libg.a(lib_a-wcsnrtombs.o)
                0x0012a2c4                _wcsnrtombs_r
 .text.wcsnrtombs
                0x0012a448       0x40 c:/devkitpro/devkitarm/bin/../lib/gcc/arm-none-eabi/4.9.2/../../../../arm-none-eabi/lib/armv6k/fpu\libg.a(lib_a-wcsnrtombs.o)
                0x0012a448                wcsnrtombs
 .text._calloc_r
                0x0012a488       0x94 c:/devkitpro/devkitarm/bin/../lib/gcc/arm-none-eabi/4.9.2/../../../../arm-none-eabi/lib/armv6k/fpu\libg.a(lib_a-callocr.o)
                0x0012a488                _calloc_r
 .text._fclose_r
                0x0012a51c      0x118 c:/devkitpro/devkitarm/bin/../lib/gcc/arm-none-eabi/4.9.2/../../../../arm-none-eabi/lib/armv6k/fpu\libg.a(lib_a-fclose.o)
                0x0012a51c                _fclose_r
 .text.fclose   0x0012a634       0x18 c:/devkitpro/devkitarm/bin/../lib/gcc/arm-none-eabi/4.9.2/../../../../arm-none-eabi/lib/armv6k/fpu\libg.a(lib_a-fclose.o)
                0x0012a634                fclose
 .text.rshift   0x0012a64c       0xec c:/devkitpro/devkitarm/bin/../lib/gcc/arm-none-eabi/4.9.2/../../../../arm-none-eabi/lib/armv6k/fpu\libg.a(lib_a-gdtoa-gethex.o)
 .text.__gethex
                0x0012a738      0x7e8 c:/devkitpro/devkitarm/bin/../lib/gcc/arm-none-eabi/4.9.2/../../../../arm-none-eabi/lib/armv6k/fpu\libg.a(lib_a-gdtoa-gethex.o)
                0x0012a738                __gethex
 .text.__hexnan
                0x0012af20      0x260 c:/devkitpro/devkitarm/bin/../lib/gcc/arm-none-eabi/4.9.2/../../../../arm-none-eabi/lib/armv6k/fpu\libg.a(lib_a-gdtoa-hexnan.o)
                0x0012af20                __hexnan
 .text._findenv_r
                0x0012b180       0xc8 c:/devkitpro/devkitarm/bin/../lib/gcc/arm-none-eabi/4.9.2/../../../../arm-none-eabi/lib/armv6k/fpu\libg.a(lib_a-getenv_r.o)
                0x0012b180                _findenv_r
 .text._getenv_r
                0x0012b248       0x18 c:/devkitpro/devkitarm/bin/../lib/gcc/arm-none-eabi/4.9.2/../../../../arm-none-eabi/lib/armv6k/fpu\libg.a(lib_a-getenv_r.o)
                0x0012b248                _getenv_r
 .text.__env_lock
                0x0012b260        0x4 c:/devkitpro/devkitarm/bin/../lib/gcc/arm-none-eabi/4.9.2/../../../../arm-none-eabi/lib/armv6k/fpu\libg.a(lib_a-envlock.o)
                0x0012b260                __env_lock
 .text.__env_unlock
                0x0012b264        0x4 c:/devkitpro/devkitarm/bin/../lib/gcc/arm-none-eabi/4.9.2/../../../../arm-none-eabi/lib/armv6k/fpu\libg.a(lib_a-envlock.o)
                0x0012b264                __env_unlock
 .text.__errno  0x0012b268        0xc c:/devkitpro/devkitarm/bin/../lib/gcc/arm-none-eabi/4.9.2/../../../../arm-none-eabi/lib/armv6k/fpu\libg.a(lib_a-errno.o)
                0x0012b268                __errno
 .text.strnlen  0x0012b274       0x5c c:/devkitpro/devkitarm/bin/../lib/gcc/arm-none-eabi/4.9.2/../../../../arm-none-eabi/lib/armv6k/fpu\libg.a(lib_a-strnlen.o)
                0x0012b274                strnlen
 .text.strrchr  0x0012b2d0       0x44 c:/devkitpro/devkitarm/bin/../lib/gcc/arm-none-eabi/4.9.2/../../../../arm-none-eabi/lib/armv6k/fpu\libg.a(lib_a-strrchr.o)
                0x0012b2d0                strrchr
 *(.glue_7)
 .glue_7        0x0012b314        0x0 linker stubs
 *(.glue_7t)
 .glue_7t       0x0012b314        0x0 linker stubs
 *(.stub)
 *(.gnu.warning)
 *(.gnu.linkonce.t*)
                0x0012b314                . = ALIGN (0x4)
 *(.fini)
 .fini          0x0012b314        0xc c:/devkitpro/devkitarm/bin/../lib/gcc/arm-none-eabi/4.9.2/armv6k/fpu/crti.o
                0x0012b314                _fini
 .fini          0x0012b320        0xc c:/devkitpro/devkitarm/bin/../lib/gcc/arm-none-eabi/4.9.2/armv6k/fpu/crtn.o
                0x0012b32c                . = ALIGN (0x4)

.vfp11_veneer   0x0012b32c        0x0
 .vfp11_veneer  0x0012b32c        0x0 linker stubs

.v4_bx          0x0012b32c        0x0
 .v4_bx         0x0012b32c        0x0 linker stubs

.iplt           0x0012b32c        0x0
 .iplt          0x0012b32c        0x0 c:/devkitpro/devkitarm/bin/../lib/gcc/arm-none-eabi/4.9.2/../../../../arm-none-eabi/lib/armv6k/fpu/3dsx_crt0.o

.rodata         0x0012c000     0x4e10
 *(.rodata)
 .rodata        0x0012c000      0x410 graphic_tools.o
                0x0012c400                BOTTOM_WIDTH
                0x0012c404                BOTTOM_HEIGHT
                0x0012c408                TOP_WIDTH
                0x0012c40c                TOP_HEIGHT
 .rodata        0x0012c410       0x14 main.o
                0x0012c410                PLAYER_PATH_MAX
                0x0012c414                BULLET_RAD
                0x0012c418                BASIC_RAD
                0x0012c41c                AIM_CENTER_Y
                0x0012c420                AIM_CENTER_X
 .rodata        0x0012c424      0x168 c:/devkitPro/libctru/lib\libctru.a(console.o)
 .rodata        0x0012c58c       0x14 c:/devkitPro/libctru/lib\libctru.a(gfx.o)
 .rodata        0x0012c5a0        0xc c:/devkitPro/libctru/lib\libctru.a(apt.o)
 .rodata        0x0012c5ac      0x804 c:/devkitPro/libctru/lib\libctru.a(default_font.bin.o)
                0x0012c5ac                default_font_bin
                0x0012cdac                default_font_bin_size
                0x0012cdac                default_font_bin_end
 .rodata        0x0012cdb0       0x2c c:/devkitPro/libctru/lib\libctru.a(os.o)
 .rodata        0x0012cddc       0x30 c:/devkitPro/libctru/lib\libctru.a(sdmc_dev.o)
 .rodata        0x0012ce0c       0x68 c:/devkitpro/devkitarm/bin/../lib/gcc/arm-none-eabi/4.9.2/../../../../arm-none-eabi/lib/armv6k/fpu\libsysbase.a(iosupport.o)
                0x0012ce0c                dotab_stdnull
 .rodata        0x0012ce74        0xc c:/devkitpro/devkitarm/bin/../lib/gcc/arm-none-eabi/4.9.2/../../../../arm-none-eabi/lib/armv6k/fpu\libsysbase.a(chdir.o)
                0x0012ce74                DIRECTORY_PARENT
                0x0012ce78                DIRECTORY_THIS
                0x0012ce7c                DIRECTORY_SEPARATOR
 *(.roda)
 *(.rodata.*)
 .rodata.str1.4
                0x0012ce80       0xc5 main.o
                                 0xc8 (size before relaxing)
 *fill*         0x0012cf45        0x3 
 .rodata.str1.4
                0x0012cf48       0x70 c:/devkitPro/libctru/lib\libctru.a(console.o)
 .rodata.str1.4
                0x0012cfb8       0x16 c:/devkitPro/libctru/lib\libctru.a(apt.o)
                                 0x18 (size before relaxing)
 *fill*         0x0012cfce        0x2 
 .rodata.str1.4
                0x0012cfd0        0x9 c:/devkitPro/libctru/lib\libctru.a(gsp.o)
                                  0xc (size before relaxing)
 *fill*         0x0012cfd9        0x3 
 .rodata.str1.4
                0x0012cfdc        0x9 c:/devkitPro/libctru/lib\libctru.a(hid.o)
                                  0xc (size before relaxing)
 *fill*         0x0012cfe5        0x3 
 .rodata.str1.4
                0x0012cfe8        0x7 c:/devkitPro/libctru/lib\libctru.a(irrst.o)
                                  0x8 (size before relaxing)
 *fill*         0x0012cfef        0x1 
 .rodata.str1.4
                0x0012cff0        0xf c:/devkitPro/libctru/lib\libctru.a(srv.o)
                                 0x10 (size before relaxing)
 *fill*         0x0012cfff        0x1 
 .rodata.str1.4
                0x0012d000       0xc4 c:/devkitPro/libctru/lib\libctru.a(os.o)
 .rodata.str1.4
                0x0012d0c4        0x5 c:/devkitPro/libctru/lib\libctru.a(sdmc_dev.o)
                                  0xc (size before relaxing)
 *fill*         0x0012d0c9        0x3 
 .rodata.str1.4
                0x0012d0cc        0x8 c:/devkitPro/libctru/lib\libctru.a(fs.o)
 .rodata.str1.4
                0x0012d0d4        0x5 c:/devkitpro/devkitarm/bin/../lib/gcc/arm-none-eabi/4.9.2/../../../../arm-none-eabi/lib/armv6k/fpu\libg.a(lib_a-svfscanf.o)
                                  0x8 (size before relaxing)
 *fill*         0x0012d0d9        0x3 
 .rodata.basefix.6958
                0x0012d0dc       0x24 c:/devkitpro/devkitarm/bin/../lib/gcc/arm-none-eabi/4.9.2/../../../../arm-none-eabi/lib/armv6k/fpu\libg.a(lib_a-svfscanf.o)
 .rodata.zeroes.7030
                0x0012d100       0x10 c:/devkitpro/devkitarm/bin/../lib/gcc/arm-none-eabi/4.9.2/../../../../arm-none-eabi/lib/armv6k/fpu\libg.a(lib_a-vfiprintf.o)
 .rodata.str1.4
                0x0012d110       0x2f c:/devkitpro/devkitarm/bin/../lib/gcc/arm-none-eabi/4.9.2/../../../../arm-none-eabi/lib/armv6k/fpu\libg.a(lib_a-vfiprintf.o)
                                 0x30 (size before relaxing)
 *fill*         0x0012d13f        0x1 
 .rodata.blanks.7029
                0x0012d140       0x10 c:/devkitpro/devkitarm/bin/../lib/gcc/arm-none-eabi/4.9.2/../../../../arm-none-eabi/lib/armv6k/fpu\libg.a(lib_a-vfiprintf.o)
 .rodata.zeroes.7052
                0x0012d150       0x10 c:/devkitpro/devkitarm/bin/../lib/gcc/arm-none-eabi/4.9.2/../../../../arm-none-eabi/lib/armv6k/fpu\libg.a(lib_a-vfprintf.o)
 .rodata.str1.4
                0x0012d160       0x12 c:/devkitpro/devkitarm/bin/../lib/gcc/arm-none-eabi/4.9.2/../../../../arm-none-eabi/lib/armv6k/fpu\libg.a(lib_a-vfprintf.o)
                                 0x44 (size before relaxing)
 *fill*         0x0012d172        0x2 
 .rodata.blanks.7051
                0x0012d174       0x10 c:/devkitpro/devkitarm/bin/../lib/gcc/arm-none-eabi/4.9.2/../../../../arm-none-eabi/lib/armv6k/fpu\libg.a(lib_a-vfprintf.o)
 .rodata._ctype_
                0x0012d184      0x104 c:/devkitpro/devkitarm/bin/../lib/gcc/arm-none-eabi/4.9.2/../../../../arm-none-eabi/lib/armv6k/fpu\libg.a(lib_a-ctype_.o)
                0x0012d184                _ctype_
 .rodata.str1.4
                0x0012d288       0x10 c:/devkitpro/devkitarm/bin/../lib/gcc/arm-none-eabi/4.9.2/../../../../arm-none-eabi/lib/armv6k/fpu\libg.a(lib_a-dtoa.o)
                                 0x14 (size before relaxing)
 .rodata.str1.4
                0x0012d298        0x2 c:/devkitpro/devkitarm/bin/../lib/gcc/arm-none-eabi/4.9.2/../../../../arm-none-eabi/lib/armv6k/fpu\libg.a(lib_a-impure.o)
                                  0x4 (size before relaxing)
 *fill*         0x0012d29a        0x2 
 .rodata._global_impure_ptr
                0x0012d29c        0x4 c:/devkitpro/devkitarm/bin/../lib/gcc/arm-none-eabi/4.9.2/../../../../arm-none-eabi/lib/armv6k/fpu\libg.a(lib_a-impure.o)
                0x0012d29c                _global_impure_ptr
 .rodata.a1     0x0012d2a0       0xbc c:/devkitpro/devkitarm/bin/../lib/gcc/arm-none-eabi/4.9.2/../../../../arm-none-eabi/lib/armv6k/fpu\libg.a(lib_a-jp2uc.o)
 .rodata.a2     0x0012d35c       0xbc c:/devkitpro/devkitarm/bin/../lib/gcc/arm-none-eabi/4.9.2/../../../../arm-none-eabi/lib/armv6k/fpu\libg.a(lib_a-jp2uc.o)
 .rodata.a3     0x0012d418       0x5c c:/devkitpro/devkitarm/bin/../lib/gcc/arm-none-eabi/4.9.2/../../../../arm-none-eabi/lib/armv6k/fpu\libg.a(lib_a-jp2uc.o)
 .rodata.a6     0x0012d474       0x70 c:/devkitpro/devkitarm/bin/../lib/gcc/arm-none-eabi/4.9.2/../../../../arm-none-eabi/lib/armv6k/fpu\libg.a(lib_a-jp2uc.o)
 .rodata.a7     0x0012d4e4       0xa4 c:/devkitpro/devkitarm/bin/../lib/gcc/arm-none-eabi/4.9.2/../../../../arm-none-eabi/lib/armv6k/fpu\libg.a(lib_a-jp2uc.o)
 .rodata.a8     0x0012d588       0x40 c:/devkitpro/devkitarm/bin/../lib/gcc/arm-none-eabi/4.9.2/../../../../arm-none-eabi/lib/armv6k/fpu\libg.a(lib_a-jp2uc.o)
 .rodata.str1.4
                0x0012d5c8       0x12 c:/devkitpro/devkitarm/bin/../lib/gcc/arm-none-eabi/4.9.2/../../../../arm-none-eabi/lib/armv6k/fpu\libg.a(lib_a-jp2uc.o)
                                 0x14 (size before relaxing)
 *fill*         0x0012d5da        0x2 
 .rodata.b02cf  0x0012d5dc     0x172c c:/devkitpro/devkitarm/bin/../lib/gcc/arm-none-eabi/4.9.2/../../../../arm-none-eabi/lib/armv6k/fpu\libg.a(lib_a-jp2uc.o)
 .rodata.d02f4  0x0012ed08     0x1a7c c:/devkitpro/devkitarm/bin/../lib/gcc/arm-none-eabi/4.9.2/../../../../arm-none-eabi/lib/armv6k/fpu\libg.a(lib_a-jp2uc.o)
 .rodata.str1.4
                0x00130784      0x110 c:/devkitpro/devkitarm/bin/../lib/gcc/arm-none-eabi/4.9.2/../../../../arm-none-eabi/lib/armv6k/fpu\libg.a(lib_a-locale.o)
                                0x130 (size before relaxing)
 .rodata.categories
                0x00130894       0x1c c:/devkitpro/devkitarm/bin/../lib/gcc/arm-none-eabi/4.9.2/../../../../arm-none-eabi/lib/armv6k/fpu\libg.a(lib_a-locale.o)
 .rodata.str1.4
                0x001308b0        0x4 c:/devkitpro/devkitarm/bin/../lib/gcc/arm-none-eabi/4.9.2/../../../../arm-none-eabi/lib/armv6k/fpu\libg.a(lib_a-mbrtowc.o)
 .rodata.JIS_state_table
                0x001308b0       0x48 c:/devkitpro/devkitarm/bin/../lib/gcc/arm-none-eabi/4.9.2/../../../../arm-none-eabi/lib/armv6k/fpu\libg.a(lib_a-mbtowc_r.o)
 .rodata.JIS_action_table
                0x001308f8       0x48 c:/devkitpro/devkitarm/bin/../lib/gcc/arm-none-eabi/4.9.2/../../../../arm-none-eabi/lib/armv6k/fpu\libg.a(lib_a-mbtowc_r.o)
 .rodata.p05.5298
                0x00130940        0xc c:/devkitpro/devkitarm/bin/../lib/gcc/arm-none-eabi/4.9.2/../../../../arm-none-eabi/lib/armv6k/fpu\libg.a(lib_a-mprec.o)
 *fill*         0x0013094c        0x4 
 .rodata.__mprec_tens
                0x00130950       0xc8 c:/devkitpro/devkitarm/bin/../lib/gcc/arm-none-eabi/4.9.2/../../../../arm-none-eabi/lib/armv6k/fpu\libg.a(lib_a-mprec.o)
                0x00130950                __mprec_tens
 .rodata.__mprec_bigtens
                0x00130a18       0x28 c:/devkitpro/devkitarm/bin/../lib/gcc/arm-none-eabi/4.9.2/../../../../arm-none-eabi/lib/armv6k/fpu\libg.a(lib_a-mprec.o)
                0x00130a18                __mprec_bigtens
 .rodata.__mprec_tinytens
                0x00130a40       0x28 c:/devkitpro/devkitarm/bin/../lib/gcc/arm-none-eabi/4.9.2/../../../../arm-none-eabi/lib/armv6k/fpu\libg.a(lib_a-mprec.o)
                0x00130a40                __mprec_tinytens
 .rodata.fpinan.5303
                0x00130a68       0x14 c:/devkitpro/devkitarm/bin/../lib/gcc/arm-none-eabi/4.9.2/../../../../arm-none-eabi/lib/armv6k/fpu\libg.a(lib_a-strtod.o)
 .rodata.str1.4
                0x00130a7c        0xf c:/devkitpro/devkitarm/bin/../lib/gcc/arm-none-eabi/4.9.2/../../../../arm-none-eabi/lib/armv6k/fpu\libg.a(lib_a-strtod.o)
                                 0x10 (size before relaxing)
 *fill*         0x00130a8b        0x5 
 .rodata.tinytens
                0x00130a90       0x28 c:/devkitpro/devkitarm/bin/../lib/gcc/arm-none-eabi/4.9.2/../../../../arm-none-eabi/lib/armv6k/fpu\libg.a(lib_a-strtod.o)
 .rodata.fpi.5267
                0x00130ab8       0x14 c:/devkitpro/devkitarm/bin/../lib/gcc/arm-none-eabi/4.9.2/../../../../arm-none-eabi/lib/armv6k/fpu\libg.a(lib_a-strtod.o)
 .rodata.__state_table
                0x00130acc       0x6c c:/devkitpro/devkitarm/bin/../lib/gcc/arm-none-eabi/4.9.2/../../../../arm-none-eabi/lib/armv6k/fpu\libg.a(lib_a-svfiprintf.o)
                0x00130acc                __state_table
 .rodata.blanks.7015
                0x00130b38       0x10 c:/devkitpro/devkitarm/bin/../lib/gcc/arm-none-eabi/4.9.2/../../../../arm-none-eabi/lib/armv6k/fpu\libg.a(lib_a-svfiprintf.o)
 .rodata.__chclass
                0x00130b48      0x100 c:/devkitpro/devkitarm/bin/../lib/gcc/arm-none-eabi/4.9.2/../../../../arm-none-eabi/lib/armv6k/fpu\libg.a(lib_a-svfiprintf.o)
                0x00130b48                __chclass
 .rodata.str1.4
                0x00130c48       0x30 c:/devkitpro/devkitarm/bin/../lib/gcc/arm-none-eabi/4.9.2/../../../../arm-none-eabi/lib/armv6k/fpu\libg.a(lib_a-svfiprintf.o)
 .rodata.__action_table
                0x00130c48       0x6c c:/devkitpro/devkitarm/bin/../lib/gcc/arm-none-eabi/4.9.2/../../../../arm-none-eabi/lib/armv6k/fpu\libg.a(lib_a-svfiprintf.o)
                0x00130c48                __action_table
 .rodata.zeroes.7016
                0x00130cb4       0x10 c:/devkitpro/devkitarm/bin/../lib/gcc/arm-none-eabi/4.9.2/../../../../arm-none-eabi/lib/armv6k/fpu\libg.a(lib_a-svfiprintf.o)
 .rodata.basefix.6409
                0x00130cc4       0x24 c:/devkitpro/devkitarm/bin/../lib/gcc/arm-none-eabi/4.9.2/../../../../arm-none-eabi/lib/armv6k/fpu\libg.a(lib_a-svfiscanf.o)
 .rodata.zeroes.7037
                0x00130ce8       0x10 c:/devkitpro/devkitarm/bin/../lib/gcc/arm-none-eabi/4.9.2/../../../../arm-none-eabi/lib/armv6k/fpu\libg.a(lib_a-svfprintf.o)
 .rodata.str1.4
                0x00130cf8       0x44 c:/devkitpro/devkitarm/bin/../lib/gcc/arm-none-eabi/4.9.2/../../../../arm-none-eabi/lib/armv6k/fpu\libg.a(lib_a-svfprintf.o)
 .rodata.blanks.7036
                0x00130cf8       0x10 c:/devkitpro/devkitarm/bin/../lib/gcc/arm-none-eabi/4.9.2/../../../../arm-none-eabi/lib/armv6k/fpu\libg.a(lib_a-svfprintf.o)
 .rodata.__hexdig
                0x00130d08      0x100 c:/devkitpro/devkitarm/bin/../lib/gcc/arm-none-eabi/4.9.2/../../../../arm-none-eabi/lib/armv6k/fpu\libg.a(lib_a-gdtoa-gethex.o)
                0x00130d08                __hexdig
 .rodata.str1.4
                0x00130e08        0x8 c:/devkitpro/devkitarm/bin/../lib/gcc/arm-none-eabi/4.9.2/../../../../arm-none-eabi/lib/armv6k/fpu\libsysbase.a(iosupport.o)
 *all.rodata*(*)
 *(.gnu.linkonce.r*)
                0x00130e10                . = ALIGN (0x4)

.rel.dyn        0x00130e10        0x0
 .rel.iplt      0x00130e10        0x0 c:/devkitpro/devkitarm/bin/../lib/gcc/arm-none-eabi/4.9.2/../../../../arm-none-eabi/lib/armv6k/fpu/3dsx_crt0.o

.ARM.extab
 *(.ARM.extab* .gnu.linkonce.armextab.*)
                0x00130e10                __exidx_start = .

ARM.exidx
 *(.ARM.exidx* .gnu.linkonce.armexidx.*)
                0x00130e10                __exidx_end = .

.data           0x00131000     0x3b40
 *(.data)
 .data          0x00131000        0x0 c:/devkitpro/devkitarm/bin/../lib/gcc/arm-none-eabi/4.9.2/../../../../arm-none-eabi/lib/armv6k/fpu/3dsx_crt0.o
 .data          0x00131000        0x0 c:/devkitpro/devkitarm/bin/../lib/gcc/arm-none-eabi/4.9.2/armv6k/fpu/crti.o
 .data          0x00131000        0x4 c:/devkitpro/devkitarm/bin/../lib/gcc/arm-none-eabi/4.9.2/armv6k/fpu/crtbegin.o
                0x00131000                __dso_handle
 .data          0x00131004        0x0 graphic_tools.o
 .data          0x00131004       0x20 main.o
                0x00131004                bg_state
                0x00131008                bg_red
                0x0013100c                bg_bump
                0x00131010                Steel
                0x00131014                White
                0x00131018                Blue
                0x0013101c                Green
                0x00131020                Red
 .data          0x00131024        0x0 tool_tools.o
 .data          0x00131024       0x54 c:/devkitPro/libctru/lib\libctru.a(console.o)
                0x00131024                defaultConsole
                0x00131070                currentConsole
 .data          0x00131078        0xc c:/devkitPro/libctru/lib\libctru.a(gfx.o)
 .data          0x00131084        0x0 c:/devkitPro/libctru/lib\libctru.a(apt.o)
 .data          0x00131084        0x0 c:/devkitPro/libctru/lib\libctru.a(gsp.o)
 .data          0x00131084        0x0 c:/devkitPro/libctru/lib\libctru.a(gx.o)
 .data          0x00131084        0x0 c:/devkitPro/libctru/lib\libctru.a(hid.o)
 .data          0x00131084        0x0 c:/devkitPro/libctru/lib\libctru.a(irrst.o)
 .data          0x00131084        0x0 c:/devkitPro/libctru/lib\libctru.a(initArgv.o)