Archive member included because of file (symbol)

d:/devkitPro/libctru/lib\libctru.a(gfx.o)
                              main.o (gfxInit)
d:/devkitPro/libctru/lib\libctru.a(srv.o)
                              main.o (srvExit)
d:/devkitPro/libctru/lib\libctru.a(initSystem.o)
                              d:/devkitpro/devkitarm/bin/../lib/gcc/arm-none-eabi/4.9.2/../../../../arm-none-eabi/lib/3dsx_crt0.o (__ctru_exit)
d:/devkitPro/libctru/lib\libctru.a(gx.o)
                              d:/devkitPro/libctru/lib\libctru.a(gfx.o) (gxCmdBuf)
d:/devkitPro/libctru/lib\libctru.a(apt.o)
                              main.o (aptInit)
d:/devkitPro/libctru/lib\libctru.a(hid.o)
                              main.o (hidExit)
d:/devkitPro/libctru/lib\libctru.a(gsp.o)
                              d:/devkitPro/libctru/lib\libctru.a(gfx.o) (gspInit)
d:/devkitPro/libctru/lib\libctru.a(irrst.o)
                              d:/devkitPro/libctru/lib\libctru.a(hid.o) (irrstExit)
d:/devkitPro/libctru/lib\libctru.a(svc.o)
                              d:/devkitPro/libctru/lib\libctru.a(initSystem.o) (svcControlMemory)
d:/devkitPro/libctru/lib\libctru.a(linear.o)
                              d:/devkitPro/libctru/lib\libctru.a(gfx.o) (linearAlloc)
d:/devkitPro/libctru/lib\libctru.a(rbtree_find.o)
                              d:/devkitPro/libctru/lib\libctru.a(linear.o) (rbtree_find)
d:/devkitPro/libctru/lib\libctru.a(rbtree_remove.o)
                              d:/devkitPro/libctru/lib\libctru.a(linear.o) (rbtree_remove)
d:/devkitPro/libctru/lib\libctru.a(rbtree_iterator.o)
                              d:/devkitPro/libctru/lib\libctru.a(rbtree_remove.o) (rbtree_node_next)
d:/devkitPro/libctru/lib\libctru.a(rbtree_rotate.o)
                              d:/devkitPro/libctru/lib\libctru.a(rbtree_remove.o) (rbtree_rotate)
d:/devkitPro/libctru/lib\libctru.a(rbtree_insert.o)
                              d:/devkitPro/libctru/lib\libctru.a(linear.o) (rbtree_insert)
d:/devkitPro/libctru/lib\libctru.a(rbtree_init.o)
                              d:/devkitPro/libctru/lib\libctru.a(linear.o) (rbtree_init)
d:/devkitPro/libctru/lib\libctru.a(mem_pool.o)
                              d:/devkitPro/libctru/lib\libctru.a(linear.o) (MemPool::Allocate(MemChunk&, unsigned long, int))
d:/devkitpro/devkitarm/bin/../lib/gcc/arm-none-eabi/4.9.2/../../../../arm-none-eabi/lib\libg.a(lib_a-fini.o)
                              d:/devkitPro/libctru/lib\libctru.a(initSystem.o) (__libc_fini_array)
d:/devkitpro/devkitarm/bin/../lib/gcc/arm-none-eabi/4.9.2/../../../../arm-none-eabi/lib\libg.a(lib_a-init.o)
                              d:/devkitPro/libctru/lib\libctru.a(initSystem.o) (__libc_init_array)
d:/devkitpro/devkitarm/bin/../lib/gcc/arm-none-eabi/4.9.2/../../../../arm-none-eabi/lib\libg.a(lib_a-malloc.o)
                              d:/devkitPro/libctru/lib\libctru.a(linear.o) (malloc)
d:/devkitpro/devkitarm/bin/../lib/gcc/arm-none-eabi/4.9.2/../../../../arm-none-eabi/lib\libg.a(lib_a-mallocr.o)
                              d:/devkitpro/devkitarm/bin/../lib/gcc/arm-none-eabi/4.9.2/../../../../arm-none-eabi/lib\libg.a(lib_a-malloc.o) (_malloc_r)
d:/devkitpro/devkitarm/bin/../lib/gcc/arm-none-eabi/4.9.2/../../../../arm-none-eabi/lib\libg.a(lib_a-memcpy-stub.o)
                              d:/devkitPro/libctru/lib\libctru.a(initSystem.o) (memcpy)
d:/devkitpro/devkitarm/bin/../lib/gcc/arm-none-eabi/4.9.2/../../../../arm-none-eabi/lib\libg.a(lib_a-memset.o)
                              main.o (memset)
d:/devkitpro/devkitarm/bin/../lib/gcc/arm-none-eabi/4.9.2/../../../../arm-none-eabi/lib\libg.a(lib_a-mlock.o)
                              d:/devkitpro/devkitarm/bin/../lib/gcc/arm-none-eabi/4.9.2/../../../../arm-none-eabi/lib\libg.a(lib_a-mallocr.o) (__malloc_lock)
d:/devkitpro/devkitarm/bin/../lib/gcc/arm-none-eabi/4.9.2/../../../../arm-none-eabi/lib\libg.a(lib_a-rand.o)
                              math_tools.o (rand)
d:/devkitpro/devkitarm/bin/../lib/gcc/arm-none-eabi/4.9.2/../../../../arm-none-eabi/lib\libg.a(lib_a-strcpy.o)
                              d:/devkitPro/libctru/lib\libctru.a(srv.o) (strcpy)
d:/devkitpro/devkitarm/bin/../lib/gcc/arm-none-eabi/4.9.2/../../../../arm-none-eabi/lib\libg.a(lib_a-strlen.o)
                              graphic_tools.o (strlen)
d:/devkitpro/devkitarm/bin/../lib/gcc/arm-none-eabi/4.9.2/../../../../arm-none-eabi/lib\libg.a(lib_a-freer.o)
                              d:/devkitpro/devkitarm/bin/../lib/gcc/arm-none-eabi/4.9.2/../../../../arm-none-eabi/lib\libg.a(lib_a-malloc.o) (_free_r)
d:/devkitpro/devkitarm/bin/../lib/gcc/arm-none-eabi/4.9.2/../../../../arm-none-eabi/lib\libg.a(lib_a-impure.o)
                              d:/devkitpro/devkitarm/bin/../lib/gcc/arm-none-eabi/4.9.2/../../../../arm-none-eabi/lib\libg.a(lib_a-malloc.o) (_impure_ptr)
d:/devkitpro/devkitarm/bin/../lib/gcc/arm-none-eabi/4.9.2/../../../../arm-none-eabi/lib\libsysbase.a(sbrk.o)
                              d:/devkitpro/devkitarm/bin/../lib/gcc/arm-none-eabi/4.9.2/../../../../arm-none-eabi/lib\libg.a(lib_a-mallocr.o) (_sbrk_r)
d:/devkitpro/devkitarm/bin/../lib/gcc/arm-none-eabi/4.9.2/../../../../arm-none-eabi/lib\libsysbase.a(malloc_vars.o)
                              d:/devkitPro/libctru/lib\libctru.a(initSystem.o) (fake_heap_start)
d:/devkitpro/devkitarm/bin/../lib/gcc/arm-none-eabi/4.9.2/../../../../arm-none-eabi/lib\libsysbase.a(syscall_support.o)
                              d:/devkitPro/libctru/lib\libctru.a(initSystem.o) (__syscalls)

Allocating common symbols
Common symbol       size              file

hidMemHandle        0x4               d:/devkitPro/libctru/lib\libctru.a(hid.o)
aptEventHandlerThread
                    0x4               d:/devkitPro/libctru/lib\libctru.a(apt.o)
hidHandle           0x4               d:/devkitPro/libctru/lib\libctru.a(hid.o)
gspEventStack       0x1000            d:/devkitPro/libctru/lib\libctru.a(gsp.o)
gfxBottomFramebuffers
                    0x8               d:/devkitPro/libctru/lib\libctru.a(gfx.o)
gspSharedMemHandle  0x4               d:/devkitPro/libctru/lib\libctru.a(gfx.o)
__system_argv       0x4               d:/devkitPro/libctru/lib\libctru.a(initSystem.o)
hidSharedMem        0x4               d:/devkitPro/libctru/lib\libctru.a(hid.o)
__system_argc       0x4               d:/devkitPro/libctru/lib\libctru.a(initSystem.o)
bottomFramebufferInfo
                    0x1c              d:/devkitPro/libctru/lib\libctru.a(gfx.o)
__linear_heap       0x4               d:/devkitPro/libctru/lib\libctru.a(initSystem.o)
aptParameters       0x1000            d:/devkitPro/libctru/lib\libctru.a(apt.o)
aptEventHandlerStack
                    0x1000            d:/devkitPro/libctru/lib\libctru.a(apt.o)
aptuHandle          0x4               d:/devkitPro/libctru/lib\libctru.a(apt.o)
irrstHandle         0x4               d:/devkitPro/libctru/lib\libctru.a(irrst.o)
aptEvents           0xc               d:/devkitPro/libctru/lib\libctru.a(apt.o)
gspEventThread      0x4               d:/devkitPro/libctru/lib\libctru.a(gsp.o)
gspEvent            0x4               d:/devkitPro/libctru/lib\libctru.a(gfx.o)
hidEvents           0x14              d:/devkitPro/libctru/lib\libctru.a(hid.o)
__system_retAddr    0x4               d:/devkitPro/libctru/lib\libctru.a(initSystem.o)
irrstEvent          0x4               d:/devkitPro/libctru/lib\libctru.a(irrst.o)
currentBuffer       0x1               d:/devkitPro/libctru/lib\libctru.a(gfx.o)
irrstMemHandle      0x4               d:/devkitPro/libctru/lib\libctru.a(irrst.o)
gfxTopLeftFramebuffers
                    0x8               d:/devkitPro/libctru/lib\libctru.a(gfx.o)
enable3d            0x1               d:/devkitPro/libctru/lib\libctru.a(gfx.o)
gfxTopRightFramebuffers
                    0x8               d:/devkitPro/libctru/lib\libctru.a(gfx.o)
topFramebufferInfo  0x1c              d:/devkitPro/libctru/lib\libctru.a(gfx.o)
gspEvents           0x1c              d:/devkitPro/libctru/lib\libctru.a(gsp.o)
gfxThreadID         0x1               d:/devkitPro/libctru/lib\libctru.a(gfx.o)
gfxSharedMemory     0x4               d:/devkitPro/libctru/lib\libctru.a(gfx.o)
gspRunEvents        0x1               d:/devkitPro/libctru/lib\libctru.a(gsp.o)
irrstSharedMem      0x4               d:/devkitPro/libctru/lib\libctru.a(irrst.o)
aptStatusMutex      0x4               d:/devkitPro/libctru/lib\libctru.a(apt.o)
gxCmdBuf            0x4               d:/devkitPro/libctru/lib\libctru.a(gx.o)
aptLockHandle       0x4               d:/devkitPro/libctru/lib\libctru.a(apt.o)
currentAppId        0x2               d:/devkitPro/libctru/lib\libctru.a(apt.o)

Discarded input sections

 .comment       0x00000000       0x23 d:/devkitpro/devkitarm/bin/../lib/gcc/arm-none-eabi/4.9.2/crtbegin.o
 .comment       0x00000000       0x23 color_tools.o
 .comment       0x00000000       0x23 graphic_tools.o
 .comment       0x00000000       0x23 main.o
 .comment       0x00000000       0x23 math_tools.o
 .comment       0x00000000       0x23 tool_tools.o
 .comment       0x00000000       0x23 d:/devkitPro/libctru/lib\libctru.a(gfx.o)
 .comment       0x00000000       0x23 d:/devkitPro/libctru/lib\libctru.a(srv.o)
 .comment       0x00000000       0x23 d:/devkitPro/libctru/lib\libctru.a(initSystem.o)
 .comment       0x00000000       0x23 d:/devkitPro/libctru/lib\libctru.a(gx.o)
 .comment       0x00000000       0x23 d:/devkitPro/libctru/lib\libctru.a(apt.o)
 .comment       0x00000000       0x23 d:/devkitPro/libctru/lib\libctru.a(hid.o)
 .comment       0x00000000       0x23 d:/devkitPro/libctru/lib\libctru.a(gsp.o)
 .comment       0x00000000       0x23 d:/devkitPro/libctru/lib\libctru.a(irrst.o)
 .comment       0x00000000       0x23 d:/devkitPro/libctru/lib\libctru.a(linear.o)
 .comment       0x00000000       0x23 d:/devkitPro/libctru/lib\libctru.a(rbtree_find.o)
 .comment       0x00000000       0x23 d:/devkitPro/libctru/lib\libctru.a(rbtree_remove.o)
 .comment       0x00000000       0x23 d:/devkitPro/libctru/lib\libctru.a(rbtree_iterator.o)
 .comment       0x00000000       0x23 d:/devkitPro/libctru/lib\libctru.a(rbtree_rotate.o)
 .comment       0x00000000       0x23 d:/devkitPro/libctru/lib\libctru.a(rbtree_insert.o)
 .comment       0x00000000       0x23 d:/devkitPro/libctru/lib\libctru.a(rbtree_init.o)
 .comment       0x00000000       0x23 d:/devkitPro/libctru/lib\libctru.a(mem_pool.o)
 .comment       0x00000000       0x23 d:/devkitpro/devkitarm/bin/../lib/gcc/arm-none-eabi/4.9.2/../../../../arm-none-eabi/lib\libg.a(lib_a-fini.o)
 .comment       0x00000000       0x23 d:/devkitpro/devkitarm/bin/../lib/gcc/arm-none-eabi/4.9.2/../../../../arm-none-eabi/lib\libg.a(lib_a-init.o)
 .comment       0x00000000       0x23 d:/devkitpro/devkitarm/bin/../lib/gcc/arm-none-eabi/4.9.2/../../../../arm-none-eabi/lib\libg.a(lib_a-malloc.o)
 .comment       0x00000000       0x23 d:/devkitpro/devkitarm/bin/../lib/gcc/arm-none-eabi/4.9.2/../../../../arm-none-eabi/lib\libg.a(lib_a-mallocr.o)
 .comment       0x00000000       0x23 d:/devkitpro/devkitarm/bin/../lib/gcc/arm-none-eabi/4.9.2/../../../../arm-none-eabi/lib\libg.a(lib_a-memcpy-stub.o)
 .comment       0x00000000       0x23 d:/devkitpro/devkitarm/bin/../lib/gcc/arm-none-eabi/4.9.2/../../../../arm-none-eabi/lib\libg.a(lib_a-memset.o)
 .comment       0x00000000       0x23 d:/devkitpro/devkitarm/bin/../lib/gcc/arm-none-eabi/4.9.2/../../../../arm-none-eabi/lib\libg.a(lib_a-mlock.o)
 .comment       0x00000000       0x23 d:/devkitpro/devkitarm/bin/../lib/gcc/arm-none-eabi/4.9.2/../../../../arm-none-eabi/lib\libg.a(lib_a-rand.o)
 .comment       0x00000000       0x23 d:/devkitpro/devkitarm/bin/../lib/gcc/arm-none-eabi/4.9.2/../../../../arm-none-eabi/lib\libg.a(lib_a-strcpy.o)
 .comment       0x00000000       0x23 d:/devkitpro/devkitarm/bin/../lib/gcc/arm-none-eabi/4.9.2/../../../../arm-none-eabi/lib\libg.a(lib_a-strlen.o)
 .comment       0x00000000       0x23 d:/devkitpro/devkitarm/bin/../lib/gcc/arm-none-eabi/4.9.2/../../../../arm-none-eabi/lib\libg.a(lib_a-freer.o)
 .comment       0x00000000       0x23 d:/devkitpro/devkitarm/bin/../lib/gcc/arm-none-eabi/4.9.2/../../../../arm-none-eabi/lib\libg.a(lib_a-impure.o)
 .comment       0x00000000       0x23 d:/devkitpro/devkitarm/bin/../lib/gcc/arm-none-eabi/4.9.2/../../../../arm-none-eabi/lib\libsysbase.a(sbrk.o)
 .comment       0x00000000       0x23 d:/devkitpro/devkitarm/bin/../lib/gcc/arm-none-eabi/4.9.2/../../../../arm-none-eabi/lib\libsysbase.a(malloc_vars.o)
 .comment       0x00000000       0x23 d:/devkitpro/devkitarm/bin/../lib/gcc/arm-none-eabi/4.9.2/../../../../arm-none-eabi/lib\libsysbase.a(syscall_support.o)
 .comment       0x00000000       0x23 d:/devkitpro/devkitarm/bin/../lib/gcc/arm-none-eabi/4.9.2/crtend.o

Memory Configuration

Name             Origin             Length             Attributes
*default*        0x00000000         0xffffffff

Linker script and memory map

                0x00100000                . = 0x100000
                0x00100000                __start__ = .

.text           0x00100000     0x5ffc
 *(.crt0)
 .crt0          0x00100000       0x94 d:/devkitpro/devkitarm/bin/../lib/gcc/arm-none-eabi/4.9.2/../../../../arm-none-eabi/lib/3dsx_crt0.o
                0x00100000                _start
                0x00100008                __service_ptr
                0x0010000c                __apt_appid
                0x00100010                __heap_size
                0x00100014                __linear_heap_size
                0x00100018                __system_arglist
                0x0010001c                __system_runflags
 *(.init)
 .init          0x00100094        0xc d:/devkitpro/devkitarm/bin/../lib/gcc/arm-none-eabi/4.9.2/crti.o
                0x00100094                _init
 .init          0x001000a0        0xc d:/devkitpro/devkitarm/bin/../lib/gcc/arm-none-eabi/4.9.2/crtn.o
                0x001000ac                . = ALIGN (0x4)
 *(.text)
 .text          0x001000ac        0x0 d:/devkitpro/devkitarm/bin/../lib/gcc/arm-none-eabi/4.9.2/../../../../arm-none-eabi/lib/3dsx_crt0.o
 .text          0x001000ac        0x0 d:/devkitpro/devkitarm/bin/../lib/gcc/arm-none-eabi/4.9.2/crti.o
 .text          0x001000ac      0x108 d:/devkitpro/devkitarm/bin/../lib/gcc/arm-none-eabi/4.9.2/crtbegin.o
 .text          0x001001b4        0x0 color_tools.o
 .text          0x001001b4      0x484 graphic_tools.o
                0x001001b4                paint_pixel
                0x001001d8                paint_rect
                0x00100250                paint_rect_c
                0x001002c4                draw_line
                0x001003cc                draw_char
                0x00100454                draw_string
                0x001004c0                draw_char_size
                0x001005b8                draw_string_size
 .text          0x00100638        0x0 main.o
 .text          0x00100638       0x3c math_tools.o
                0x00100638                roll_d20
                0x00100664                coin_flip
 .text          0x00100674       0xb4 tool_tools.o
                0x00100674                reverse
                0x001006bc                itoa
 .text          0x00100728      0x584 d:/devkitPro/libctru/lib\libctru.a(gfx.o)
                0x001007b4                gfxSet3D
                0x001007c4                gfxSetScreenFormat
                0x001007dc                gfxSetFramebufferInfo
                0x0010084c                gfxWriteFramebufferInfo
                0x001008f8                gfxInit
                0x00100a50                gfxExit
                0x00100ae8                gfxGetFramebuffer
                0x00100b88                gfxFlushBuffers
                0x00100c14                gfxSwapBuffers
                0x00100c6c                gfxSwapBuffersGpu
 .text          0x00100cac      0x2f0 d:/devkitPro/libctru/lib\libctru.a(srv.o)
                0x00100cac                __get_handle_from_list
                0x00100d44                __destroy_handle_list
                0x00100d98                srvExit
                0x00100dc0                srvRegisterClient
                0x00100df8                srvInit
                0x00100e4c                srvGetServiceHandle
                0x00100ecc                srvPmInit
                0x00100f20                srvRegisterProcess
                0x00100f68                srvUnregisterProcess
 .text          0x00100f9c      0x258 d:/devkitPro/libctru/lib\libctru.a(initSystem.o)
                0x00100f9c                __ctru_exit
                0x00101030                initSystem
 .text          0x001011f4      0x264 d:/devkitPro/libctru/lib\libctru.a(gx.o)
                0x001011f4                GX_RequestDma
                0x00101248                GX_SetCommandList_Last
                0x001012b0                GX_SetMemoryFill
                0x00101324                GX_SetDisplayTransfer
                0x00101388                GX_SetTextureCopy
                0x001013f0                GX_SetCommandList_First
 .text          0x00101458     0x183c d:/devkitPro/libctru/lib\libctru.a(apt.o)
                0x001014bc                aptInitCaptureInfo
                0x00101570                aptWaitStatusEvent
                0x00101598                aptGetStatus
                0x001015d0                aptSetStatus
                0x00101634                aptGetStatusPower
                0x0010166c                aptSetStatusPower
                0x001016a4                aptOpenSession
                0x001016c8                aptCloseSession
                0x001016f0                aptSignalReadyForSleep
                0x00101700                APT_GetLockHandle
                0x00101750                APT_Initialize
                0x001017b8                APT_HardwareResetAsync
                0x001017ec                APT_Enable
                0x00101828                APT_GetAppletManInfo
                0x001018a8                aptGetMenuAppID
                0x001018e4                APT_IsRegistered
                0x00101934                APT_InquireNotification
                0x00101984                APT_PrepareToJumpToHomeMenu
                0x001019b8                APT_JumpToHomeMenu
                0x00101a08                APT_NotifyToWait
                0x00101a44                APT_AppletUtility
                0x00101acc                aptAppletUtility_Exit_RetToApp
                0x00101bec                aptAppletClosed
                0x00101d0c                aptInit
                0x00101e4c                APT_GlanceParameter
                0x00101ec0                APT_ReceiveParameter
                0x00101f34                APT_SendParameter
                0x00101fa4                APT_SendCaptureBufferInfo
                0x00101ff0                aptReturnToMenu
                0x001021b0                APT_ReplySleepQuery
                0x001021f0                APT_ReplySleepNotificationComplete
                0x0010222c                aptEventHandler
                0x001024f8                APT_PrepareToCloseApplication
                0x00102534                APT_CloseApplication
                0x0010258c                aptExit
                0x0010265c                APT_SetAppCpuTimeLimit
                0x001026a0                APT_GetAppCpuTimeLimit
                0x001026f4                APT_CheckNew3DS_Application
                0x00102744                APT_CheckNew3DS_System
                0x00102794                APT_CheckNew3DS
                0x00102810                APT_PrepareToDoAppJump
                0x0010285c                APT_DoAppJump
                0x001028c4                APT_PrepareToStartLibraryApplet
                0x00102900                APT_StartLibraryApplet
                0x00102960                aptAppletStarted
                0x00102a64                aptMainLoop
                0x00102adc                APT_LaunchLibraryApplet
 .text          0x00102c94      0x630 d:/devkitPro/libctru/lib\libctru.a(hid.o)
                0x00102c94                hidExit
                0x00102d18                hidWaitForEvent
                0x00102d70                hidCheckSectionUpdateTime
                0x00102dac                hidScanInput
                0x00102fe0                hidKeysHeld
                0x00102ff0                hidKeysDown
                0x00103000                hidKeysUp
                0x00103010                hidTouchRead
                0x00103028                hidCircleRead
                0x00103040                hidAccelRead
                0x00103060                hidGyroRead
                0x00103080                HIDUSER_GetHandles
                0x00103110                hidInit
                0x00103214                HIDUSER_EnableAccelerometer
                0x00103240                HIDUSER_DisableAccelerometer
                0x0010326c                HIDUSER_EnableGyroscope
                0x00103298                HIDUSER_DisableGyroscope
 .text          0x001032c4      0x8b0 d:/devkitPro/libctru/lib\libctru.a(gsp.o)
                0x001033b8                gspInit
                0x001033cc                gspExit
                0x001033e4                gspInitEventHandler
                0x001034b0                gspExitEventHandler
                0x00103508                gspWaitForEvent
                0x00103560                GSPGPU_WriteHWRegs
                0x001035d0                GSPGPU_WriteHWRegsWithMask
                0x0010365c                GSPGPU_ReadHWRegs
                0x001036cc                GSPGPU_SetBufferSwap
                0x00103740                GSPGPU_FlushDataCache
                0x00103794                GSPGPU_InvalidateDataCache
                0x001037e8                GSPGPU_SetLcdForceBlack
                0x00103824                GSPGPU_TriggerCmdReqQueue
                0x00103858                GSPGPU_RegisterInterruptRelayQueue
                0x001038c4                GSPGPU_UnregisterInterruptRelayQueue
                0x001038f8                GSPGPU_AcquireRight
                0x00103948                GSPGPU_ReleaseRight
                0x0010397c                GSPGPU_ImportDisplayCaptureInfo
                0x00103a00                GSPGPU_SaveVramSysArea
                0x00103a34                GSPGPU_RestoreVramSysArea
                0x00103a68                GSPGPU_SubmitGxCommand
 .text          0x00103b74      0x350 d:/devkitPro/libctru/lib\libctru.a(irrst.o)
                0x00103b74                irrstExit
                0x00103bdc                irrstWaitForEvent
                0x00103c28                irrstCheckSectionUpdateTime
                0x00103c64                irrstScanInput
                0x00103d18                irrstKeysHeld
                0x00103d30                irrstCstickRead
                0x00103d48                IRRST_GetHandles
                0x00103d98                irrstInit
                0x00103e60                IRRST_Initialize
                0x00103e98                IRRST_Shutdown
 *fill*         0x00103ec4        0xc 
 .text          0x00103ed0      0x220 d:/devkitPro/libctru/lib\libctru.a(svc.o)
                0x00103ed0                svcControlMemory
                0x00103ef0                svcQueryMemory
                0x00103f20                svcExitProcess
                0x00103f28                svcCreateThread
                0x00103f48                svcExitThread
                0x00103f50                svcSleepThread
                0x00103f58                svcSetThreadPriority
                0x00103f60                svcCreateMutex
                0x00103f74                svcReleaseMutex
                0x00103f7c                svcCreateEvent
                0x00103f90                svcSignalEvent
                0x00103f98                svcClearEvent
                0x00103fa0                svcCreateTimer
                0x00103fb4                svcSetTimer
                0x00103fbc                svcCancelTimer
                0x00103fc4                svcClearTimer
                0x00103fcc                svcCreateMemoryBlock
                0x00103fe4                svcMapMemoryBlock
                0x00103fec                svcUnmapMemoryBlock
                0x00103ff4                svcCreateAddressArbiter
                0x00103ffc                svcArbitrateAddress
                0x0010401c                svcCloseHandle
                0x00104024                svcWaitSynchronization
                0x0010402c                svcWaitSynchronizationN
                0x00104054                svcDuplicateHandle
                0x00104068                svcGetSystemTick
                0x00104070                svcGetSystemInfo
                0x00104090                svcGetProcessInfo
                0x001040ac                svcConnectToPort
                0x001040c0                svcSendSyncRequest
                0x001040c8                svcGetProcessId
                0x001040dc                svcOutputDebugString
 .text          0x001040f0      0x1d4 d:/devkitPro/libctru/lib\libctru.a(linear.o)
                0x00104118                linearMemAlign
                0x00104258                linearAlloc
                0x00104260                linearRealloc
                0x00104268                linearFree
                0x001042b8                linearSpaceFree
 .text          0x001042c4       0x70 d:/devkitPro/libctru/lib\libctru.a(rbtree_find.o)
                0x001042c4                rbtree_find
 .text          0x00104334      0x340 d:/devkitPro/libctru/lib\libctru.a(rbtree_remove.o)
                0x00104334                rbtree_remove
 .text          0x00104674      0x118 d:/devkitPro/libctru/lib\libctru.a(rbtree_iterator.o)
                0x00104674                rbtree_node_next
                0x00104700                rbtree_node_prev
 .text          0x0010478c       0xac d:/devkitPro/libctru/lib\libctru.a(rbtree_rotate.o)
                0x0010478c                rbtree_rotate
 .text          0x00104838      0x1f4 d:/devkitPro/libctru/lib\libctru.a(rbtree_insert.o)
                0x00104a1c                rbtree_insert
                0x00104a24                rbtree_insert_multi
 .text          0x00104a2c       0x14 d:/devkitPro/libctru/lib\libctru.a(rbtree_init.o)
                0x00104a2c                rbtree_init
 .text          0x00104a40      0x2f8 d:/devkitPro/libctru/lib\libctru.a(mem_pool.o)
                0x00104a40                MemPool::CoalesceRight(MemBlock*)
                0x00104ae4                MemPool::Allocate(MemChunk&, unsigned long, int)
                0x00104c08                MemPool::Deallocate(MemChunk const&)
                0x00104d08                MemPool::GetFreeSpace()
 .text          0x00104d38       0x48 d:/devkitpro/devkitarm/bin/../lib/gcc/arm-none-eabi/4.9.2/../../../../arm-none-eabi/lib\libg.a(lib_a-fini.o)
                0x00104d38                __libc_fini_array
 .text          0x00104d80       0x80 d:/devkitpro/devkitarm/bin/../lib/gcc/arm-none-eabi/4.9.2/../../../../arm-none-eabi/lib\libg.a(lib_a-init.o)
                0x00104d80                __libc_init_array
 .text          0x00104e00       0x40 d:/devkitpro/devkitarm/bin/../lib/gcc/arm-none-eabi/4.9.2/../../../../arm-none-eabi/lib\libg.a(lib_a-malloc.o)
                0x00104e00                malloc
                0x00104e20                free
 .text          0x00104e40      0x724 d:/devkitpro/devkitarm/bin/../lib/gcc/arm-none-eabi/4.9.2/../../../../arm-none-eabi/lib\libg.a(lib_a-mallocr.o)
                0x00104e40                _malloc_r
 .text          0x00105564       0xf0 d:/devkitpro/devkitarm/bin/../lib/gcc/arm-none-eabi/4.9.2/../../../../arm-none-eabi/lib\libg.a(lib_a-memcpy-stub.o)
                0x00105564                memcpy
 .text          0x00105654       0xf4 d:/devkitpro/devkitarm/bin/../lib/gcc/arm-none-eabi/4.9.2/../../../../arm-none-eabi/lib\libg.a(lib_a-memset.o)
                0x00105654                memset
 .text          0x00105748        0x8 d:/devkitpro/devkitarm/bin/../lib/gcc/arm-none-eabi/4.9.2/../../../../arm-none-eabi/lib\libg.a(lib_a-mlock.o)
                0x00105748                __malloc_lock
                0x0010574c                __malloc_unlock
 .text          0x00105750       0x70 d:/devkitpro/devkitarm/bin/../lib/gcc/arm-none-eabi/4.9.2/../../../../arm-none-eabi/lib\libg.a(lib_a-rand.o)
                0x00105750                srand
                0x0010576c                rand
 .text          0x001057c0       0xf0 d:/devkitpro/devkitarm/bin/../lib/gcc/arm-none-eabi/4.9.2/../../../../arm-none-eabi/lib\libg.a(lib_a-strcpy.o)
                0x001057c0                strcpy
 .text          0x001058b0       0x60 d:/devkitpro/devkitarm/bin/../lib/gcc/arm-none-eabi/4.9.2/../../../../arm-none-eabi/lib\libg.a(lib_a-strlen.o)
                0x001058b0                strlen
 .text          0x00105910      0x3bc d:/devkitpro/devkitarm/bin/../lib/gcc/arm-none-eabi/4.9.2/../../../../arm-none-eabi/lib\libg.a(lib_a-freer.o)
                0x00105910                _malloc_trim_r
                0x00105a10                _free_r
 .text          0x00105ccc        0x0 d:/devkitpro/devkitarm/bin/../lib/gcc/arm-none-eabi/4.9.2/../../../../arm-none-eabi/lib\libg.a(lib_a-impure.o)
 .text          0x00105ccc       0x70 d:/devkitpro/devkitarm/bin/../lib/gcc/arm-none-eabi/4.9.2/../../../../arm-none-eabi/lib\libsysbase.a(sbrk.o)
                0x00105ccc                _sbrk_r
 .text          0x00105d3c        0x0 d:/devkitpro/devkitarm/bin/../lib/gcc/arm-none-eabi/4.9.2/../../../../arm-none-eabi/lib\libsysbase.a(malloc_vars.o)
 .text          0x00105d3c        0x0 d:/devkitpro/devkitarm/bin/../lib/gcc/arm-none-eabi/4.9.2/../../../../arm-none-eabi/lib\libsysbase.a(syscall_support.o)
 .text          0x00105d3c        0x0 d:/devkitpro/devkitarm/bin/../lib/gcc/arm-none-eabi/4.9.2/crtend.o
 .text          0x00105d3c        0x0 d:/devkitpro/devkitarm/bin/../lib/gcc/arm-none-eabi/4.9.2/crtn.o
 *(.text.*)
 .text.startup  0x00105d3c      0x2a8 main.o
                0x00105d3c                main
 *(.glue_7)
 .glue_7        0x00000000        0x0 linker stubs
 *(.glue_7t)
 .glue_7t       0x00000000        0x0 linker stubs
 *(.stub)
 *(.gnu.warning)
 *(.gnu.linkonce.t*)
                0x00105fe4                . = ALIGN (0x4)
 *(.fini)
 .fini          0x00105fe4        0xc d:/devkitpro/devkitarm/bin/../lib/gcc/arm-none-eabi/4.9.2/crti.o
                0x00105fe4                _fini
 .fini          0x00105ff0        0xc d:/devkitpro/devkitarm/bin/../lib/gcc/arm-none-eabi/4.9.2/crtn.o
                0x00105ffc                . = ALIGN (0x4)

.vfp11_veneer   0x00105ffc        0x0
 .vfp11_veneer  0x00000000        0x0 linker stubs

.v4_bx          0x00105ffc        0x0
 .v4_bx         0x00000000        0x0 linker stubs

.iplt           0x00105ffc        0x0
 .iplt          0x00000000        0x0 d:/devkitpro/devkitarm/bin/../lib/gcc/arm-none-eabi/4.9.2/../../../../arm-none-eabi/lib/3dsx_crt0.o

.rodata         0x00106000      0x494
 *(.rodata)
 .rodata        0x00106000      0x410 graphic_tools.o
                0x00106400                BOTTOM_WIDTH
                0x00106404                BOTTOM_HEIGHT
                0x00106408                TOP_WIDTH
                0x0010640c                TOP_HEIGHT
 .rodata        0x00106410       0x14 d:/devkitPro/libctru/lib\libctru.a(gfx.o)
 .rodata        0x00106424        0xc d:/devkitPro/libctru/lib\libctru.a(apt.o)
 .rodata        0x00106430        0x4 d:/devkitpro/devkitarm/bin/../lib/gcc/arm-none-eabi/4.9.2/../../../../arm-none-eabi/lib\libg.a(lib_a-impure.o)
                0x00106430                _global_impure_ptr
 *(.roda)
 *(.rodata.*)
 .rodata.str1.4
                0x00106434       0x12 main.o
                                 0x14 (size before relaxing)
 *fill*         0x00106446        0x2 
 .rodata.str1.4
                0x00106448        0xf d:/devkitPro/libctru/lib\libctru.a(srv.o)
                                 0x10 (size before relaxing)
 *fill*         0x00106457        0x1 
 .rodata.str1.4
                0x00106458       0x16 d:/devkitPro/libctru/lib\libctru.a(apt.o)
                                 0x18 (size before relaxing)
 *fill*         0x0010646e        0x2 
 .rodata.str1.4
                0x00106470        0x9 d:/devkitPro/libctru/lib\libctru.a(hid.o)
                                  0xc (size before relaxing)
 *fill*         0x00106479        0x3 
 .rodata.str1.4
                0x0010647c        0x9 d:/devkitPro/libctru/lib\libctru.a(gsp.o)
                                  0xc (size before relaxing)
 *fill*         0x00106485        0x3 
 .rodata.str1.4
                0x00106488        0x7 d:/devkitPro/libctru/lib\libctru.a(irrst.o)
                                  0x8 (size before relaxing)
 *fill*         0x0010648f        0x1 
 .rodata.str1.4
                0x00106490        0x4 d:/devkitpro/devkitarm/bin/../lib/gcc/arm-none-eabi/4.9.2/../../../../arm-none-eabi/lib\libg.a(lib_a-impure.o)
 *all.rodata*(*)
 *(.gnu.linkonce.r*)
                0x00106494                . = ALIGN (0x4)

.rel.dyn        0x00106494        0x0
 .rel.iplt      0x00000000        0x0 d:/devkitpro/devkitarm/bin/../lib/gcc/arm-none-eabi/4.9.2/../../../../arm-none-eabi/lib/3dsx_crt0.o

.ARM.extab
 *(.ARM.extab* .gnu.linkonce.armextab.*)
                0x00106494                __exidx_start = .

ARM.exidx
 *(.ARM.exidx* .gnu.linkonce.armexidx.*)
                0x00106494                __exidx_end = .

.data           0x00107000      0x848
 *(.data)
 .data          0x00107000        0x0 d:/devkitpro/devkitarm/bin/../lib/gcc/arm-none-eabi/4.9.2/../../../../arm-none-eabi/lib/3dsx_crt0.o
 .data          0x00107000        0x0 d:/devkitpro/devkitarm/bin/../lib/gcc/arm-none-eabi/4.9.2/crti.o
 .data          0x00107000        0x4 d:/devkitpro/devkitarm/bin/../lib/gcc/arm-none-eabi/4.9.2/crtbegin.o
                0x00107000                __dso_handle
 .data          0x00107004        0x0 color_tools.o
 .data          0x00107004        0x0 graphic_tools.o
 .data          0x00107004        0x0 main.o
 .data          0x00107004        0x0 math_tools.o
 .data          0x00107004        0x0 tool_tools.o
 .data          0x00107004        0x2 d:/devkitPro/libctru/lib\libctru.a(gfx.o)
                0x00107004                topFormat
                0x00107005                botFormat
 .data          0x00107006        0x0 d:/devkitPro/libctru/lib\libctru.a(srv.o)
 .data          0x00107006        0x0 d:/devkitPro/libctru/lib\libctru.a(initSystem.o)
 .data          0x00107006        0x0 d:/devkitPro/libctru/lib\libctru.a(gx.o)
 .data          0x00107006        0x0 d:/devkitPro/libctru/lib\libctru.a(apt.o)
 .data          0x00107006        0x0 d:/devkitPro/libctru/lib\libctru.a(hid.o)
 .data          0x00107006        0x0 d:/devkitPro/libctru/lib\libctru.a(gsp.o)
 .data          0x00107006        0x0 d:/devkitPro/libctru/lib\libctru.a(irrst.o)
 .data          0x00107006        0x0 d:/devkitPro/libctru/lib\libctru.a(svc.o)
 .data          0x00107006        0x0 d:/devkitPro/libctru/lib\libctru.a(linear.o)
 .data          0x00107006        0x0 d:/devkitPro/libctru/lib\libctru.a(rbtree_find.o)
 .data          0x00107006        0x0 d:/devkitPro/libctru/lib\libctru.a(rbtree_remove.o)
 .data          0x00107006        0x0 d:/devkitPro/libctru/lib\libctru.a(rbtree_iterator.o)
 .data          0x00107006        0x0 d:/devkitPro/libctru/lib\libctru.a(rbtree_rotate.o)
 .data          0x00107006        0x0 d:/devkitPro/libctru/lib\libctru.a(rbtree_insert.o)
 .data          0x00107006        0x0 d:/devkitPro/libctru/lib\libctru.a(rbtree_init.o)
 .data          0x00107006        0x0 d:/devkitPro/libctru/lib\libctru.a(mem_pool.o)
 .data          0x00107006        0x0 d:/devkitpro/devkitarm/bin/../lib/gcc/arm-none-eabi/4.9.2/../../../../arm-none-eabi/lib\libg.a(lib_a-fini.o)
 .data          0x00107006        0x0 d:/devkitpro/devkitarm/bin/../lib/gcc/arm-none-eabi/4.9.2/../../../../arm-none-eabi/lib\libg.a(lib_a-init.o)
 .data          0x00107006        0x0 d:/devkitpro/devkitarm/bin/../lib/gcc/arm-none-eabi/4.9.2/../../../../arm-none-eabi/lib\libg.a(lib_a-malloc.o)
 *fill*         0x00107006        0x2 
 .data          0x00107008      0x410 d:/devkitpro/devkitarm/bin/../lib/gcc/arm-none-eabi/4.9.2/../../../../arm-none-eabi/lib\libg.a(lib_a-mallocr.o)
                0x00107008                __malloc_av_
                0x00107410                __malloc_sbrk_base
                0x00107414                __malloc_trim_threshold
 .data          0x00107418        0x0 d:/devkitpro/devkitarm/bin/../lib/gcc/arm-none-eabi/4.9.2/../../../../arm-none-eabi/lib\libg.a(lib_a-memcpy-stub.o)
 .data          0x00107418        0x0 d:/devkitpro/devkitarm/bin/../lib/gcc/arm-none-eabi/4.9.2/../../../../arm-none-eabi/lib\libg.a(lib_a-memset.o)
 .data          0x00107418        0x0 d:/devkitpro/devkitarm/bin/../lib/gcc/arm-none-eabi/4.9.2/../../../../arm-none-eabi/lib\libg.a(lib_a-mlock.o)
 .data          0x00107418        0x0 d:/devkitpro/devkitarm/bin/../lib/gcc/arm-none-eabi/4.9.2/../../../../arm-none-eabi/lib\libg.a(lib_a-rand.o)
 .data          0x00107418        0x0 d:/devkitpro/devkitarm/bin/../lib/gcc/arm-none-eabi/4.9.2/../../../../arm-none-eabi/lib\libg.a(lib_a-strcpy.o)
 .data          0x00107418        0x0 d:/devkitpro/devkitarm/bin/../lib/gcc/arm-none-eabi/4.9.2/../../../../arm-none-eabi/lib\libg.a(lib_a-strlen.o)
 .data          0x00107418        0x0 d:/devkitpro/devkitarm/bin/../lib/gcc/arm-none-eabi/4.9.2/../../../../arm-none-eabi/lib\libg.a(lib_a-freer.o)
 .data          0x00107418      0x430 d:/devkitpro/devkitarm/bin/../lib/gcc/arm-none-eabi/4.9.2/../../../../arm-none-eabi/lib\libg.a(lib_a-impure.o)
                0x00107418                _impure_ptr
 .data          0x00107848        0x0 d:/devkitpro/devkitarm/bin/../lib/gcc/arm-none-eabi/4.9.2/../../../../arm-none-eabi/lib\libsysbase.a(sbrk.o)
 .data          0x00107848        0x0 d:/devkitpro/devkitarm/bin/../lib/gcc/arm-none-eabi/4.9.2/../../../../arm-none-eabi/lib\libsysbase.a(malloc_vars.o)
 .data          0x00107848        0x0 d:/devkitpro/devkitarm/bin/../lib/gcc/arm-none-eabi/4.9.2/../../../../arm-none-eabi/lib\libsysbase.a(syscall_support.o)
 .data          0x00107848        0x0 d:/devkitpro/devkitarm/bin/../lib/gcc/arm-none-eabi/4.9.2/crtend.o
 .data          0x00107848        0x0 d:/devkitpro/devkitarm/bin/../lib/gcc/arm-none-eabi/4.9.2/crtn.o
 *(.data.*)
 *(.gnu.linkonce.d*)
                0x00107848                . = ALIGN (0x4)

.igot.plt       0x00107848        0x0
 .igot.plt      0x00000000        0x0 d:/devkitpro/devkitarm/bin/../lib/gcc/arm-none-eabi/4.9.2/../../../../arm-none-eabi/lib/3dsx_crt0.o

.eh_frame       0x00107848        0x4
 .eh_frame      0x00107848        0x0 d:/devkitpro/devkitarm/bin/../lib/gcc/arm-none-eabi/4.9.2/crtbegin.o
 .eh_frame      0x00107848        0x4 d:/devkitpro/devkitarm/bin/../lib/gcc/arm-none-eabi/4.9.2/crtend.o

.jcr            0x0010784c        0x4
 .jcr           0x0010784c        0x0 d:/devkitpro/devkitarm/bin/../lib/gcc/arm-none-eabi/4.9.2/crtbegin.o
 .jcr           0x0010784c        0x4 d:/devkitpro/devkitarm/bin/../lib/gcc/arm-none-eabi/4.9.2/crtend.o

.tm_clone_table
                0x00107850        0x0
 .tm_clone_table
                0x00107850        0x0 d:/devkitpro/devkitarm/bin/../lib/gcc/arm-none-eabi/4.9.2/crtbegin.o
 .tm_clone_table
                0x00107850        0x0 d:/devkitpro/devkitarm/bin/../lib/gcc/arm-none-eabi/4.9.2/crtend.o
                0x00107850                __TMC_END__

.preinit_array  0x00107850        0x0
                0x00107850                PROVIDE (__preinit_array_start, .)
 *(.preinit_array)
                0x00107850                PROVIDE (__preinit_array_end, .)

.init_array     0x00107850        0x4
                0x00107850                PROVIDE (__init_array_start, .)
 *(SORT(.init_array.*))
 *(.init_array)
 .init_array    0x00107850        0x4 d:/devkitpro/devkitarm/bin/../lib/gcc/arm-none-eabi/4.9.2/crtbegin.o
                0x00107854                PROVIDE (__init_array_end, .)

.fini_array     0x00107854        0x4
                0x00107854                PROVIDE (__fini_array_start, .)
 *(.fini_array)
 .fini_array    0x00107854        0x4 d:/devkitpro/devkitarm/bin/../lib/gcc/arm-none-eabi/4.9.2/crtbegin.o
 *(SORT(.fini_array.*))
                0x00107858                PROVIDE (__fini_array_end, .)

.ctors
 *crtbegin.o(.ctors)
 *(EXCLUDE_FILE(*crtend.o) .ctors)
 *(SORT(.ctors.*))
 *(.ctors)

.dtors
 *crtbegin.o(.dtors)
 *(EXCLUDE_FILE(*crtend.o) .dtors)
 *(SORT(.dtors.*))
 *(.dtors)
                0x00107858                __bss_start__ = .

.bss            0x00107858     0x3204
 *(.dynbss)
 *(.bss)
 .bss           0x00107858        0x0 d:/devkitpro/devkitarm/bin/../lib/gcc/arm-none-eabi/4.9.2/../../../../arm-none-eabi/lib/3dsx_crt0.o
 .bss           0x00107858        0x0 d:/devkitpro/devkitarm/bin/../lib/gcc/arm-none-eabi/4.9.2/crti.o
 .bss           0x00107858       0x1c d:/devkitpro/devkitarm/bin/../lib/gcc/arm-none-eabi/4.9.2/crtbegin.o
 .bss           0x00107874        0x0 color_tools.o
 .bss           0x00107874        0x0 graphic_tools.o
 .bss           0x00107874        0x0 main.o
 .bss           0x00107874        0x0 math_tools.o
 .bss           0x00107874        0x0 tool_tools.o
 .bss           0x00107874        0x0 d:/devkitPro/libctru/lib\libctru.a(gfx.o)
 .bss           0x00107874        0x4 d:/devkitPro/libctru/lib\libctru.a(srv.o)
 .bss           0x00107878        0x4 d:/devkitPro/libctru/lib\libctru.a(initSystem.o)
 .bss           0x0010787c        0x0 d:/devkitPro/libctru/lib\libctru.a(gx.o)
 .bss           0x0010787c       0x4c d:/devkitPro/libctru/lib\libctru.a(apt.o)
                0x00107880                aptStatusEvent
                0x00107884                aptStatus
                0x00107888                aptStatusPower
                0x0010788c                aptSleepSync
                0x001078b0                aptStatusBeforeSleep
 .bss           0x001078c8       0x28 d:/devkitPro/libctru/lib\libctru.a(hid.o)
 .bss           0x001078f0        0xc d:/devkitPro/libctru/lib\libctru.a(gsp.o)
                0x001078f8                gspGpuHandle
 .bss           0x001078fc        0xc d:/devkitPro/libctru/lib\libctru.a(irrst.o)
 .bss           0x00107908        0x0 d:/devkitPro/libctru/lib\libctru.a(svc.o)
 .bss           0x00107908       0x14 d:/devkitPro/libctru/lib\libctru.a(linear.o)
 .bss           0x0010791c        0x0 d:/devkitPro/libctru/lib\libctru.a(rbtree_find.o)
 .bss           0x0010791c        0x0 d:/devkitPro/libctru/lib\libctru.a(rbtree_remove.o)
 .bss           0x0010791c        0x0 d:/devkitPro/libctru/lib\libctru.a(rbtree_iterator.o)
 .bss           0x0010791c        0x0 d:/devkitPro/libctru/lib\libctru.a(rbtree_rotate.o)
 .bss           0x0010791c        0x0 d:/devkitPro/libctru/lib\libctru.a(rbtree_insert.o)
 .bss           0x0010791c        0x0 d:/devkitPro/libctru/lib\libctru.a(rbtree_init.o)
 .bss           0x0010791c        0x0 d:/devkitPro/libctru/lib\libctru.a(mem_pool.o)
 .bss           0x0010791c        0x0 d:/devkitpro/devkitarm/bin/../lib/gcc/arm-none-eabi/4.9.2/../../../../arm-none-eabi/lib\libg.a(lib_a-fini.o)
 .bss           0x0010791c        0x0 d:/devkitpro/devkitarm/bin/../lib/gcc/arm-none-eabi/4.9.2/../../../../arm-none-eabi/lib\libg.a(lib_a-init.o)
 .bss           0x0010791c        0x0 d:/devkitpro/devkitarm/bin/../lib/gcc/arm-none-eabi/4.9.2/../../../../arm-none-eabi/lib\libg.a(lib_a-malloc.o)
 .bss           0x0010791c       0x34 d:/devkitpro/devkitarm/bin/../lib/gcc/arm-none-eabi/4.9.2/../../../../arm-none-eabi/lib\libg.a(lib_a-mallocr.o)
                0x0010791c                __malloc_top_pad
                0x00107920                __malloc_current_mallinfo
                0x00107948                __malloc_max_sbrked_mem
                0x0010794c                __malloc_max_total_mem
 .bss           0x00107950        0x0 d:/devkitpro/devkitarm/bin/../lib/gcc/arm-none-eabi/4.9.2/../../../../arm-none-eabi/lib\libg.a(lib_a-memcpy-stub.o)
 .bss           0x00107950        0x0 d:/devkitpro/devkitarm/bin/../lib/gcc/arm-none-eabi/4.9.2/../../../../arm-none-eabi/lib\libg.a(lib_a-memset.o)
 .bss           0x00107950        0x0 d:/devkitpro/devkitarm/bin/../lib/gcc/arm-none-eabi/4.9.2/../../../../arm-none-eabi/lib\libg.a(lib_a-mlock.o)
 .bss           0x00107950        0x0 d:/devkitpro/devkitarm/bin/../lib/gcc/arm-none-eabi/4.9.2/../../../../arm-none-eabi/lib\libg.a(lib_a-rand.o)
 .bss           0x00107950        0x0 d:/devkitpro/devkitarm/bin/../lib/gcc/arm-none-eabi/4.9.2/../../../../arm-none-eabi/lib\libg.a(lib_a-strcpy.o)
 .bss           0x00107950        0x0 d:/devkitpro/devkitarm/bin/../lib/gcc/arm-none-eabi/4.9.2/../../../../arm-none-eabi/lib\libg.a(lib_a-strlen.o)
 .bss           0x00107950        0x0 d:/devkitpro/devkitarm/bin/../lib/gcc/arm-none-eabi/4.9.2/../../../../arm-none-eabi/lib\libg.a(lib_a-freer.o)
 .bss           0x00107950        0x0 d:/devkitpro/devkitarm/bin/../lib/gcc/arm-none-eabi/4.9.2/../../../../arm-none-eabi/lib\libg.a(lib_a-impure.o)
 .bss           0x00107950        0x4 d:/devkitpro/devkitarm/bin/../lib/gcc/arm-none-eabi/4.9.2/../../../../arm-none-eabi/lib\libsysbase.a(sbrk.o)
 .bss           0x00107954        0x8 d:/devkitpro/devkitarm/bin/../lib/gcc/arm-none-eabi/4.9.2/../../../../arm-none-eabi/lib\libsysbase.a(malloc_vars.o)
                0x00107954                fake_heap_start
                0x00107958                fake_heap_end
 .bss           0x0010795c        0x8 d:/devkitpro/devkitarm/bin/../lib/gcc/arm-none-eabi/4.9.2/../../../../arm-none-eabi/lib\libsysbase.a(syscall_support.o)
                0x0010795c                __syscalls
 .bss           0x00107964        0x0 d:/devkitpro/devkitarm/bin/../lib/gcc/arm-none-eabi/4.9.2/crtend.o
 .bss           0x00107964        0x0 d:/devkitpro/devkitarm/bin/../lib/gcc/arm-none-eabi/4.9.2/crtn.o
 *(.bss.*)
 *(.gnu.linkonce.b*)
 *(COMMON)
 COMMON         0x00107964       0x68 d:/devkitPro/libctru/lib\libctru.a(gfx.o)
                0x00107964                gfxBottomFramebuffers
                0x0010796c                gspSharedMemHandle
                0x00107970                bottomFramebufferInfo
                0x0010798c                gspEvent
                0x00107990                currentBuffer
                0x00107994                gfxTopLeftFramebuffers
                0x0010799c                enable3d
                0x001079a0                gfxTopRightFramebuffers
                0x001079a8                topFramebufferInfo
                0x001079c4                gfxThreadID
                0x001079c8                gfxSharedMemory
 COMMON         0x001079cc       0x10 d:/devkitPro/libctru/lib\libctru.a(initSystem.o)
                0x001079cc                __system_argv
                0x001079d0                __system_argc
                0x001079d4                __linear_heap
                0x001079d8                __system_retAddr
 COMMON         0x001079dc        0x4 d:/devkitPro/libctru/lib\libctru.a(gx.o)
                0x001079dc                gxCmdBuf
 COMMON         0x001079e0     0x2022 d:/devkitPro/libctru/lib\libctru.a(apt.o)
                0x001079e0                aptEventHandlerThread
                0x001079e4                aptParameters
                0x001089e8                aptEventHandlerStack
                0x001099e8                aptuHandle
                0x001099ec                aptEvents
                0x001099f8                aptStatusMutex
                0x001099fc                aptLockHandle
                0x00109a00                currentAppId
 *fill*         0x00109a02        0x2 
 COMMON         0x00109a04       0x20 d:/devkitPro/libctru/lib\libctru.a(hid.o)
                0x00109a04                hidMemHandle
                0x00109a08                hidHandle
                0x00109a0c                hidSharedMem
                0x00109a10                hidEvents
 *fill*         0x00109a24        0x4 
 COMMON         0x00109a28     0x1021 d:/devkitPro/libctru/lib\libctru.a(gsp.o)
                0x00109a28                gspEventStack
                0x0010aa28                gspEventThread
                0x0010aa2c                gspEvents
                0x0010aa48                gspRunEvents
 *fill*         0x0010aa49        0x3 
 COMMON         0x0010aa4c       0x10 d:/devkitPro/libctru/lib\libctru.a(irrst.o)
                0x0010aa4c                irrstHandle
                0x0010aa50                irrstEvent
                0x0010aa54                irrstMemHandle
                0x0010aa58                irrstSharedMem
                0x0010aa5c                . = ALIGN (0x4)
                0x0010aa5c                __bss_end__ = .
                0x0010aa5c                __end__ = ABSOLUTE (.)

/DISCARD/
 *(.group .comment .note)

.stab
 *(.stab)

.stabstr
 *(.stabstr)

.stab.excl
 *(.stab.excl)

.stab.exclstr
 *(.stab.exclstr)

.stab.index
 *(.stab.index)

.stab.indexstr
 *(.stab.indexstr)

.debug
 *(.debug)

.line
 *(.line)

.debug_srcinfo
 *(.debug_srcinfo)

.debug_sfnames
 *(.debug_sfnames)

.debug_aranges  0x00000000      0x2b8
 *(.debug_aranges)
 .debug_aranges
                0x00000000       0x18 color_tools.o
 .debug_aranges
                0x00000018       0x20 graphic_tools.o
 .debug_aranges
                0x00000038       0x20 main.o
 .debug_aranges
                0x00000058       0x20 math_tools.o
 .debug_aranges
                0x00000078       0x20 tool_tools.o
 .debug_aranges
                0x00000098       0x20 d:/devkitPro/libctru/lib\libctru.a(gfx.o)
 .debug_aranges
                0x000000b8       0x20 d:/devkitPro/libctru/lib\libctru.a(srv.o)
 .debug_aranges
                0x000000d8       0x20 d:/devkitPro/libctru/lib\libctru.a(initSystem.o)
 .debug_aranges
                0x000000f8       0x20 d:/devkitPro/libctru/lib\libctru.a(gx.o)
 .debug_aranges
                0x00000118       0x20 d:/devkitPro/libctru/lib\libctru.a(apt.o)
 .debug_aranges
                0x00000138       0x20 d:/devkitPro/libctru/lib\libctru.a(hid.o)
 .debug_aranges
                0x00000158       0x20 d:/devkitPro/libctru/lib\libctru.a(gsp.o)
 .debug_aranges
                0x00000178       0x20 d:/devkitPro/libctru/lib\libctru.a(irrst.o)
 .debug_aranges
                0x00000198       0x20 d:/devkitPro/libctru/lib\libctru.a(svc.o)
 .debug_aranges
                0x000001b8       0x20 d:/devkitPro/libctru/lib\libctru.a(linear.o)
 .debug_aranges
                0x000001d8       0x20 d:/devkitPro/libctru/lib\libctru.a(rbtree_find.o)
 .debug_aranges
                0x000001f8       0x20 d:/devkitPro/libctru/lib\libctru.a(rbtree_remove.o)
 .debug_aranges
                0x00000218       0x20 d:/devkitPro/libctru/lib\libctru.a(rbtree_iterator.o)
 .debug_aranges
                0x00000238       0x20 d:/devkitPro/libctru/lib\libctru.a(rbtree_rotate.o)
 .debug_aranges
                0x00000258       0x20 d:/devkitPro/libctru/lib\libctru.a(rbtree_insert.o)
 .debug_aranges
                0x00000278       0x20 d:/devkitPro/libctru/lib\libctru.a(rbtree_init.o)
 .debug_aranges
                0x00000298       0x20 d:/devkitPro/libctru/lib\libctru.a(mem_pool.o)

.debug_pubnames
 *(.debug_pubnames)

.debug_info     0x00000000     0xb369
 *(.debug_info)
 .debug_info    0x00000000       0x6e color_tools.o
 .debug_info    0x0000006e      0x915 graphic_tools.o
 .debug_info    0x00000983      0x7ef main.o
 .debug_info    0x00001172       0xc7 math_tools.o
 .debug_info    0x00001239      0x156 tool_tools.o
 .debug_info    0x0000138f      0xbca d:/devkitPro/libctru/lib\libctru.a(gfx.o)
 .debug_info    0x00001f59      0x693 d:/devkitPro/libctru/lib\libctru.a(srv.o)
 .debug_info    0x000025ec      0xc31 d:/devkitPro/libctru/lib\libctru.a(initSystem.o)
 .debug_info    0x0000321d      0x4e7 d:/devkitPro/libctru/lib\libctru.a(gx.o)
 .debug_info    0x00003704     0x2d05 d:/devkitPro/libctru/lib\libctru.a(apt.o)
 .debug_info    0x00006409      0xcd8 d:/devkitPro/libctru/lib\libctru.a(hid.o)
 .debug_info    0x000070e1     0x10a5 d:/devkitPro/libctru/lib\libctru.a(gsp.o)
 .debug_info    0x00008186      0x70f d:/devkitPro/libctru/lib\libctru.a(irrst.o)
 .debug_info    0x00008895       0x99 d:/devkitPro/libctru/lib\libctru.a(svc.o)
 .debug_info    0x0000892e      0xa68 d:/devkitPro/libctru/lib\libctru.a(linear.o)
 .debug_info    0x00009396      0x1c9 d:/devkitPro/libctru/lib\libctru.a(rbtree_find.o)
 .debug_info    0x0000955f      0x81b d:/devkitPro/libctru/lib\libctru.a(rbtree_remove.o)
 .debug_info    0x00009d7a      0x2a3 d:/devkitPro/libctru/lib\libctru.a(rbtree_iterator.o)
 .debug_info    0x0000a01d      0x2ec d:/devkitPro/libctru/lib\libctru.a(rbtree_rotate.o)
 .debug_info    0x0000a309      0x60c d:/devkitPro/libctru/lib\libctru.a(rbtree_insert.o)
 .debug_info    0x0000a915      0x178 d:/devkitPro/libctru/lib\libctru.a(rbtree_init.o)
 .debug_info    0x0000aa8d      0x8dc d:/devkitPro/libctru/lib\libctru.a(mem_pool.o)

.debug_abbrev   0x00000000     0x2906
 *(.debug_abbrev)
 .debug_abbrev  0x00000000       0x24 color_tools.o
 .debug_abbrev  0x00000024      0x20e graphic_tools.o
 .debug_abbrev  0x00000232      0x1b0 main.o
 .debug_abbrev  0x000003e2       0x60 math_tools.o
 .debug_abbrev  0x00000442       0xda tool_tools.o
 .debug_abbrev  0x0000051c      0x2d0 d:/devkitPro/libctru/lib\libctru.a(gfx.o)
 .debug_abbrev  0x000007ec      0x240 d:/devkitPro/libctru/lib\libctru.a(srv.o)
 .debug_abbrev  0x00000a2c      0x2d9 d:/devkitPro/libctru/lib\libctru.a(initSystem.o)
 .debug_abbrev  0x00000d05       0xf9 d:/devkitPro/libctru/lib\libctru.a(gx.o)
 .debug_abbrev  0x00000dfe      0x3ef d:/devkitPro/libctru/lib\libctru.a(apt.o)
 .debug_abbrev  0x000011ed      0x2f2 d:/devkitPro/libctru/lib\libctru.a(hid.o)
 .debug_abbrev  0x000014df      0x334 d:/devkitPro/libctru/lib\libctru.a(gsp.o)
 .debug_abbrev  0x00001813      0x295 d:/devkitPro/libctru/lib\libctru.a(irrst.o)
 .debug_abbrev  0x00001aa8       0x14 d:/devkitPro/libctru/lib\libctru.a(svc.o)
 .debug_abbrev  0x00001abc      0x327 d:/devkitPro/libctru/lib\libctru.a(linear.o)
 .debug_abbrev  0x00001de3       0xec d:/devkitPro/libctru/lib\libctru.a(rbtree_find.o)
 .debug_abbrev  0x00001ecf      0x205 d:/devkitPro/libctru/lib\libctru.a(rbtree_remove.o)
 .debug_abbrev  0x000020d4      0x163 d:/devkitPro/libctru/lib\libctru.a(rbtree_iterator.o)
 .debug_abbrev  0x00002237      0x170 d:/devkitPro/libctru/lib\libctru.a(rbtree_rotate.o)
 .debug_abbrev  0x000023a7      0x21d d:/devkitPro/libctru/lib\libctru.a(rbtree_insert.o)
 .debug_abbrev  0x000025c4       0xb0 d:/devkitPro/libctru/lib\libctru.a(rbtree_init.o)
 .debug_abbrev  0x00002674      0x292 d:/devkitPro/libctru/lib\libctru.a(mem_pool.o)

.debug_line     0x00000000     0x3266
 *(.debug_line)
 .debug_line    0x00000000       0x1d color_tools.o
 .debug_line    0x0000001d      0x2ec graphic_tools.o
 .debug_line    0x00000309      0x1dc main.o
 .debug_line    0x000004e5       0x97 math_tools.o
 .debug_line    0x0000057c      0x11c tool_tools.o
 .debug_line    0x00000698      0x2c2 d:/devkitPro/libctru/lib\libctru.a(gfx.o)
 .debug_line    0x0000095a      0x251 d:/devkitPro/libctru/lib\libctru.a(srv.o)
 .debug_line    0x00000bab      0x251 d:/devkitPro/libctru/lib\libctru.a(initSystem.o)
 .debug_line    0x00000dfc      0x22e d:/devkitPro/libctru/lib\libctru.a(gx.o)
 .debug_line    0x0000102a      0x6b5 d:/devkitPro/libctru/lib\libctru.a(apt.o)
 .debug_line    0x000016df      0x2d1 d:/devkitPro/libctru/lib\libctru.a(hid.o)
 .debug_line    0x000019b0      0x3d1 d:/devkitPro/libctru/lib\libctru.a(gsp.o)
 .debug_line    0x00001d81      0x251 d:/devkitPro/libctru/lib\libctru.a(irrst.o)
 .debug_line    0x00001fd2       0xf1 d:/devkitPro/libctru/lib\libctru.a(svc.o)
 .debug_line    0x000020c3      0x2c5 d:/devkitPro/libctru/lib\libctru.a(linear.o)
 .debug_line    0x00002388      0x1a3 d:/devkitPro/libctru/lib\libctru.a(rbtree_find.o)
 .debug_line    0x0000252b      0x2ea d:/devkitPro/libctru/lib\libctru.a(rbtree_remove.o)
 .debug_line    0x00002815      0x188 d:/devkitPro/libctru/lib\libctru.a(rbtree_iterator.o)
 .debug_line    0x0000299d      0x1ec d:/devkitPro/libctru/lib\libctru.a(rbtree_rotate.o)
 .debug_line    0x00002b89      0x25b d:/devkitPro/libctru/lib\libctru.a(rbtree_insert.o)
 .debug_line    0x00002de4      0x191 d:/devkitPro/libctru/lib\libctru.a(rbtree_init.o)
 .debug_line    0x00002f75      0x2f1 d:/devkitPro/libctru/lib\libctru.a(mem_pool.o)

.debug_frame    0x00000000     0x1318
 *(.debug_frame)
 .debug_frame   0x00000000      0x124 graphic_tools.o
 .debug_frame   0x00000124       0x40 main.o
 .debug_frame   0x00000164       0x40 math_tools.o
 .debug_frame   0x000001a4       0x48 tool_tools.o
 .debug_frame   0x000001ec      0x130 d:/devkitPro/libctru/lib\libctru.a(gfx.o)
 .debug_frame   0x0000031c      0x10c d:/devkitPro/libctru/lib\libctru.a(srv.o)
 .debug_frame   0x00000428       0x54 d:/devkitPro/libctru/lib\libctru.a(initSystem.o)
 .debug_frame   0x0000047c       0xf0 d:/devkitPro/libctru/lib\libctru.a(gx.o)
 .debug_frame   0x0000056c      0x5c8 d:/devkitPro/libctru/lib\libctru.a(apt.o)
 .debug_frame   0x00000b34      0x1b8 d:/devkitPro/libctru/lib\libctru.a(hid.o)
 .debug_frame   0x00000cec      0x27c d:/devkitPro/libctru/lib\libctru.a(gsp.o)
 .debug_frame   0x00000f68      0x11c d:/devkitPro/libctru/lib\libctru.a(irrst.o)
 .debug_frame   0x00001084       0xc0 d:/devkitPro/libctru/lib\libctru.a(linear.o)
 .debug_frame   0x00001144       0x30 d:/devkitPro/libctru/lib\libctru.a(rbtree_find.o)
 .debug_frame   0x00001174       0x38 d:/devkitPro/libctru/lib\libctru.a(rbtree_remove.o)
 .debug_frame   0x000011ac       0x30 d:/devkitPro/libctru/lib\libctru.a(rbtree_iterator.o)
 .debug_frame   0x000011dc       0x2c d:/devkitPro/libctru/lib\libctru.a(rbtree_rotate.o)
 .debug_frame   0x00001208       0x54 d:/devkitPro/libctru/lib\libctru.a(rbtree_insert.o)
 .debug_frame   0x0000125c       0x20 d:/devkitPro/libctru/lib\libctru.a(rbtree_init.o)
 .debug_frame   0x0000127c       0x9c d:/devkitPro/libctru/lib\libctru.a(mem_pool.o)

.debug_str      0x00000000     0x29fe
 *(.debug_str)
 .debug_str     0x00000000       0xfa color_tools.o
                                0x133 (size before relaxing)
 .debug_str     0x000000fa      0x116 graphic_tools.o
                                0x23f (size before relaxing)
 .debug_str     0x00000210      0x34f main.o
                                0x4f4 (size before relaxing)
 .debug_str     0x0000055f       0x3d math_tools.o
                                0x14a (size before relaxing)
 .debug_str     0x0000059c       0x3e tool_tools.o
                                0x152 (size before relaxing)
 .debug_str     0x000005da      0x45b d:/devkitPro/libctru/lib\libctru.a(gfx.o)
                                0x6de (size before relaxing)
 .debug_str     0x00000a35      0x193 d:/devkitPro/libctru/lib\libctru.a(srv.o)
                                0x31b (size before relaxing)
 .debug_str     0x00000bc8      0x57f d:/devkitPro/libctru/lib\libctru.a(initSystem.o)
                                0x736 (size before relaxing)
 .debug_str     0x00001147      0x14d d:/devkitPro/libctru/lib\libctru.a(gx.o)
                                0x2c3 (size before relaxing)
 .debug_str     0x00001294      0x9b8 d:/devkitPro/libctru/lib\libctru.a(apt.o)
                                0xc9f (size before relaxing)
 .debug_str     0x00001c4c      0x2d9 d:/devkitPro/libctru/lib\libctru.a(hid.o)
                                0x6ca (size before relaxing)
 .debug_str     0x00001f25      0x1f4 d:/devkitPro/libctru/lib\libctru.a(gsp.o)
                                0x718 (size before relaxing)
 .debug_str     0x00002119      0x115 d:/devkitPro/libctru/lib\libctru.a(irrst.o)
                                0x431 (size before relaxing)
 .debug_str     0x0000222e      0x473 d:/devkitPro/libctru/lib\libctru.a(linear.o)
                                0x6c9 (size before relaxing)
 .debug_str     0x000026a1       0x4f d:/devkitPro/libctru/lib\libctru.a(rbtree_find.o)
                                0x1f0 (size before relaxing)
 .debug_str     0x000026f0       0xf8 d:/devkitPro/libctru/lib\libctru.a(rbtree_remove.o)
                                0x2c6 (size before relaxing)
 .debug_str     0x000027e8       0x6a d:/devkitPro/libctru/lib\libctru.a(rbtree_iterator.o)
                                0x1f0 (size before relaxing)
 .debug_str     0x00002852       0x4c d:/devkitPro/libctru/lib\libctru.a(rbtree_rotate.o)
                                0x23d (size before relaxing)
 .debug_str     0x0000289e       0x7c d:/devkitPro/libctru/lib\libctru.a(rbtree_insert.o)
                                0x2a8 (size before relaxing)
 .debug_str     0x0000291a       0x4a d:/devkitPro/libctru/lib\libctru.a(rbtree_init.o)
                                0x1e6 (size before relaxing)
 .debug_str     0x00002964       0x9a d:/devkitPro/libctru/lib\libctru.a(mem_pool.o)
                                0x438 (size before relaxing)

.debug_loc      0x00000000     0x5ae9
 *(.debug_loc)
 .debug_loc     0x00000000      0x908 graphic_tools.o
 .debug_loc     0x00000908      0x1bc main.o
 .debug_loc     0x00000ac4       0xd3 tool_tools.o
 .debug_loc     0x00000b97      0x2cd d:/devkitPro/libctru/lib\libctru.a(gfx.o)
 .debug_loc     0x00000e64      0x375 d:/devkitPro/libctru/lib\libctru.a(srv.o)
 .debug_loc     0x000011d9      0x13d d:/devkitPro/libctru/lib\libctru.a(initSystem.o)
 .debug_loc     0x00001316      0x38a d:/devkitPro/libctru/lib\libctru.a(gx.o)
 .debug_loc     0x000016a0     0x13e9 d:/devkitPro/libctru/lib\libctru.a(apt.o)
 .debug_loc     0x00002a89      0x6d5 d:/devkitPro/libctru/lib\libctru.a(hid.o)
 .debug_loc     0x0000315e      0xd3d d:/devkitPro/libctru/lib\libctru.a(gsp.o)
 .debug_loc     0x00003e9b      0x3a8 d:/devkitPro/libctru/lib\libctru.a(irrst.o)
 .debug_loc     0x00004243      0x309 d:/devkitPro/libctru/lib\libctru.a(linear.o)
 .debug_loc     0x0000454c      0x10d d:/devkitPro/libctru/lib\libctru.a(rbtree_find.o)
 .debug_loc     0x00004659      0x4d3 d:/devkitPro/libctru/lib\libctru.a(rbtree_remove.o)
 .debug_loc     0x00004b2c      0x2b2 d:/devkitPro/libctru/lib\libctru.a(rbtree_iterator.o)
 .debug_loc     0x00004dde       0x8e d:/devkitPro/libctru/lib\libctru.a(rbtree_rotate.o)
 .debug_loc     0x00004e6c      0x382 d:/devkitPro/libctru/lib\libctru.a(rbtree_insert.o)
 .debug_loc     0x000051ee      0x8fb d:/devkitPro/libctru/lib\libctru.a(mem_pool.o)

.debug_macinfo
 *(.debug_macinfo)
LOAD d:/devkitpro/devkitarm/bin/../lib/gcc/arm-none-eabi/4.9.2/../../../../arm-none-eabi/lib/3dsx_crt0.o
LOAD d:/devkitpro/devkitarm/bin/../lib/gcc/arm-none-eabi/4.9.2/crti.o
LOAD d:/devkitpro/devkitarm/bin/../lib/gcc/arm-none-eabi/4.9.2/crtbegin.o
LOAD color_tools.o
LOAD graphic_tools.o
LOAD main.o
LOAD math_tools.o
LOAD tool_tools.o
LOAD d:/devkitPro/libctru/lib\libctru.a
LOAD d:/devkitpro/devkitarm/bin/../lib/gcc/arm-none-eabi/4.9.2/../../../../arm-none-eabi/lib\libm.a
START GROUP
LOAD d:/devkitpro/devkitarm/bin/../lib/gcc/arm-none-eabi/4.9.2\libgcc.a
LOAD d:/devkitpro/devkitarm/bin/../lib/gcc/arm-none-eabi/4.9.2/../../../../arm-none-eabi/lib\libg.a
LOAD d:/devkitpro/devkitarm/bin/../lib/gcc/arm-none-eabi/4.9.2/../../../../arm-none-eabi/lib\libc.a
LOAD d:/devkitpro/devkitarm/bin/../lib/gcc/arm-none-eabi/4.9.2/../../../../arm-none-eabi/lib\libsysbase.a
END GROUP
LOAD d:/devkitpro/devkitarm/bin/../lib/gcc/arm-none-eabi/4.9.2/crtend.o
LOAD d:/devkitpro/devkitarm/bin/../lib/gcc/arm-none-eabi/4.9.2/crtn.o
OUTPUT(d:/devkitPro/template/template.elf elf32-littlearm)

.ARM.attributes
                0x00000000       0x30
 .ARM.attributes
                0x00000000       0x1e d:/devkitpro/devkitarm/bin/../lib/gcc/arm-none-eabi/4.9.2/../../../../arm-none-eabi/lib/3dsx_crt0.o
 .ARM.attributes
                0x0000001e       0x16 d:/devkitpro/devkitarm/bin/../lib/gcc/arm-none-eabi/4.9.2/crti.o
 .ARM.attributes
                0x00000034       0x30 d:/devkitpro/devkitarm/bin/../lib/gcc/arm-none-eabi/4.9.2/crtbegin.o
 .ARM.attributes
                0x00000064       0x2c color_tools.o
 .ARM.attributes
                0x00000090       0x2c graphic_tools.o
 .ARM.attributes
                0x000000bc       0x2c main.o
 .ARM.attributes
                0x000000e8       0x2c math_tools.o
 .ARM.attributes
                0x00000114       0x2c tool_tools.o
 .ARM.attributes
                0x00000140       0x2c d:/devkitPro/libctru/lib\libctru.a(gfx.o)
 .ARM.attributes
                0x0000016c       0x2c d:/devkitPro/libctru/lib\libctru.a(srv.o)
 .ARM.attributes
                0x00000198       0x2c d:/devkitPro/libctru/lib\libctru.a(initSystem.o)
 .ARM.attributes
                0x000001c4       0x2c d:/devkitPro/libctru/lib\libctru.a(gx.o)
 .ARM.attributes
                0x000001f0       0x2c d:/devkitPro/libctru/lib\libctru.a(apt.o)
 .ARM.attributes
                0x0000021c       0x2c d:/devkitPro/libctru/lib\libctru.a(hid.o)
 .ARM.attributes
                0x00000248       0x2c d:/devkitPro/libctru/lib\libctru.a(gsp.o)
 .ARM.attributes
                0x00000274       0x2c d:/devkitPro/libctru/lib\libctru.a(irrst.o)
 .ARM.attributes
                0x000002a0       0x1a d:/devkitPro/libctru/lib\libctru.a(svc.o)
 .ARM.attributes
                0x000002ba       0x2c d:/devkitPro/libctru/lib\libctru.a(linear.o)
 .ARM.attributes
                0x000002e6       0x2c d:/devkitPro/libctru/lib\libctru.a(rbtree_find.o)
 .ARM.attributes
                0x00000312       0x2c d:/devkitPro/libctru/lib\libctru.a(rbtree_remove.o)
 .ARM.attributes
                0x0000033e       0x2c d:/devkitPro/libctru/lib\libctru.a(rbtree_iterator.o)
 .ARM.attributes
                0x0000036a       0x2c d:/devkitPro/libctru/lib\libctru.a(rbtree_rotate.o)
 .ARM.attributes
                0x00000396       0x2c d:/devkitPro/libctru/lib\libctru.a(rbtree_insert.o)
 .ARM.attributes
                0x000003c2       0x2c d:/devkitPro/libctru/lib\libctru.a(rbtree_init.o)
 .ARM.attributes
                0x000003ee       0x2c d:/devkitPro/libctru/lib\libctru.a(mem_pool.o)
 .ARM.attributes
                0x0000041a       0x30 d:/devkitpro/devkitarm/bin/../lib/gcc/arm-none-eabi/4.9.2/../../../../arm-none-eabi/lib\libg.a(lib_a-fini.o)
 .ARM.attributes
                0x0000044a       0x30 d:/devkitpro/devkitarm/bin/../lib/gcc/arm-none-eabi/4.9.2/../../../../arm-none-eabi/lib\libg.a(lib_a-init.o)
 .ARM.attributes
                0x0000047a       0x30 d:/devkitpro/devkitarm/bin/../lib/gcc/arm-none-eabi/4.9.2/../../../../arm-none-eabi/lib\libg.a(lib_a-malloc.o)
 .ARM.attributes
                0x000004aa       0x30 d:/devkitpro/devkitarm/bin/../lib/gcc/arm-none-eabi/4.9.2/../../../../arm-none-eabi/lib\libg.a(lib_a-mallocr.o)
 .ARM.attributes
                0x000004da       0x30 d:/devkitpro/devkitarm/bin/../lib/gcc/arm-none-eabi/4.9.2/../../../../arm-none-eabi/lib\libg.a(lib_a-memcpy-stub.o)
 .ARM.attributes
                0x0000050a       0x30 d:/devkitpro/devkitarm/bin/../lib/gcc/arm-none-eabi/4.9.2/../../../../arm-none-eabi/lib\libg.a(lib_a-memset.o)
 .ARM.attributes
                0x0000053a       0x30 d:/devkitpro/devkitarm/bin/../lib/gcc/arm-none-eabi/4.9.2/../../../../arm-none-eabi/lib\libg.a(lib_a-mlock.o)
 .ARM.attributes
                0x0000056a       0x30 d:/devkitpro/devkitarm/bin/../lib/gcc/arm-none-eabi/4.9.2/../../../../arm-none-eabi/lib\libg.a(lib_a-rand.o)
 .ARM.attributes
                0x0000059a       0x30 d:/devkitpro/devkitarm/bin/../lib/gcc/arm-none-eabi/4.9.2/../../../../arm-none-eabi/lib\libg.a(lib_a-strcpy.o)
 .ARM.attributes
                0x000005ca       0x30 d:/devkitpro/devkitarm/bin/../lib/gcc/arm-none-eabi/4.9.2/../../../../arm-none-eabi/lib\libg.a(lib_a-strlen.o)
 .ARM.attributes
                0x000005fa       0x30 d:/devkitpro/devkitarm/bin/../lib/gcc/arm-none-eabi/4.9.2/../../../../arm-none-eabi/lib\libg.a(lib_a-freer.o)
 .ARM.attributes
                0x0000062a       0x30 d:/devkitpro/devkitarm/bin/../lib/gcc/arm-none-eabi/4.9.2/../../../../arm-none-eabi/lib\libg.a(lib_a-impure.o)
 .ARM.attributes
                0x0000065a       0x30 d:/devkitpro/devkitarm/bin/../lib/gcc/arm-none-eabi/4.9.2/../../../../arm-none-eabi/lib\libsysbase.a(sbrk.o)
 .ARM.attributes
                0x0000068a       0x30 d:/devkitpro/devkitarm/bin/../lib/gcc/arm-none-eabi/4.9.2/../../../../arm-none-eabi/lib\libsysbase.a(malloc_vars.o)
 .ARM.attributes
                0x000006ba       0x30 d:/devkitpro/devkitarm/bin/../lib/gcc/arm-none-eabi/4.9.2/../../../../arm-none-eabi/lib\libsysbase.a(syscall_support.o)
 .ARM.attributes
                0x000006ea       0x30 d:/devkitpro/devkitarm/bin/../lib/gcc/arm-none-eabi/4.9.2/crtend.o
 .ARM.attributes
                0x0000071a       0x18 d:/devkitpro/devkitarm/bin/../lib/gcc/arm-none-eabi/4.9.2/crtn.o

.debug_ranges   0x00000000      0x778
 .debug_ranges  0x00000000       0xa0 graphic_tools.o
 .debug_ranges  0x000000a0       0x28 main.o
 .debug_ranges  0x000000c8       0x90 d:/devkitPro/libctru/lib\libctru.a(gfx.o)
 .debug_ranges  0x00000158       0x28 d:/devkitPro/libctru/lib\libctru.a(initSystem.o)
 .debug_ranges  0x00000180       0x80 d:/devkitPro/libctru/lib\libctru.a(apt.o)
 .debug_ranges  0x00000200       0x38 d:/devkitPro/libctru/lib\libctru.a(gsp.o)
 .debug_ranges  0x00000238       0x18 d:/devkitPro/libctru/lib\libctru.a(irrst.o)
 .debug_ranges  0x00000250       0x70 d:/devkitPro/libctru/lib\libctru.a(linear.o)
 .debug_ranges  0x000002c0       0x20 d:/devkitPro/libctru/lib\libctru.a(rbtree_find.o)
 .debug_ranges  0x000002e0       0xf8 d:/devkitPro/libctru/lib\libctru.a(rbtree_remove.o)
 .debug_ranges  0x000003d8       0x30 d:/devkitPro/libctru/lib\libctru.a(rbtree_iterator.o)
 .debug_ranges  0x00000408       0x30 d:/devkitPro/libctru/lib\libctru.a(rbtree_rotate.o)
 .debug_ranges  0x00000438      0x110 d:/devkitPro/libctru/lib\libctru.a(rbtree_insert.o)
 .debug_ranges  0x00000548      0x230 d:/devkitPro/libctru/lib\libctru.a(mem_pool.o)
